Component: Arm Compiler for Embedded 6.21 Tool: armlink [5ec1fa00]

==============================================================================

Section Cross References

    startup_stm32f103xb.o(STACK) refers (Special) to heapauxi.o(.text) for __use_two_region_memory
    startup_stm32f103xb.o(HEAP) refers (Special) to heapauxi.o(.text) for __use_two_region_memory
    startup_stm32f103xb.o(RESET) refers (Special) to heapauxi.o(.text) for __use_two_region_memory
    startup_stm32f103xb.o(RESET) refers to startup_stm32f103xb.o(STACK) for __initial_sp
    startup_stm32f103xb.o(RESET) refers to startup_stm32f103xb.o(.text) for Reset_Handler
    startup_stm32f103xb.o(RESET) refers to lto-llvm-ab2f81.o(.text.NMI_Handler) for NMI_Handler
    startup_stm32f103xb.o(RESET) refers to context_rvds.o(.text) for HardFault_Handler
    startup_stm32f103xb.o(RESET) refers to lto-llvm-ab2f81.o(.text.MemManage_Handler) for MemManage_Handler
    startup_stm32f103xb.o(RESET) refers to lto-llvm-ab2f81.o(.text.BusFault_Handler) for BusFault_Handler
    startup_stm32f103xb.o(RESET) refers to lto-llvm-ab2f81.o(.text.UsageFault_Handler) for UsageFault_Handler
    startup_stm32f103xb.o(RESET) refers to lto-llvm-ab2f81.o(.text.DebugMon_Handler) for DebugMon_Handler
    startup_stm32f103xb.o(RESET) refers to lto-llvm-ab2f81.o(.text.SysTick_Handler) for SysTick_Handler
    startup_stm32f103xb.o(RESET) refers to lto-llvm-ab2f81.o(.text.TIM4_IRQHandler) for TIM4_IRQHandler
    startup_stm32f103xb.o(.text) refers (Special) to heapauxi.o(.text) for __use_two_region_memory
    startup_stm32f103xb.o(.text) refers to lto-llvm-ab2f81.o(.text.SystemInit) for SystemInit
    startup_stm32f103xb.o(.text) refers to __main.o(!!!main) for __main
    startup_stm32f103xb.o(.text) refers to startup_stm32f103xb.o(HEAP) for Heap_Mem
    startup_stm32f103xb.o(.text) refers to startup_stm32f103xb.o(STACK) for Stack_Mem
    context_rvds.o(.text) refers to lto-llvm-ab2f81.o(.text.rt_hw_hard_fault_exception) for rt_hw_hard_fault_exception
    context_rvds.o(.text) refers to lto-llvm-ab2f81.o(.bss.rt_thread_switch_interrupt_flag) for rt_thread_switch_interrupt_flag
    context_rvds.o(.text) refers to lto-llvm-ab2f81.o(.bss.rt_interrupt_from_thread) for rt_interrupt_from_thread
    context_rvds.o(.text) refers to lto-llvm-ab2f81.o(.bss.rt_interrupt_to_thread) for rt_interrupt_to_thread
    rt_ctype_table.o(.text) refers to rt_locale_intlibspace.o(.text) for __rt_locale
    rt_ctype_table.o(.text) refers to lc_ctype_c.o(locale$$code) for _get_lc_ctype
    tolower.o(.text) refers to rt_ctype_table.o(.text) for __rt_ctype_table
    strncpy.o(.text) refers to rt_memclr.o(.text) for __aeabi_memclr
    __main.o(!!!main) refers to __rtentry.o(.ARM.Collect$$rtentry$$00000000) for __rt_entry
    __rtentry.o(.ARM.Collect$$rtentry$$00000000) refers (Special) to __rtentry2.o(.ARM.Collect$$rtentry$$0000000A) for __rt_entry_li
    __rtentry.o(.ARM.Collect$$rtentry$$00000000) refers (Special) to __rtentry2.o(.ARM.Collect$$rtentry$$0000000D) for __rt_entry_main
    __rtentry.o(.ARM.Collect$$rtentry$$00000000) refers (Special) to __rtentry2.o(.ARM.Collect$$rtentry$$0000000C) for __rt_entry_postli_1
    __rtentry.o(.ARM.Collect$$rtentry$$00000000) refers (Special) to __rtentry2.o(.ARM.Collect$$rtentry$$00000009) for __rt_entry_postsh_1
    __rtentry.o(.ARM.Collect$$rtentry$$00000000) refers (Special) to __rtentry2.o(.ARM.Collect$$rtentry$$00000002) for __rt_entry_presh_1
    __rtentry.o(.ARM.Collect$$rtentry$$00000000) refers (Special) to __rtentry4.o(.ARM.Collect$$rtentry$$00000004) for __rt_entry_sh
    rt_locale.o(.text) refers to rt_locale.o(.bss) for __rt_locale_data
    rt_locale_intlibspace.o(.text) refers to libspace.o(.bss) for __libspace_start
    lc_ctype_c.o(locale$$data) refers (Special) to libinit2.o(.ARM.Collect$$libinit$$00000014) for __rt_lib_init_lc_ctype_2
    lc_ctype_c.o(locale$$code) refers (Special) to libinit2.o(.ARM.Collect$$libinit$$00000014) for __rt_lib_init_lc_ctype_2
    lc_ctype_c.o(locale$$code) refers to strcmpv7m.o(.text) for strcmp
    lc_ctype_c.o(locale$$code) refers to lc_ctype_c.o(locale$$data) for __lcctype_c_name
    rt_memclr.o(.text) refers to rt_memclr_w.o(.text) for _memset_w
    libspace.o(.text) refers to libspace.o(.bss) for __libspace_start
    __rtentry2.o(.ARM.Collect$$rtentry$$00000008) refers to boardinit2.o(.text) for _platform_post_stackheap_init
    __rtentry2.o(.ARM.Collect$$rtentry$$0000000A) refers to libinit.o(.ARM.Collect$$libinit$$00000000) for __rt_lib_init
    __rtentry2.o(.ARM.Collect$$rtentry$$0000000B) refers to boardinit3.o(.text) for _platform_post_lib_init
    __rtentry2.o(.ARM.Collect$$rtentry$$0000000D) refers to lto-llvm-ab2f81.o(.text.$Sub$$main) for main
    __rtentry2.o(.ARM.Collect$$rtentry$$0000000D) refers to exit.o(.text) for exit
    __rtentry2.o(.ARM.exidx) refers to __rtentry2.o(.ARM.Collect$$rtentry$$00000001) for .ARM.Collect$$rtentry$$00000001
[...]
    I2C_Stop                                 0x08000df9   Thumb Code    24  lto-llvm-ab2f81.o(.text.I2C_Stop)
    [Anonymous Symbol]                       0x08000df8   Section        0  lto-llvm-ab2f81.o(.text.I2C_Stop)
    I2C_WaitAck                              0x08000e11   Thumb Code    32  lto-llvm-ab2f81.o(.text.I2C_WaitAck)
    [Anonymous Symbol]                       0x08000e10   Section        0  lto-llvm-ab2f81.o(.text.I2C_WaitAck)
    __arm_cp.19_0                            0x08000e30   Number         4  lto-llvm-ab2f81.o(.text.I2C_WaitAck)
    __arm_cp.19_1                            0x08000e34   Number         4  lto-llvm-ab2f81.o(.text.I2C_WaitAck)
    IIC_delay                                0x08000e39   Thumb Code    26  lto-llvm-ab2f81.o(.text.IIC_delay)
    [Anonymous Symbol]                       0x08000e38   Section        0  lto-llvm-ab2f81.o(.text.IIC_delay)
    [Anonymous Symbol]                       0x08000e52   Section        0  lto-llvm-ab2f81.o(.text.MemManage_Handler)
    [Anonymous Symbol]                       0x08000e54   Section        0  lto-llvm-ab2f81.o(.text.NMI_Handler)
    OLED_Clear                               0x08000e59   Thumb Code    36  lto-llvm-ab2f81.o(.text.OLED_Clear)
    [Anonymous Symbol]                       0x08000e58   Section        0  lto-llvm-ab2f81.o(.text.OLED_Clear)
    OLED_DrawPoint                           0x08000e7d   Thumb Code    36  lto-llvm-ab2f81.o(.text.OLED_DrawPoint)
    [Anonymous Symbol]                       0x08000e7c   Section        0  lto-llvm-ab2f81.o(.text.OLED_DrawPoint)
    OLED_Refresh                             0x08000ea1   Thumb Code    88  lto-llvm-ab2f81.o(.text.OLED_Refresh)
    [Anonymous Symbol]                       0x08000ea0   Section        0  lto-llvm-ab2f81.o(.text.OLED_Refresh)
    __arm_cp.22_1                            0x08000ef8   Number         4  lto-llvm-ab2f81.o(.text.OLED_Refresh)
    OLED_ScrollDisplay                       0x08000efd   Thumb Code   124  lto-llvm-ab2f81.o(.text.OLED_ScrollDisplay)
    [Anonymous Symbol]                       0x08000efc   Section        0  lto-llvm-ab2f81.o(.text.OLED_ScrollDisplay)
    __arm_cp.29_0                            0x08000f78   Number         4  lto-llvm-ab2f81.o(.text.OLED_ScrollDisplay)
    OLED_ShowChar                            0x08000f7d   Thumb Code   212  lto-llvm-ab2f81.o(.text.OLED_ShowChar)
    [Anonymous Symbol]                       0x08000f7c   Section        0  lto-llvm-ab2f81.o(.text.OLED_ShowChar)
    __arm_cp.25_0                            0x08001050   Number         4  lto-llvm-ab2f81.o(.text.OLED_ShowChar)
    __arm_cp.25_1                            0x08001054   Number         4  lto-llvm-ab2f81.o(.text.OLED_ShowChar)
    __arm_cp.25_2                            0x08001058   Number         4  lto-llvm-ab2f81.o(.text.OLED_ShowChar)
    __arm_cp.25_3                            0x0800105c   Number         4  lto-llvm-ab2f81.o(.text.OLED_ShowChar)
    OLED_ShowChinese                         0x08001061   Thumb Code   168  lto-llvm-ab2f81.o(.text.OLED_ShowChinese)
    [Anonymous Symbol]                       0x08001060   Section        0  lto-llvm-ab2f81.o(.text.OLED_ShowChinese)
    __arm_cp.28_0                            0x08001108   Number         4  lto-llvm-ab2f81.o(.text.OLED_ShowChinese)
    __arm_cp.28_1                            0x0800110c   Number         4  lto-llvm-ab2f81.o(.text.OLED_ShowChinese)
    __arm_cp.28_2                            0x08001110   Number         4  lto-llvm-ab2f81.o(.text.OLED_ShowChinese)
    __arm_cp.28_3                            0x08001114   Number         4  lto-llvm-ab2f81.o(.text.OLED_ShowChinese)
    OLED_ShowNum                             0x08001119   Thumb Code    76  lto-llvm-ab2f81.o(.text.OLED_ShowNum)
    [Anonymous Symbol]                       0x08001118   Section        0  lto-llvm-ab2f81.o(.text.OLED_ShowNum)
    OLED_ShowPicture                         0x08001165   Thumb Code   120  lto-llvm-ab2f81.o(.text.OLED_ShowPicture)
    [Anonymous Symbol]                       0x08001164   Section        0  lto-llvm-ab2f81.o(.text.OLED_ShowPicture)
    __arm_cp.30_0                            0x080011dc   Number         4  lto-llvm-ab2f81.o(.text.OLED_ShowPicture)
    OLED_ShowString                          0x080011e1   Thumb Code    52  lto-llvm-ab2f81.o(.text.OLED_ShowString)
    [Anonymous Symbol]                       0x080011e0   Section        0  lto-llvm-ab2f81.o(.text.OLED_ShowString)
    OLED_WR_Byte                             0x08001215   Thumb Code    40  lto-llvm-ab2f81.o(.text.OLED_WR_Byte)
    [Anonymous Symbol]                       0x08001214   Section        0  lto-llvm-ab2f81.o(.text.OLED_WR_Byte)
    __arm_cp.16_0                            0x0800123c   Number         4  lto-llvm-ab2f81.o(.text.OLED_WR_Byte)
    __arm_cp.16_1                            0x08001240   Number         4  lto-llvm-ab2f81.o(.text.OLED_WR_Byte)
    OUTLINED_FUNCTION_0                      0x08001245   Thumb Code    20  lto-llvm-ab2f81.o(.text.OUTLINED_FUNCTION_0)
    [Anonymous Symbol]                       0x08001244   Section        0  lto-llvm-ab2f81.o(.text.OUTLINED_FUNCTION_0)
    OUTLINED_FUNCTION_1                      0x08001259   Thumb Code     6  lto-llvm-ab2f81.o(.text.OUTLINED_FUNCTION_1)
    [Anonymous Symbol]                       0x08001258   Section        0  lto-llvm-ab2f81.o(.text.OUTLINED_FUNCTION_1)
    OUTLINED_FUNCTION_2                      0x0800125f   Thumb Code     8  lto-llvm-ab2f81.o(.text.OUTLINED_FUNCTION_2)
    [Anonymous Symbol]                       0x0800125e   Section        0  lto-llvm-ab2f81.o(.text.OUTLINED_FUNCTION_2)
    OUTLINED_FUNCTION_3                      0x08001267   Thumb Code     6  lto-llvm-ab2f81.o(.text.OUTLINED_FUNCTION_3)
    [Anonymous Symbol]                       0x08001266   Section        0  lto-llvm-ab2f81.o(.text.OUTLINED_FUNCTION_3)
    OUTLINED_FUNCTION_4                      0x0800126d   Thumb Code    10  lto-llvm-ab2f81.o(.text.OUTLINED_FUNCTION_4)
    [Anonymous Symbol]                       0x0800126c   Section        0  lto-llvm-ab2f81.o(.text.OUTLINED_FUNCTION_4)
    OUTLINED_FUNCTION_5                      0x08001277   Thumb Code    10  lto-llvm-ab2f81.o(.text.OUTLINED_FUNCTION_5)
    [Anonymous Symbol]                       0x08001276   Section        0  lto-llvm-ab2f81.o(.text.OUTLINED_FUNCTION_5)
    OUTLINED_FUNCTION_6                      0x08001281   Thumb Code     6  lto-llvm-ab2f81.o(.text.OUTLINED_FUNCTION_6)
    [Anonymous Symbol]                       0x08001280   Section        0  lto-llvm-ab2f81.o(.text.OUTLINED_FUNCTION_6)
    OUTLINED_FUNCTION_7                      0x08001287   Thumb Code    10  lto-llvm-ab2f81.o(.text.OUTLINED_FUNCTION_7)
    [Anonymous Symbol]                       0x08001286   Section        0  lto-llvm-ab2f81.o(.text.OUTLINED_FUNCTION_7)
    Send_Byte                                0x08001291   Thumb Code    60  lto-llvm-ab2f81.o(.text.Send_Byte)
    [Anonymous Symbol]                       0x08001290   Section        0  lto-llvm-ab2f81.o(.text.Send_Byte)
    __arm_cp.18_0                            0x080012cc   Number         4  lto-llvm-ab2f81.o(.text.Send_Byte)
    [Anonymous Symbol]                       0x080012d0   Section        0  lto-llvm-ab2f81.o(.text.SysTick_Handler)
    __arm_cp.49_1                            0x080013b4   Number         4  lto-llvm-ab2f81.o(.text.SysTick_Handler)
    [Anonymous Symbol]                       0x080013b8   Section        0  lto-llvm-ab2f81.o(.text.SystemInit)
    [Anonymous Symbol]                       0x080013bc   Section        0  lto-llvm-ab2f81.o(.text.TIM4_IRQHandler)
    __arm_cp.8_0                             0x08001460   Number         4  lto-llvm-ab2f81.o(.text.TIM4_IRQHandler)
    __arm_cp.8_1                             0x08001464   Number         4  lto-llvm-ab2f81.o(.text.TIM4_IRQHandler)
    UART_WaitOnFlagUntilTimeout              0x08001469   Thumb Code   156  lto-llvm-ab2f81.o(.text.UART_WaitOnFlagUntilTimeout)
    [Anonymous Symbol]                       0x08001468   Section        0  lto-llvm-ab2f81.o(.text.UART_WaitOnFlagUntilTimeout)
    __arm_cp.14_0                            0x08001504   Number         4  lto-llvm-ab2f81.o(.text.UART_WaitOnFlagUntilTimeout)
    [Anonymous Symbol]                       0x08001508   Section        0  lto-llvm-ab2f81.o(.text.UsageFault_Handler)
    _scheduler_get_highest_priority_thread   0x0800150d   Thumb Code    68  lto-llvm-ab2f81.o(.text._scheduler_get_highest_priority_thread)
    [Anonymous Symbol]                       0x0800150c   Section        0  lto-llvm-ab2f81.o(.text._scheduler_get_highest_priority_thread)
    __arm_cp.72_1                            0x08001550   Number         4  lto-llvm-ab2f81.o(.text._scheduler_get_highest_priority_thread)
    __arm_cp.72_2                            0x08001554   Number         4  lto-llvm-ab2f81.o(.text._scheduler_get_highest_priority_thread)
    _thread_exit                             0x08001559   Thumb Code   100  lto-llvm-ab2f81.o(.text._thread_exit)
    [Anonymous Symbol]                       0x08001558   Section        0  lto-llvm-ab2f81.o(.text._thread_exit)
    __arm_cp.79_0                            0x080015bc   Number         4  lto-llvm-ab2f81.o(.text._thread_exit)
    __arm_cp.79_1                            0x080015c0   Number         4  lto-llvm-ab2f81.o(.text._thread_exit)
    _thread_init                             0x080015c5   Thumb Code   152  lto-llvm-ab2f81.o(.text._thread_init)
    [Anonymous Symbol]                       0x080015c4   Section        0  lto-llvm-ab2f81.o(.text._thread_init)
    __arm_cp.78_0                            0x0800165c   Number         4  lto-llvm-ab2f81.o(.text._thread_init)
    __arm_cp.78_1                            0x08001660   Number         4  lto-llvm-ab2f81.o(.text._thread_init)
    __arm_cp.78_2                            0x08001664   Number         4  lto-llvm-ab2f81.o(.text._thread_init)
    _thread_timeout                          0x08001669   Thumb Code    40  lto-llvm-ab2f81.o(.text._thread_timeout)
    [Anonymous Symbol]                       0x08001668   Section        0  lto-llvm-ab2f81.o(.text._thread_timeout)
    clear                                    0x08001691   Thumb Code    12  lto-llvm-ab2f81.o(.text.clear)
    [Anonymous Symbol]                       0x08001690   Section        0  lto-llvm-ab2f81.o(.text.clear)
    cmd_free                                 0x080016a5   Thumb Code    52  lto-llvm-ab2f81.o(.text.cmd_free)
    [Anonymous Symbol]                       0x080016a4   Section        0  lto-llvm-ab2f81.o(.text.cmd_free)
    __arm_cp.43_0                            0x080016d8   Number         4  lto-llvm-ab2f81.o(.text.cmd_free)
    __arm_cp.43_2                            0x080016ec   Number         4  lto-llvm-ab2f81.o(.text.cmd_free)
    cmd_list                                 0x08001721   Thumb Code    96  lto-llvm-ab2f81.o(.text.cmd_list)
    [Anonymous Symbol]                       0x08001720   Section        0  lto-llvm-ab2f81.o(.text.cmd_list)
    __arm_cp.40_0                            0x08001780   Number         4  lto-llvm-ab2f81.o(.text.cmd_list)
    __arm_cp.40_1                            0x08001784   Number         4  lto-llvm-ab2f81.o(.text.cmd_list)
    __arm_cp.40_3                            0x0800178c   Number         4  lto-llvm-ab2f81.o(.text.cmd_list)
    __arm_cp.40_4                            0x08001790   Number         4  lto-llvm-ab2f81.o(.text.cmd_list)
    __arm_cp.40_5                            0x08001794   Number         4  lto-llvm-ab2f81.o(.text.cmd_list)
    cmd_ps                                   0x0800181d   Thumb Code    10  lto-llvm-ab2f81.o(.text.cmd_ps)
    [Anonymous Symbol]                       0x0800181c   Section        0  lto-llvm-ab2f81.o(.text.cmd_ps)
    finsh_get_prompt                         0x08001829   Thumb Code    44  lto-llvm-ab2f81.o(.text.finsh_get_prompt)
    [Anonymous Symbol]                       0x08001828   Section        0  lto-llvm-ab2f81.o(.text.finsh_get_prompt)
    __arm_cp.46_0                            0x08001854   Number         4  lto-llvm-ab2f81.o(.text.finsh_get_prompt)
    __arm_cp.46_1                            0x08001858   Number         4  lto-llvm-ab2f81.o(.text.finsh_get_prompt)
    __arm_cp.46_2                            0x0800185c   Number         4  lto-llvm-ab2f81.o(.text.finsh_get_prompt)
    finsh_system_init                        0x08001861   Thumb Code   120  lto-llvm-ab2f81.o(.text.finsh_system_init)
    [Anonymous Symbol]                       0x08001860   Section        0  lto-llvm-ab2f81.o(.text.finsh_system_init)
    __arm_cp.44_0                            0x080018d8   Number         4  lto-llvm-ab2f81.o(.text.finsh_system_init)
    __arm_cp.44_1                            0x080018dc   Number         4  lto-llvm-ab2f81.o(.text.finsh_system_init)
    __arm_cp.44_2                            0x080018e0   Number         4  lto-llvm-ab2f81.o(.text.finsh_system_init)
    __arm_cp.44_4                            0x080018ec   Number         4  lto-llvm-ab2f81.o(.text.finsh_system_init)
    finsh_thread_entry                       0x08001911   Thumb Code  1336  lto-llvm-ab2f81.o(.text.finsh_thread_entry)
    [Anonymous Symbol]                       0x08001910   Section        0  lto-llvm-ab2f81.o(.text.finsh_thread_entry)
    __arm_cp.45_0                            0x08001e48   Number         4  lto-llvm-ab2f81.o(.text.finsh_thread_entry)
    __arm_cp.45_1                            0x08001e4c   Number         4  lto-llvm-ab2f81.o(.text.finsh_thread_entry)
    __arm_cp.45_2                            0x08001e50   Number         4  lto-llvm-ab2f81.o(.text.finsh_thread_entry)
    __arm_cp.45_3                            0x08001e54   Number         4  lto-llvm-ab2f81.o(.text.finsh_thread_entry)
    __arm_cp.45_4                            0x08001e58   Number         4  lto-llvm-ab2f81.o(.text.finsh_thread_entry)
    __arm_cp.45_5                            0x08001e5c   Number         4  lto-llvm-ab2f81.o(.text.finsh_thread_entry)
    led_thread_entry                         0x08001eb9   Thumb Code    28  lto-llvm-ab2f81.o(.text.led_thread_entry)
    [Anonymous Symbol]                       0x08001eb8   Section        0  lto-llvm-ab2f81.o(.text.led_thread_entry)
    __arm_cp.1_0                             0x08001ed4   Number         4  lto-llvm-ab2f81.o(.text.led_thread_entry)
    list_get_next                            0x08001ed9   Thumb Code    92  lto-llvm-ab2f81.o(.text.list_get_next)
    [Anonymous Symbol]                       0x08001ed8   Section        0  lto-llvm-ab2f81.o(.text.list_get_next)
    list_mempool                             0x08001f35   Thumb Code   204  lto-llvm-ab2f81.o(.text.list_mempool)
    [Anonymous Symbol]                       0x08001f34   Section        0  lto-llvm-ab2f81.o(.text.list_mempool)
    __arm_cp.38_1                            0x08002028   Number         4  lto-llvm-ab2f81.o(.text.list_mempool)
    __arm_cp.38_4                            0x0800206c   Number         4  lto-llvm-ab2f81.o(.text.list_mempool)
    list_sem                                 0x0800208d   Thumb Code   188  lto-llvm-ab2f81.o(.text.list_sem)
    [Anonymous Symbol]                       0x0800208c   Section        0  lto-llvm-ab2f81.o(.text.list_sem)
    __arm_cp.36_4                            0x08002198   Number         4  lto-llvm-ab2f81.o(.text.list_sem)
    list_thread                              0x080021ad   Thumb Code   356  lto-llvm-ab2f81.o(.text.list_thread)
    [Anonymous Symbol]                       0x080021ac   Section        0  lto-llvm-ab2f81.o(.text.list_thread)
    __arm_cp.33_0                            0x08002310   Number         4  lto-llvm-ab2f81.o(.text.list_thread)
    __arm_cp.33_1                            0x08002314   Number         4  lto-llvm-ab2f81.o(.text.list_thread)
    __arm_cp.33_5                            0x08002378   Number         4  lto-llvm-ab2f81.o(.text.list_thread)
    __arm_cp.33_6                            0x0800237c   Number         4  lto-llvm-ab2f81.o(.text.list_thread)
    list_timer                               0x080023a9   Thumb Code   200  lto-llvm-ab2f81.o(.text.list_timer)
    [Anonymous Symbol]                       0x080023a8   Section        0  lto-llvm-ab2f81.o(.text.list_timer)
    __arm_cp.39_1                            0x080024a4   Number         4  lto-llvm-ab2f81.o(.text.list_timer)
    __arm_cp.39_3                            0x080024d8   Number         4  lto-llvm-ab2f81.o(.text.list_timer)
    __arm_cp.39_5                            0x080024f4   Number         4  lto-llvm-ab2f81.o(.text.list_timer)
    __arm_cp.39_6                            0x080024f8   Number         4  lto-llvm-ab2f81.o(.text.list_timer)
    __arm_cp.39_8                            0x0800250c   Number         4  lto-llvm-ab2f81.o(.text.list_timer)
    __arm_cp.39_9                            0x08002510   Number         4  lto-llvm-ab2f81.o(.text.list_timer)
    [Anonymous Symbol]                       0x08002514   Section        0  lto-llvm-ab2f81.o(.text.main)
    __arm_cp.0_0                             0x08002678   Number         4  lto-llvm-ab2f81.o(.text.main)
    __arm_cp.0_1                             0x0800267c   Number         4  lto-llvm-ab2f81.o(.text.main)
    __arm_cp.0_2                             0x08002680   Number         4  lto-llvm-ab2f81.o(.text.main)
    __arm_cp.0_5                             0x08002698   Number         4  lto-llvm-ab2f81.o(.text.main)
    __arm_cp.0_6                             0x0800269c   Number         4  lto-llvm-ab2f81.o(.text.main)
    __arm_cp.0_8                             0x080026a8   Number         4  lto-llvm-ab2f81.o(.text.main)
    main_thread_entry                        0x080026ad   Thumb Code    24  lto-llvm-ab2f81.o(.text.main_thread_entry)
    [Anonymous Symbol]                       0x080026ac   Section        0  lto-llvm-ab2f81.o(.text.main_thread_entry)
    __arm_cp.55_0                            0x080026c4   Number         4  lto-llvm-ab2f81.o(.text.main_thread_entry)
    __arm_cp.55_1                            0x080026c8   Number         4  lto-llvm-ab2f81.o(.text.main_thread_entry)
    msh_help                                 0x080026cd   Thumb Code    44  lto-llvm-ab2f81.o(.text.msh_help)
    [Anonymous Symbol]                       0x080026cc   Section        0  lto-llvm-ab2f81.o(.text.msh_help)
    __arm_cp.41_1                            0x08002714   Number         4  lto-llvm-ab2f81.o(.text.msh_help)
    __arm_cp.41_2                            0x08002718   Number         4  lto-llvm-ab2f81.o(.text.msh_help)
    object_split                             0x08002729   Thumb Code    24  lto-llvm-ab2f81.o(.text.object_split)
    [Anonymous Symbol]                       0x08002728   Section        0  lto-llvm-ab2f81.o(.text.object_split)
    oled_thread_entry                        0x08002745   Thumb Code   268  lto-llvm-ab2f81.o(.text.oled_thread_entry)
    [Anonymous Symbol]                       0x08002744   Section        0  lto-llvm-ab2f81.o(.text.oled_thread_entry)
    __arm_cp.2_0                             0x08002850   Number         4  lto-llvm-ab2f81.o(.text.oled_thread_entry)
    __arm_cp.2_1                             0x08002854   Number         4  lto-llvm-ab2f81.o(.text.oled_thread_entry)
    __arm_cp.2_2                             0x08002858   Number         4  lto-llvm-ab2f81.o(.text.oled_thread_entry)
    __arm_cp.2_3                             0x0800285c   Number         4  lto-llvm-ab2f81.o(.text.oled_thread_entry)
    __arm_cp.2_5                             0x08002870   Number         4  lto-llvm-ab2f81.o(.text.oled_thread_entry)
    __arm_cp.2_9                             0x08002890   Number         4  lto-llvm-ab2f81.o(.text.oled_thread_entry)
    __arm_cp.2_10                            0x08002894   Number         4  lto-llvm-ab2f81.o(.text.oled_thread_entry)
    print_number                             0x08002899   Thumb Code   372  lto-llvm-ab2f81.o(.text.print_number)
    [Anonymous Symbol]                       0x08002898   Section        0  lto-llvm-ab2f81.o(.text.print_number)
    print_number.small_digits                0x08002a0c   Number         0  lto-llvm-ab2f81.o(.text.print_number)
    print_number.large_digits                0x08002a20   Number         0  lto-llvm-ab2f81.o(.text.print_number)
    reboot                                   0x08002a35   Thumb Code     8  lto-llvm-ab2f81.o(.text.reboot)
    [Anonymous Symbol]                       0x08002a34   Section        0  lto-llvm-ab2f81.o(.text.reboot)
    __arm_cp.48_0                            0x08002a3c   Number         4  lto-llvm-ab2f81.o(.text.reboot)
    __arm_cp.48_1                            0x08002a40   Number         4  lto-llvm-ab2f81.o(.text.reboot)
    rt_enter_critical                        0x08002a45   Thumb Code    24  lto-llvm-ab2f81.o(.text.rt_enter_critical)
    [Anonymous Symbol]                       0x08002a44   Section        0  lto-llvm-ab2f81.o(.text.rt_enter_critical)
    rt_exit_critical                         0x08002a5d   Thumb Code    52  lto-llvm-ab2f81.o(.text.rt_exit_critical)
    [Anonymous Symbol]                       0x08002a5c   Section        0  lto-llvm-ab2f81.o(.text.rt_exit_critical)
    rt_free                                  0x08002a91   Thumb Code   140  lto-llvm-ab2f81.o(.text.rt_free)
    [Anonymous Symbol]                       0x08002a90   Section        0  lto-llvm-ab2f81.o(.text.rt_free)
    [Anonymous Symbol]                       0x08002b1c   Section        0  lto-llvm-ab2f81.o(.text.rt_hw_hard_fault_exception)
    __arm_cp.47_0                            0x08002ce8   Number         4  lto-llvm-ab2f81.o(.text.rt_hw_hard_fault_exception)
    __arm_cp.47_1                            0x08002cec   Number         4  lto-llvm-ab2f81.o(.text.rt_hw_hard_fault_exception)
    __arm_cp.47_2                            0x08002cf0   Number         4  lto-llvm-ab2f81.o(.text.rt_hw_hard_fault_exception)
    __arm_cp.47_3                            0x08002cf4   Number         4  lto-llvm-ab2f81.o(.text.rt_hw_hard_fault_exception)
    __arm_cp.47_4                            0x08002cf8   Number         4  lto-llvm-ab2f81.o(.text.rt_hw_hard_fault_exception)
    __arm_cp.47_5                            0x08002cfc   Number         4  lto-llvm-ab2f81.o(.text.rt_hw_hard_fault_exception)
    __arm_cp.47_6                            0x08002d00   Number         4  lto-llvm-ab2f81.o(.text.rt_hw_hard_fault_exception)
    __arm_cp.47_17                           0x08002da4   Number         4  lto-llvm-ab2f81.o(.text.rt_hw_hard_fault_exception)
    __arm_cp.47_18                           0x08002da8   Number         4  lto-llvm-ab2f81.o(.text.rt_hw_hard_fault_exception)
    __arm_cp.47_19                           0x08002dac   Number         4  lto-llvm-ab2f81.o(.text.rt_hw_hard_fault_exception)
    __arm_cp.47_20                           0x08002db0   Number         4  lto-llvm-ab2f81.o(.text.rt_hw_hard_fault_exception)
    __arm_cp.47_21                           0x08002db4   Number         4  lto-llvm-ab2f81.o(.text.rt_hw_hard_fault_exception)
    __arm_cp.47_22                           0x08002db8   Number         4  lto-llvm-ab2f81.o(.text.rt_hw_hard_fault_exception)
    __arm_cp.47_23                           0x08002dbc   Number         4  lto-llvm-ab2f81.o(.text.rt_hw_hard_fault_exception)
    __arm_cp.47_24                           0x08002dc0   Number         4  lto-llvm-ab2f81.o(.text.rt_hw_hard_fault_exception)
    __arm_cp.47_25                           0x08002dc4   Number         4  lto-llvm-ab2f81.o(.text.rt_hw_hard_fault_exception)
    __arm_cp.47_26                           0x08002dc8   Number         4  lto-llvm-ab2f81.o(.text.rt_hw_hard_fault_exception)
    __arm_cp.47_27                           0x08002dcc   Number         4  lto-llvm-ab2f81.o(.text.rt_hw_hard_fault_exception)
    __arm_cp.47_29                           0x08002dd8   Number         4  lto-llvm-ab2f81.o(.text.rt_hw_hard_fault_exception)
    __arm_cp.47_30                           0x08002ddc   Number         4  lto-llvm-ab2f81.o(.text.rt_hw_hard_fault_exception)
    __arm_cp.47_31                           0x08002de0   Number         4  lto-llvm-ab2f81.o(.text.rt_hw_hard_fault_exception)
    __arm_cp.47_32                           0x08002de4   Number         4  lto-llvm-ab2f81.o(.text.rt_hw_hard_fault_exception)
    __arm_cp.47_33                           0x08002de8   Number         4  lto-llvm-ab2f81.o(.text.rt_hw_hard_fault_exception)
    __arm_cp.47_34                           0x08002dec   Number         4  lto-llvm-ab2f81.o(.text.rt_hw_hard_fault_exception)
    __arm_cp.47_35                           0x08002df0   Number         4  lto-llvm-ab2f81.o(.text.rt_hw_hard_fault_exception)
    __arm_cp.47_36                           0x08002df4   Number         4  lto-llvm-ab2f81.o(.text.rt_hw_hard_fault_exception)
    __arm_cp.47_37                           0x08002df8   Number         4  lto-llvm-ab2f81.o(.text.rt_hw_hard_fault_exception)
    __arm_cp.47_38                           0x08002dfc   Number         4  lto-llvm-ab2f81.o(.text.rt_hw_hard_fault_exception)
    __arm_cp.47_39                           0x08002e00   Number         4  lto-llvm-ab2f81.o(.text.rt_hw_hard_fault_exception)
    __arm_cp.47_40                           0x08002e04   Number         4  lto-llvm-ab2f81.o(.text.rt_hw_hard_fault_exception)
    __arm_cp.47_41                           0x08002e08   Number         4  lto-llvm-ab2f81.o(.text.rt_hw_hard_fault_exception)
    __arm_cp.47_42                           0x08002e0c   Number         4  lto-llvm-ab2f81.o(.text.rt_hw_hard_fault_exception)
    __arm_cp.47_43                           0x08002e10   Number         4  lto-llvm-ab2f81.o(.text.rt_hw_hard_fault_exception)
    __arm_cp.47_44                           0x08002e14   Number         4  lto-llvm-ab2f81.o(.text.rt_hw_hard_fault_exception)
    __arm_cp.47_45                           0x08002e18   Number         4  lto-llvm-ab2f81.o(.text.rt_hw_hard_fault_exception)
    __arm_cp.47_46                           0x08002e1c   Number         4  lto-llvm-ab2f81.o(.text.rt_hw_hard_fault_exception)
    rt_kprintf                               0x08002e21   Thumb Code    88  lto-llvm-ab2f81.o(.text.rt_kprintf)
    [Anonymous Symbol]                       0x08002e20   Section        0  lto-llvm-ab2f81.o(.text.rt_kprintf)
    __arm_cp.62_0                            0x08002e78   Number         4  lto-llvm-ab2f81.o(.text.rt_kprintf)
    __arm_cp.62_1                            0x08002e7c   Number         4  lto-llvm-ab2f81.o(.text.rt_kprintf)
    rt_malloc                                0x08002e81   Thumb Code   212  lto-llvm-ab2f81.o(.text.rt_malloc)
    [Anonymous Symbol]                       0x08002e80   Section        0  lto-llvm-ab2f81.o(.text.rt_malloc)
    rt_memmove                               0x08002f55   Thumb Code    44  lto-llvm-ab2f81.o(.text.rt_memmove)
    [Anonymous Symbol]                       0x08002f54   Section        0  lto-llvm-ab2f81.o(.text.rt_memmove)
    rt_memset                                0x08002f81   Thumb Code    66  lto-llvm-ab2f81.o(.text.rt_memset)
    [Anonymous Symbol]                       0x08002f80   Section        0  lto-llvm-ab2f81.o(.text.rt_memset)
    rt_object_delete                         0x08002fc3   Thumb Code    38  lto-llvm-ab2f81.o(.text.rt_object_delete)
    [Anonymous Symbol]                       0x08002fc2   Section        0  lto-llvm-ab2f81.o(.text.rt_object_delete)
    rt_object_detach                         0x08002fe9   Thumb Code    30  lto-llvm-ab2f81.o(.text.rt_object_detach)
    [Anonymous Symbol]                       0x08002fe8   Section        0  lto-llvm-ab2f81.o(.text.rt_object_detach)
    rt_object_get_information                0x08003009   Thumb Code    36  lto-llvm-ab2f81.o(.text.rt_object_get_information)
    [Anonymous Symbol]                       0x08003008   Section        0  lto-llvm-ab2f81.o(.text.rt_object_get_information)
    __arm_cp.68_0                            0x0800302c   Number         4  lto-llvm-ab2f81.o(.text.rt_object_get_information)
    rt_object_init                           0x08003031   Thumb Code    74  lto-llvm-ab2f81.o(.text.rt_object_init)
    [Anonymous Symbol]                       0x08003030   Section        0  lto-llvm-ab2f81.o(.text.rt_object_init)
    rt_schedule                              0x0800307d   Thumb Code   176  lto-llvm-ab2f81.o(.text.rt_schedule)
    [Anonymous Symbol]                       0x0800307c   Section        0  lto-llvm-ab2f81.o(.text.rt_schedule)
    rt_schedule_insert_thread                0x0800312d   Thumb Code   100  lto-llvm-ab2f81.o(.text.rt_schedule_insert_thread)
    [Anonymous Symbol]                       0x0800312c   Section        0  lto-llvm-ab2f81.o(.text.rt_schedule_insert_thread)
    rt_schedule_remove_thread                0x08003191   Thumb Code    64  lto-llvm-ab2f81.o(.text.rt_schedule_remove_thread)
    [Anonymous Symbol]                       0x08003190   Section        0  lto-llvm-ab2f81.o(.text.rt_schedule_remove_thread)
    __arm_cp.73_0                            0x080031d0   Number         4  lto-llvm-ab2f81.o(.text.rt_schedule_remove_thread)
    __arm_cp.73_1                            0x080031d4   Number         4  lto-llvm-ab2f81.o(.text.rt_schedule_remove_thread)
    rt_show_version                          0x080031d9   Thumb Code    40  lto-llvm-ab2f81.o(.text.rt_show_version)
    [Anonymous Symbol]                       0x080031d8   Section        0  lto-llvm-ab2f81.o(.text.rt_show_version)
    __arm_cp.61_0                            0x08003200   Number         4  lto-llvm-ab2f81.o(.text.rt_show_version)
    __arm_cp.61_1                            0x08003204   Number         4  lto-llvm-ab2f81.o(.text.rt_show_version)
    rt_sprintf                               0x08003295   Thumb Code    32  lto-llvm-ab2f81.o(.text.rt_sprintf)
    [Anonymous Symbol]                       0x08003294   Section        0  lto-llvm-ab2f81.o(.text.rt_sprintf)
    rt_strncpy                               0x080032bd   Thumb Code    46  lto-llvm-ab2f81.o(.text.rt_strncpy)
    [Anonymous Symbol]                       0x080032bc   Section        0  lto-llvm-ab2f81.o(.text.rt_strncpy)
    rt_thread_create                         0x080032eb   Thumb Code   120  lto-llvm-ab2f81.o(.text.rt_thread_create)
    [Anonymous Symbol]                       0x080032ea   Section        0  lto-llvm-ab2f81.o(.text.rt_thread_create)
    rt_thread_idle_entry                     0x08003365   Thumb Code    96  lto-llvm-ab2f81.o(.text.rt_thread_idle_entry)
    [Anonymous Symbol]                       0x08003364   Section        0  lto-llvm-ab2f81.o(.text.rt_thread_idle_entry)
    __arm_cp.56_0                            0x080033c4   Number         4  lto-llvm-ab2f81.o(.text.rt_thread_idle_entry)
    rt_thread_mdelay                         0x080033c9   Thumb Code   116  lto-llvm-ab2f81.o(.text.rt_thread_mdelay)
    [Anonymous Symbol]                       0x080033c8   Section        0  lto-llvm-ab2f81.o(.text.rt_thread_mdelay)
    __arm_cp.83_0                            0x0800343c   Number         4  lto-llvm-ab2f81.o(.text.rt_thread_mdelay)
    rt_thread_startup                        0x08003441   Thumb Code    68  lto-llvm-ab2f81.o(.text.rt_thread_startup)
    [Anonymous Symbol]                       0x08003440   Section        0  lto-llvm-ab2f81.o(.text.rt_thread_startup)
    rt_timer_start                           0x08003485   Thumb Code   132  lto-llvm-ab2f81.o(.text.rt_timer_start)
    [Anonymous Symbol]                       0x08003484   Section        0  lto-llvm-ab2f81.o(.text.rt_timer_start)
    __arm_cp.84_0                            0x08003508   Number         4  lto-llvm-ab2f81.o(.text.rt_timer_start)
    rt_timer_stop                            0x0800350d   Thumb Code    52  lto-llvm-ab2f81.o(.text.rt_timer_stop)
    [Anonymous Symbol]                       0x0800350c   Section        0  lto-llvm-ab2f81.o(.text.rt_timer_stop)
    rt_vsnprintf                             0x08003541   Thumb Code   664  lto-llvm-ab2f81.o(.text.rt_vsnprintf)
    [Anonymous Symbol]                       0x08003540   Section        0  lto-llvm-ab2f81.o(.text.rt_vsnprintf)
    rti_board_end                            0x080037e1   Thumb Code     4  lto-llvm-ab2f81.o(.text.rti_board_end)
    [Anonymous Symbol]                       0x080037e0   Section        0  lto-llvm-ab2f81.o(.text.rti_board_end)
    rti_board_start                          0x080037e5   Thumb Code     4  lto-llvm-ab2f81.o(.text.rti_board_start)
    [Anonymous Symbol]                       0x080037e4   Section        0  lto-llvm-ab2f81.o(.text.rti_board_start)
    rti_end                                  0x080037e9   Thumb Code     4  lto-llvm-ab2f81.o(.text.rti_end)
    [Anonymous Symbol]                       0x080037e8   Section        0  lto-llvm-ab2f81.o(.text.rti_end)
    rti_start                                0x080037ed   Thumb Code     4  lto-llvm-ab2f81.o(.text.rti_start)
    [Anonymous Symbol]                       0x080037ec   Section        0  lto-llvm-ab2f81.o(.text.rti_start)
    show_wait_queue                          0x080037f1   Thumb Code    44  lto-llvm-ab2f81.o(.text.show_wait_queue)
    [Anonymous Symbol]                       0x080037f0   Section        0  lto-llvm-ab2f81.o(.text.show_wait_queue)
    skip_atoi                                0x08003829   Thumb Code    36  lto-llvm-ab2f81.o(.text.skip_atoi)
    [Anonymous Symbol]                       0x08003828   Section        0  lto-llvm-ab2f81.o(.text.skip_atoi)
    version                                  0x0800384d   Thumb Code    10  lto-llvm-ab2f81.o(.text.version)
    [Anonymous Symbol]                       0x0800384c   Section        0  lto-llvm-ab2f81.o(.text.version)
    BMP1                                     0x08003856   Data        1024  lto-llvm-ab2f81.o(.rodata.BMP1)
    [Anonymous Symbol]                       0x08003856   Section        0  lto-llvm-ab2f81.o(.rodata.BMP1)
    Hzk1                                     0x08003c56   Data         352  lto-llvm-ab2f81.o(.rodata.Hzk1)
    [Anonymous Symbol]                       0x08003c56   Section        0  lto-llvm-ab2f81.o(.rodata.Hzk1)
    Hzk2                                     0x08003db6   Data          72  lto-llvm-ab2f81.o(.rodata.Hzk2)
    [Anonymous Symbol]                       0x08003db6   Section        0  lto-llvm-ab2f81.o(.rodata.Hzk2)
    Hzk3                                     0x08003dfe   Data         128  lto-llvm-ab2f81.o(.rodata.Hzk3)
    [Anonymous Symbol]                       0x08003dfe   Section        0  lto-llvm-ab2f81.o(.rodata.Hzk3)
    Hzk4                                     0x08003e7e   Data         512  lto-llvm-ab2f81.o(.rodata.Hzk4)
    [Anonymous Symbol]                       0x08003e7e   Section        0  lto-llvm-ab2f81.o(.rodata.Hzk4)
    __lowest_bit_bitmap                      0x0800407e   Data         256  lto-llvm-ab2f81.o(.rodata.__lowest_bit_bitmap)
    [Anonymous Symbol]                       0x0800407e   Section        0  lto-llvm-ab2f81.o(.rodata.__lowest_bit_bitmap)
    asc2_0806                                0x0800417e   Data         552  lto-llvm-ab2f81.o(.rodata.asc2_0806)
    [Anonymous Symbol]                       0x0800417e   Section        0  lto-llvm-ab2f81.o(.rodata.asc2_0806)
    asc2_1206                                0x080043a6   Data        1140  lto-llvm-ab2f81.o(.rodata.asc2_1206)
    [Anonymous Symbol]                       0x080043a6   Section        0  lto-llvm-ab2f81.o(.rodata.asc2_1206)
    asc2_1608                                0x0800481a   Data        1520  lto-llvm-ab2f81.o(.rodata.asc2_1608)
    [Anonymous Symbol]                       0x0800481a   Section        0  lto-llvm-ab2f81.o(.rodata.asc2_1608)
    asc2_2412                                0x08004e0a   Data        3420  lto-llvm-ab2f81.o(.rodata.asc2_2412)
    [Anonymous Symbol]                       0x08004e0a   Section        0  lto-llvm-ab2f81.o(.rodata.asc2_2412)
    AHBPrescTable                            0x08005b66   Data          16  lto-llvm-ab2f81.o(.rodata.cst16)
    [Anonymous Symbol]                       0x08005b66   Section        0  lto-llvm-ab2f81.o(.rodata.cst16)
    APBPrescTable                            0x08005b76   Data           8  lto-llvm-ab2f81.o(.rodata.cst8)
    [Anonymous Symbol]                       0x08005b76   Section        0  lto-llvm-ab2f81.o(.rodata.cst8)
    __fsym_clear_name                        0x08005b7e   Data           6  lto-llvm-ab2f81.o(.rodata.name)
    [Anonymous Symbol]                       0x08005b7e   Section        0  lto-llvm-ab2f81.o(.rodata.name)
    __fsym_clear_desc                        0x08005b84   Data          26  lto-llvm-ab2f81.o(.rodata.name)
    __fsym_version_name                      0x08005b9e   Data           8  lto-llvm-ab2f81.o(.rodata.name)
    __fsym_version_desc                      0x08005ba6   Data          35  lto-llvm-ab2f81.o(.rodata.name)
    __fsym_list_thread_name                  0x08005bc9   Data          12  lto-llvm-ab2f81.o(.rodata.name)
    __fsym_list_thread_desc                  0x08005bd5   Data          12  lto-llvm-ab2f81.o(.rodata.name)
    __fsym_list_sem_name                     0x08005be1   Data           9  lto-llvm-ab2f81.o(.rodata.name)
    __fsym_list_sem_desc                     0x08005bea   Data          25  lto-llvm-ab2f81.o(.rodata.name)
    __fsym_list_mempool_name                 0x08005c03   Data          13  lto-llvm-ab2f81.o(.rodata.name)
    __fsym_list_mempool_desc                 0x08005c10   Data          27  lto-llvm-ab2f81.o(.rodata.name)
    __fsym_list_timer_name                   0x08005c2b   Data          11  lto-llvm-ab2f81.o(.rodata.name)
    __fsym_list_timer_desc                   0x08005c36   Data          21  lto-llvm-ab2f81.o(.rodata.name)
    __fsym_list_name                         0x08005c4b   Data           5  lto-llvm-ab2f81.o(.rodata.name)
    __fsym_list_desc                         0x08005c50   Data          13  lto-llvm-ab2f81.o(.rodata.name)
    __fsym_help_name                         0x08005c5d   Data           5  lto-llvm-ab2f81.o(.rodata.name)
    __fsym_help_desc                         0x08005c62   Data          22  lto-llvm-ab2f81.o(.rodata.name)
    __fsym_ps_name                           0x08005c78   Data           3  lto-llvm-ab2f81.o(.rodata.name)
    __fsym_ps_desc                           0x08005c7b   Data          28  lto-llvm-ab2f81.o(.rodata.name)
    __fsym_free_name                         0x08005c97   Data           5  lto-llvm-ab2f81.o(.rodata.name)
    __fsym_free_desc                         0x08005c9c   Data          37  lto-llvm-ab2f81.o(.rodata.name)
    __fsym_reboot_name                       0x08005cc1   Data           7  lto-llvm-ab2f81.o(.rodata.name)
    __fsym_reboot_desc                       0x08005cc8   Data          14  lto-llvm-ab2f81.o(.rodata.name)
    rt_errno_strs                            0x08005cd8   Data          48  lto-llvm-ab2f81.o(.rodata.rt_errno_strs)
    [Anonymous Symbol]                       0x08005cd8   Section        0  lto-llvm-ab2f81.o(.rodata.rt_errno_strs)
    [Anonymous Symbol]                       0x08005d08   Section        0  lto-llvm-ab2f81.o(.rodata.str1.1)
    __tagsym$$used.12                        0x08005ff0   Number         0  lto-llvm-ab2f81.o(.rti_fn.0)
    __tagsym$$used.13                        0x08005ff4   Number         0  lto-llvm-ab2f81.o(.rti_fn.0.end)
    __tagsym$$used.14                        0x08005ff8   Number         0  lto-llvm-ab2f81.o(.rti_fn.1.end)
    __tagsym$$used.10                        0x08005ffc   Number         0  lto-llvm-ab2f81.o(.rti_fn.6)
    __tagsym$$used.15                        0x08006000   Number         0  lto-llvm-ab2f81.o(.rti_fn.6.end)
    __tagsym$$used.0                         0x08006004   Number         0  lto-llvm-ab2f81.o(FSymTab)
    __tagsym$$used.1                         0x08006010   Number         0  lto-llvm-ab2f81.o(FSymTab)
    __tagsym$$used.2                         0x0800601c   Number         0  lto-llvm-ab2f81.o(FSymTab)
    __tagsym$$used.3                         0x08006028   Number         0  lto-llvm-ab2f81.o(FSymTab)
    __tagsym$$used.4                         0x08006034   Number         0  lto-llvm-ab2f81.o(FSymTab)
    __tagsym$$used.5                         0x08006040   Number         0  lto-llvm-ab2f81.o(FSymTab)
    __tagsym$$used.6                         0x0800604c   Number         0  lto-llvm-ab2f81.o(FSymTab)
    __tagsym$$used.7                         0x08006058   Number         0  lto-llvm-ab2f81.o(FSymTab)
    __tagsym$$used.8                         0x08006064   Number         0  lto-llvm-ab2f81.o(FSymTab)
    __tagsym$$used.9                         0x08006070   Number         0  lto-llvm-ab2f81.o(FSymTab)
    __tagsym$$used.11                        0x0800607c   Number         0  lto-llvm-ab2f81.o(FSymTab)
    SystemCoreClock                          0x20000000   Data           4  lto-llvm-ab2f81.o(.data.SystemCoreClock)
    [Anonymous Symbol]                       0x20000000   Section        0  lto-llvm-ab2f81.o(.data.SystemCoreClock)
    _object_container                        0x20000004   Data          80  lto-llvm-ab2f81.o(.data._object_container)
    [Anonymous Symbol]                       0x20000004   Section        0  lto-llvm-ab2f81.o(.data._object_container)
    _rt_thread_defunct                       0x20000054   Data           8  lto-llvm-ab2f81.o(.data._rt_thread_defunct)
    [Anonymous Symbol]                       0x20000054   Section        0  lto-llvm-ab2f81.o(.data._rt_thread_defunct)
    t                                        0x2000005c   Data           1  lto-llvm-ab2f81.o(.data.t)
    [Anonymous Symbol]                       0x2000005c   Section        0  lto-llvm-ab2f81.o(.data.t)
    .bss                                     0x20000060   Section       96  libspace.o(.bss)
    uwTickPrio                               0x200000c0   Data           1  lto-llvm-ab2f81.o(.bss..L_MergedGlobals)
    [Anonymous Symbol]                       0x200000c0   Section        0  lto-llvm-ab2f81.o(.bss..L_MergedGlobals)
    rt_interrupt_nest                        0x200000c1   Data           1  lto-llvm-ab2f81.o(.bss..L_MergedGlobals)
    rt_scheduler_lock_nest                   0x200000c2   Data           2  lto-llvm-ab2f81.o(.bss..L_MergedGlobals)
    led_thread                               0x200000c4   Data           4  lto-llvm-ab2f81.o(.bss..L_MergedGlobals)
    oled_thread                              0x200000c8   Data           4  lto-llvm-ab2f81.o(.bss..L_MergedGlobals)
    uwTick                                   0x200000cc   Data           4  lto-llvm-ab2f81.o(.bss..L_MergedGlobals)
    _syscall_table_begin                     0x200000d0   Data           4  lto-llvm-ab2f81.o(.bss..L_MergedGlobals)
    _syscall_table_end                       0x200000d4   Data           4  lto-llvm-ab2f81.o(.bss..L_MergedGlobals)
    shell                                    0x200000d8   Data           4  lto-llvm-ab2f81.o(.bss..L_MergedGlobals)
    rt_tick                                  0x200000dc   Data           4  lto-llvm-ab2f81.o(.bss..L_MergedGlobals)
    system_heap                              0x200000e0   Data           4  lto-llvm-ab2f81.o(.bss..L_MergedGlobals)
    rt_thread_ready_priority_group           0x200000e4   Data           4  lto-llvm-ab2f81.o(.bss..L_MergedGlobals)
    rt_current_thread                        0x200000e8   Data           4  lto-llvm-ab2f81.o(.bss..L_MergedGlobals)
    rt_timer_start.random_nr                 0x200000ec   Data           4  lto-llvm-ab2f81.o(.bss..L_MergedGlobals)
    _timer_list                              0x200000f0   Data           8  lto-llvm-ab2f81.o(.bss..L_MergedGlobals)
    OLED_GRAM                                0x200000f8   Data        1024  lto-llvm-ab2f81.o(.bss.OLED_GRAM)
    [Anonymous Symbol]                       0x200000f8   Section        0  lto-llvm-ab2f81.o(.bss.OLED_GRAM)
    finsh_get_prompt.finsh_prompt            0x200004f8   Data         129  lto-llvm-ab2f81.o(.bss.finsh_get_prompt.finsh_prompt)
    [Anonymous Symbol]                       0x200004f8   Section        0  lto-llvm-ab2f81.o(.bss.finsh_get_prompt.finsh_prompt)
    htim4                                    0x2000057c   Data          72  lto-llvm-ab2f81.o(.bss.htim4)
    [Anonymous Symbol]                       0x2000057c   Section        0  lto-llvm-ab2f81.o(.bss.htim4)
    huart3                                   0x200005c4   Data          72  lto-llvm-ab2f81.o(.bss.huart3)
    [Anonymous Symbol]                       0x200005c4   Section        0  lto-llvm-ab2f81.o(.bss.huart3)
    idle                                     0x2000060c   Data         120  lto-llvm-ab2f81.o(.bss.idle)
    [Anonymous Symbol]                       0x2000060c   Section        0  lto-llvm-ab2f81.o(.bss.idle)
    rt_heap                                  0x20000684   Data       15360  lto-llvm-ab2f81.o(.bss.rt_heap)
    [Anonymous Symbol]                       0x20000684   Section        0  lto-llvm-ab2f81.o(.bss.rt_heap)
    rt_kprintf.rt_log_buf                    0x2000428c   Data         128  lto-llvm-ab2f81.o(.bss.rt_kprintf.rt_log_buf)
    [Anonymous Symbol]                       0x2000428c   Section        0  lto-llvm-ab2f81.o(.bss.rt_kprintf.rt_log_buf)
    rt_thread_priority_table                 0x2000430c   Data         256  lto-llvm-ab2f81.o(.bss.rt_thread_priority_table)
    [Anonymous Symbol]                       0x2000430c   Section        0  lto-llvm-ab2f81.o(.bss.rt_thread_priority_table)
    rt_thread_stack                          0x2000440c   Data         256  lto-llvm-ab2f81.o(.bss.rt_thread_stack)
    [Anonymous Symbol]                       0x2000440c   Section        0  lto-llvm-ab2f81.o(.bss.rt_thread_stack)
    Heap_Mem                                 0x20004510   Data         512  startup_stm32f103xb.o(HEAP)
    HEAP                                     0x20004510   Section      512  startup_stm32f103xb.o(HEAP)
    Stack_Mem                                0x20004710   Data        1024  startup_stm32f103xb.o(STACK)
    STACK                                    0x20004710   Section     1024  startup_stm32f103xb.o(STACK)
    __initial_sp                             0x20004b10   Data           0  startup_stm32f103xb.o(STACK)

    Global Symbols

    Symbol Name                              Value     Ov Type        Size  Object(Section)

    BuildAttributes$$THM_ISAv4$P$D$K$B$S$PE$A:L22UL41UL21$X:L11$S22US41US21$IEEE1$IW$~IW$USESV6$~STKCKD$USESV7$~SHL$OSPACE$ROPI$IEEEF$EBA8$UX$STANDARDLIB$REQ8$PRES8$EABIv2 0x00000000   Number         0  anon$$obj.o ABSOLUTE
    __fp_init_empty                          0x00000000   Number         0  fpinit_empty.o ABSOLUTE
    __ARM_exceptions_init                     - Undefined Weak Reference
    __alloca_initialize                       - Undefined Weak Reference
    __arm_preinit_                            - Undefined Weak Reference
    __arm_relocate_pie_                       - Undefined Weak Reference
    __cpp_initialize__aeabi_                  - Undefined Weak Reference
    __cxa_finalize                            - Undefined Weak Reference
    __sigvec_lookup                           - Undefined Weak Reference
    _atexit_init                              - Undefined Weak Reference
    _call_atexit_fns                          - Undefined Weak Reference
    _clock_init                               - Undefined Weak Reference
    _fp_trap_init                             - Undefined Weak Reference
    _fp_trap_shutdown                         - Undefined Weak Reference
    _get_lc_collate                           - Undefined Weak Reference
    _get_lc_monetary                          - Undefined Weak Reference
    _get_lc_numeric                           - Undefined Weak Reference
    _get_lc_time                              - Undefined Weak Reference
    _getenv_init                              - Undefined Weak Reference
    _handle_redirection                       - Undefined Weak Reference
    _init_alloc                               - Undefined Weak Reference
    _init_user_alloc                          - Undefined Weak Reference
    _initio                                   - Undefined Weak Reference
    _rand_init                                - Undefined Weak Reference
    _signal_finish                            - Undefined Weak Reference
    _signal_init                              - Undefined Weak Reference
    _terminate_alloc                          - Undefined Weak Reference
    _terminate_user_alloc                     - Undefined Weak Reference
    _terminateio                              - Undefined Weak Reference
    __Vectors_Size                           0x000000ec   Number         0  startup_stm32f103xb.o ABSOLUTE
    __Vectors                                0x08000000   Data           4  startup_stm32f103xb.o(RESET)
    __Vectors_End                            0x080000ec   Data           0  startup_stm32f103xb.o(RESET)
    __main                                   0x080000ed   Thumb Code     8  __main.o(!!!main)
    __scatterload                            0x080000f5   Thumb Code     0  __scatter.o(!!!scatter)
    __scatterload_rt2                        0x080000f5   Thumb Code    84  __scatter.o(!!!scatter)
    __scatterload_rt2_thumb_only             0x080000f5   Thumb Code     0  __scatter.o(!!!scatter)
    __scatterload_loop                       0x080000ff   Thumb Code     0  __scatter.o(!!!scatter)
    __scatterload_copy                       0x08000151   Thumb Code    26  __scatter_copy.o(!!handler_copy)
    __scatterload_null                       0x0800016d   Thumb Code     2  __scatter.o(!!handler_null)
    __scatterload_zeroinit                   0x08000171   Thumb Code    28  __scatter_zi.o(!!handler_zi)
    __rt_lib_init                            0x0800018d   Thumb Code     0  libinit.o(.ARM.Collect$$libinit$$00000000)
    __rt_lib_init_alloca_1                   0x0800018f   Thumb Code     0  libinit2.o(.ARM.Collect$$libinit$$00000030)
    __rt_lib_init_argv_1                     0x0800018f   Thumb Code     0  libinit2.o(.ARM.Collect$$libinit$$0000002E)
    __rt_lib_init_atexit_1                   0x0800018f   Thumb Code     0  libinit2.o(.ARM.Collect$$libinit$$0000001D)
    __rt_lib_init_clock_1                    0x0800018f   Thumb Code     0  libinit2.o(.ARM.Collect$$libinit$$00000023)
    __rt_lib_init_cpp_1                      0x0800018f   Thumb Code     0  libinit2.o(.ARM.Collect$$libinit$$00000034)
    __rt_lib_init_exceptions_1               0x0800018f   Thumb Code     0  libinit2.o(.ARM.Collect$$libinit$$00000032)
    __rt_lib_init_fp_1                       0x0800018f   Thumb Code     0  libinit2.o(.ARM.Collect$$libinit$$00000002)
    __rt_lib_init_fp_trap_1                  0x0800018f   Thumb Code     0  libinit2.o(.ARM.Collect$$libinit$$00000021)
    __rt_lib_init_getenv_1                   0x0800018f   Thumb Code     0  libinit2.o(.ARM.Collect$$libinit$$00000025)
    __rt_lib_init_heap_1                     0x0800018f   Thumb Code     0  libinit2.o(.ARM.Collect$$libinit$$0000000C)
    __rt_lib_init_lc_collate_1               0x0800018f   Thumb Code     0  libinit2.o(.ARM.Collect$$libinit$$00000013)
    __rt_lib_init_lc_ctype_1                 0x0800018f   Thumb Code     0  libinit2.o(.ARM.Collect$$libinit$$00000015)
    __rt_lib_init_lc_monetary_1              0x0800018f   Thumb Code     0  libinit2.o(.ARM.Collect$$libinit$$00000017)
    __rt_lib_init_lc_numeric_1               0x0800018f   Thumb Code     0  libinit2.o(.ARM.Collect$$libinit$$00000019)
    __rt_lib_init_lc_time_1                  0x0800018f   Thumb Code     0  libinit2.o(.ARM.Collect$$libinit$$0000001B)
    __rt_lib_init_preinit_1                  0x0800018f   Thumb Code     0  libinit2.o(.ARM.Collect$$libinit$$00000006)
    __rt_lib_init_rand_1                     0x0800018f   Thumb Code     0  libinit2.o(.ARM.Collect$$libinit$$00000010)
    __rt_lib_init_relocate_pie_1             0x0800018f   Thumb Code     0  libinit2.o(.ARM.Collect$$libinit$$00000004)
    __rt_lib_init_return                     0x0800018f   Thumb Code     0  libinit2.o(.ARM.Collect$$libinit$$00000035)
    __rt_lib_init_signal_1                   0x0800018f   Thumb Code     0  libinit2.o(.ARM.Collect$$libinit$$0000001F)
    __rt_lib_init_stdio_1                    0x0800018f   Thumb Code     0  libinit2.o(.ARM.Collect$$libinit$$00000027)
    __rt_lib_init_user_alloc_1               0x0800018f   Thumb Code     0  libinit2.o(.ARM.Collect$$libinit$$0000000E)
    __rt_lib_shutdown                        0x08000191   Thumb Code     0  libshutdown.o(.ARM.Collect$$libshutdown$$00000000)
    __rt_lib_shutdown_cpp_1                  0x08000193   Thumb Code     0  libshutdown2.o(.ARM.Collect$$libshutdown$$00000002)
    __rt_lib_shutdown_fp_trap_1              0x08000193   Thumb Code     0  libshutdown2.o(.ARM.Collect$$libshutdown$$00000007)
    __rt_lib_shutdown_heap_1                 0x08000193   Thumb Code     0  libshutdown2.o(.ARM.Collect$$libshutdown$$0000000F)
    __rt_lib_shutdown_return                 0x08000193   Thumb Code     0  libshutdown2.o(.ARM.Collect$$libshutdown$$00000010)
    __rt_lib_shutdown_signal_1               0x08000193   Thumb Code     0  libshutdown2.o(.ARM.Collect$$libshutdown$$0000000A)
    __rt_lib_shutdown_stdio_1                0x08000193   Thumb Code     0  libshutdown2.o(.ARM.Collect$$libshutdown$$00000004)
    __rt_lib_shutdown_user_alloc_1           0x08000193   Thumb Code     0  libshutdown2.o(.ARM.Collect$$libshutdown$$0000000C)
    __rt_entry                               0x08000195   Thumb Code     0  __rtentry.o(.ARM.Collect$$rtentry$$00000000)
    __rt_entry_presh_1                       0x08000195   Thumb Code     0  __rtentry2.o(.ARM.Collect$$rtentry$$00000002)
    __rt_entry_sh                            0x08000195   Thumb Code     0  __rtentry4.o(.ARM.Collect$$rtentry$$00000004)
    __rt_entry_li                            0x0800019b   Thumb Code     0  __rtentry2.o(.ARM.Collect$$rtentry$$0000000A)
    __rt_entry_postsh_1                      0x0800019b   Thumb Code     0  __rtentry2.o(.ARM.Collect$$rtentry$$00000009)
    __rt_entry_main                          0x0800019f   Thumb Code     0  __rtentry2.o(.ARM.Collect$$rtentry$$0000000D)
    __rt_entry_postli_1                      0x0800019f   Thumb Code     0  __rtentry2.o(.ARM.Collect$$rtentry$$0000000C)
    __rt_exit                                0x080001a7   Thumb Code     0  rtexit.o(.ARM.Collect$$rtexit$$00000000)
    __rt_exit_ls                             0x080001a9   Thumb Code     0  rtexit2.o(.ARM.Collect$$rtexit$$00000003)
    __rt_exit_prels_1                        0x080001a9   Thumb Code     0  rtexit2.o(.ARM.Collect$$rtexit$$00000002)
    __rt_exit_exit                           0x080001ad   Thumb Code     0  rtexit2.o(.ARM.Collect$$rtexit$$00000004)
    Reset_Handler                            0x080001b5   Thumb Code     8  startup_stm32f103xb.o(.text)
    SVC_Handler                              0x080001c7   Thumb Code     2  startup_stm32f103xb.o(.text)
    ADC1_2_IRQHandler                        0x080001cf   Thumb Code     0  startup_stm32f103xb.o(.text)
    CAN1_RX1_IRQHandler                      0x080001cf   Thumb Code     0  startup_stm32f103xb.o(.text)
    CAN1_SCE_IRQHandler                      0x080001cf   Thumb Code     0  startup_stm32f103xb.o(.text)
    DMA1_Channel1_IRQHandler                 0x080001cf   Thumb Code     0  startup_stm32f103xb.o(.text)
    DMA1_Channel2_IRQHandler                 0x080001cf   Thumb Code     0  startup_stm32f103xb.o(.text)
    DMA1_Channel3_IRQHandler                 0x080001cf   Thumb Code     0  startup_stm32f103xb.o(.text)
    DMA1_Channel4_IRQHandler                 0x080001cf   Thumb Code     0  startup_stm32f103xb.o(.text)
    DMA1_Channel5_IRQHandler                 0x080001cf   Thumb Code     0  startup_stm32f103xb.o(.text)
    DMA1_Channel6_IRQHandler                 0x080001cf   Thumb Code     0  startup_stm32f103xb.o(.text)
    DMA1_Channel7_IRQHandler                 0x080001cf   Thumb Code     0  startup_stm32f103xb.o(.text)
    EXTI0_IRQHandler                         0x080001cf   Thumb Code     0  startup_stm32f103xb.o(.text)
    EXTI15_10_IRQHandler                     0x080001cf   Thumb Code     0  startup_stm32f103xb.o(.text)
    EXTI1_IRQHandler                         0x080001cf   Thumb Code     0  startup_stm32f103xb.o(.text)
    EXTI2_IRQHandler                         0x080001cf   Thumb Code     0  startup_stm32f103xb.o(.text)
    EXTI3_IRQHandler                         0x080001cf   Thumb Code     0  startup_stm32f103xb.o(.text)
    EXTI4_IRQHandler                         0x080001cf   Thumb Code     0  startup_stm32f103xb.o(.text)
    EXTI9_5_IRQHandler                       0x080001cf   Thumb Code     0  startup_stm32f103xb.o(.text)
    FLASH_IRQHandler                         0x080001cf   Thumb Code     0  startup_stm32f103xb.o(.text)
    I2C1_ER_IRQHandler                       0x080001cf   Thumb Code     0  startup_stm32f103xb.o(.text)
    I2C1_EV_IRQHandler                       0x080001cf   Thumb Code     0  startup_stm32f103xb.o(.text)
    I2C2_ER_IRQHandler                       0x080001cf   Thumb Code     0  startup_stm32f103xb.o(.text)
    I2C2_EV_IRQHandler                       0x080001cf   Thumb Code     0  startup_stm32f103xb.o(.text)
    PVD_IRQHandler                           0x080001cf   Thumb Code     0  startup_stm32f103xb.o(.text)
    RCC_IRQHandler                           0x080001cf   Thumb Code     0  startup_stm32f103xb.o(.text)
    RTC_Alarm_IRQHandler                     0x080001cf   Thumb Code     0  startup_stm32f103xb.o(.text)
    RTC_IRQHandler                           0x080001cf   Thumb Code     0  startup_stm32f103xb.o(.text)
    SPI1_IRQHandler                          0x080001cf   Thumb Code     0  startup_stm32f103xb.o(.text)
    SPI2_IRQHandler                          0x080001cf   Thumb Code     0  startup_stm32f103xb.o(.text)
    TAMPER_IRQHandler                        0x080001cf   Thumb Code     0  startup_stm32f103xb.o(.text)
    TIM1_BRK_IRQHandler                      0x080001cf   Thumb Code     0  startup_stm32f103xb.o(.text)
    TIM1_CC_IRQHandler                       0x080001cf   Thumb Code     0  startup_stm32f103xb.o(.text)
    TIM1_TRG_COM_IRQHandler                  0x080001cf   Thumb Code     0  startup_stm32f103xb.o(.text)
    TIM1_UP_IRQHandler                       0x080001cf   Thumb Code     0  startup_stm32f103xb.o(.text)
    TIM2_IRQHandler                          0x080001cf   Thumb Code     0  startup_stm32f103xb.o(.text)
    TIM3_IRQHandler                          0x080001cf   Thumb Code     0  startup_stm32f103xb.o(.text)
    USART1_IRQHandler                        0x080001cf   Thumb Code     0  startup_stm32f103xb.o(.text)
    USART2_IRQHandler                        0x080001cf   Thumb Code     0  startup_stm32f103xb.o(.text)
    USART3_IRQHandler                        0x080001cf   Thumb Code     0  startup_stm32f103xb.o(.text)
    USBWakeUp_IRQHandler                     0x080001cf   Thumb Code     0  startup_stm32f103xb.o(.text)
    USB_HP_CAN1_TX_IRQHandler                0x080001cf   Thumb Code     0  startup_stm32f103xb.o(.text)
    USB_LP_CAN1_RX0_IRQHandler               0x080001cf   Thumb Code     0  startup_stm32f103xb.o(.text)
    WWDG_IRQHandler                          0x080001cf   Thumb Code     0  startup_stm32f103xb.o(.text)
    __user_initial_stackheap                 0x080001d1   Thumb Code     0  startup_stm32f103xb.o(.text)
    rt_hw_interrupt_disable                  0x080001f5   Thumb Code     8  context_rvds.o(.text)
    rt_hw_interrupt_enable                   0x080001fd   Thumb Code     6  context_rvds.o(.text)
    rt_hw_context_switch                     0x08000203   Thumb Code    32  context_rvds.o(.text)
    rt_hw_context_switch_interrupt           0x08000203   Thumb Code     0  context_rvds.o(.text)
    PendSV_Handler                           0x08000223   Thumb Code    60  context_rvds.o(.text)
    rt_hw_context_switch_to                  0x0800025f   Thumb Code    64  context_rvds.o(.text)
    rt_hw_interrupt_thread_switch            0x0800029f   Thumb Code     2  context_rvds.o(.text)
    HardFault_Handler                        0x080002a1   Thumb Code    52  context_rvds.o(.text)
    strlen                                   0x080002f1   Thumb Code    62  strlen.o(.text)
    strncmp                                  0x0800032f   Thumb Code   150  strncmp.o(.text)
    strcmp                                   0x080003c5   Thumb Code   128  strcmpv7m.o(.text)
    __use_two_region_memory                  0x08000445   Thumb Code     2  heapauxi.o(.text)
    __rt_heap_escrow$2region                 0x08000447   Thumb Code     2  heapauxi.o(.text)
    __rt_heap_expand$2region                 0x08000449   Thumb Code     2  heapauxi.o(.text)
    __user_libspace                          0x0800044d   Thumb Code     8  libspace.o(.text)
    __user_perproc_libspace                  0x0800044d   Thumb Code     0  libspace.o(.text)
    __user_perthread_libspace                0x0800044d   Thumb Code     0  libspace.o(.text)
    __user_setup_stackheap                   0x08000455   Thumb Code    74  sys_stackheap_outer.o(.text)
    exit                                     0x0800049f   Thumb Code    18  exit.o(.text)
    _sys_exit                                0x080004b1   Thumb Code     8  sys_exit.o(.text)
    __I$use$semihosting                      0x080004bd   Thumb Code     0  use_no_semi.o(.text)
    __use_no_semihosting_swi                 0x080004bd   Thumb Code     2  use_no_semi.o(.text)
    __semihosting_library_function           0x080004bf   Thumb Code     0  indicate_semi.o(.text)
    main                                     0x080004c1   Thumb Code  1156  lto-llvm-ab2f81.o(.text.$Sub$$main)
    BusFault_Handler                         0x080009f9   Thumb Code     2  lto-llvm-ab2f81.o(.text.BusFault_Handler)
    DebugMon_Handler                         0x080009fb   Thumb Code     2  lto-llvm-ab2f81.o(.text.DebugMon_Handler)
    MemManage_Handler                        0x08000e53   Thumb Code     2  lto-llvm-ab2f81.o(.text.MemManage_Handler)
    NMI_Handler                              0x08000e55   Thumb Code     2  lto-llvm-ab2f81.o(.text.NMI_Handler)
    SysTick_Handler                          0x080012d1   Thumb Code   228  lto-llvm-ab2f81.o(.text.SysTick_Handler)
    SystemInit                               0x080013b9   Thumb Code     2  lto-llvm-ab2f81.o(.text.SystemInit)
    TIM4_IRQHandler                          0x080013bd   Thumb Code   164  lto-llvm-ab2f81.o(.text.TIM4_IRQHandler)
    UsageFault_Handler                       0x08001509   Thumb Code     2  lto-llvm-ab2f81.o(.text.UsageFault_Handler)
    $Super$$main                             0x08002515   Thumb Code   356  lto-llvm-ab2f81.o(.text.main)
    rt_hw_hard_fault_exception               0x08002b1d   Thumb Code   460  lto-llvm-ab2f81.o(.text.rt_hw_hard_fault_exception)
    __rt_init_rti_start                      0x08005ff0   Data           4  lto-llvm-ab2f81.o(.rti_fn.0)
    __rt_init_rti_board_start                0x08005ff4   Data           4  lto-llvm-ab2f81.o(.rti_fn.0.end)
    __rt_init_rti_board_end                  0x08005ff8   Data           4  lto-llvm-ab2f81.o(.rti_fn.1.end)
    __rt_init_finsh_system_init              0x08005ffc   Data           4  lto-llvm-ab2f81.o(.rti_fn.6)
    __rt_init_rti_end                        0x08006000   Data           4  lto-llvm-ab2f81.o(.rti_fn.6.end)
    FSymTab$$Base                            0x08006004   Number         0  lto-llvm-ab2f81.o(FSymTab)
    __fsym_clear                             0x08006004   Data          12  lto-llvm-ab2f81.o(FSymTab)
    __fsym_version                           0x08006010   Data          12  lto-llvm-ab2f81.o(FSymTab)
    __fsym_list_thread                       0x0800601c   Data          12  lto-llvm-ab2f81.o(FSymTab)
    __fsym_list_sem                          0x08006028   Data          12  lto-llvm-ab2f81.o(FSymTab)
    __fsym_list_mempool                      0x08006034   Data          12  lto-llvm-ab2f81.o(FSymTab)
    __fsym_list_timer                        0x08006040   Data          12  lto-llvm-ab2f81.o(FSymTab)
    __fsym_list                              0x0800604c   Data          12  lto-llvm-ab2f81.o(FSymTab)
    __fsym_help                              0x08006058   Data          12  lto-llvm-ab2f81.o(FSymTab)
    __fsym_ps                                0x08006064   Data          12  lto-llvm-ab2f81.o(FSymTab)
    __fsym_free                              0x08006070   Data          12  lto-llvm-ab2f81.o(FSymTab)
    __fsym_reboot                            0x0800607c   Data          12  lto-llvm-ab2f81.o(FSymTab)
    FSymTab$$Limit                           0x08006088   Number         0  lto-llvm-ab2f81.o(FSymTab)
    Region$$Table$$Base                      0x08006088   Number         0  anon$$obj.o(Region$$Table)
    Region$$Table$$Limit                     0x080060a8   Number         0  anon$$obj.o(Region$$Table)
    __libspace_start                         0x20000060   Data          96  libspace.o(.bss)
    __temporary_stack_top$libspace           0x200000c0   Data           0  libspace.o(.bss)
    rt_interrupt_from_thread                 0x20004284   Data           4  lto-llvm-ab2f81.o(.bss.rt_interrupt_from_thread)
    rt_interrupt_to_thread                   0x20004288   Data           4  lto-llvm-ab2f81.o(.bss.rt_interrupt_to_thread)
    rt_thread_switch_interrupt_flag          0x2000450c   Data           4  lto-llvm-ab2f81.o(.bss.rt_thread_switch_interrupt_flag)



==============================================================================

Memory Map of the image

  Image Entry point : 0x080000ed

  Load Region LR_IROM1 (Base: 0x08000000, Size: 0x00006108, Max: 0x00010000, ABSOLUTE)

    Execution Region ER_IROM1 (Exec base: 0x08000000, Load base: 0x08000000, Size: 0x000060a8, Max: 0x00010000, ABSOLUTE)

    Exec Addr    Load Addr    Size         Type   Attr      Idx    E Section Name        Object

    0x08000000   0x08000000   0x000000ec   Data   RO            3    RESET               startup_stm32f103xb.o
    0x080000ec   0x080000ec   0x00000008   Code   RO           77  * !!!main             c_w.l(__main.o)
    0x080000f4   0x080000f4   0x0000005c   Code   RO          499    !!!scatter          c_w.l(__scatter.o)
    0x08000150   0x08000150   0x0000001a   Code   RO          503    !!handler_copy      c_w.l(__scatter_copy.o)
    0x0800016a   0x0800016a   0x00000002   PAD
    0x0800016c   0x0800016c   0x00000002   Code   RO          500    !!handler_null      c_w.l(__scatter.o)
    0x0800016e   0x0800016e   0x00000002   PAD
    0x08000170   0x08000170   0x0000001c   Code   RO          505    !!handler_zi        c_w.l(__scatter_zi.o)
    0x0800018c   0x0800018c   0x00000002   Code   RO          168    .ARM.Collect$$libinit$$00000000  c_w.l(libinit.o)
    0x0800018e   0x0800018e   0x00000000   Code   RO          111    .ARM.Collect$$libinit$$00000002  c_w.l(libinit2.o)
    0x0800018e   0x0800018e   0x00000000   Code   RO          113    .ARM.Collect$$libinit$$00000004  c_w.l(libinit2.o)
    0x0800018e   0x0800018e   0x00000000   Code   RO          115    .ARM.Collect$$libinit$$00000006  c_w.l(libinit2.o)
    0x0800018e   0x0800018e   0x00000000   Code   RO          118    .ARM.Collect$$libinit$$0000000C  c_w.l(libinit2.o)
    0x0800018e   0x0800018e   0x00000000   Code   RO          120    .ARM.Collect$$libinit$$0000000E  c_w.l(libinit2.o)
    0x0800018e   0x0800018e   0x00000000   Code   RO          122    .ARM.Collect$$libinit$$00000010  c_w.l(libinit2.o)
    0x0800018e   0x0800018e   0x00000000   Code   RO          125    .ARM.Collect$$libinit$$00000013  c_w.l(libinit2.o)
    0x0800018e   0x0800018e   0x00000000   Code   RO          127    .ARM.Collect$$libinit$$00000015  c_w.l(libinit2.o)
    0x0800018e   0x0800018e   0x00000000   Code   RO          129    .ARM.Collect$$libinit$$00000017  c_w.l(libinit2.o)
    0x0800018e   0x0800018e   0x00000000   Code   RO          131    .ARM.Collect$$libinit$$00000019  c_w.l(libinit2.o)
    0x0800018e   0x0800018e   0x00000000   Code   RO          133    .ARM.Collect$$libinit$$0000001B  c_w.l(libinit2.o)
    0x0800018e   0x0800018e   0x00000000   Code   RO          135    .ARM.Collect$$libinit$$0000001D  c_w.l(libinit2.o)
    0x0800018e   0x0800018e   0x00000000   Code   RO          137    .ARM.Collect$$libinit$$0000001F  c_w.l(libinit2.o)
    0x0800018e   0x0800018e   0x00000000   Code   RO          139    .ARM.Collect$$libinit$$00000021  c_w.l(libinit2.o)
    0x0800018e   0x0800018e   0x00000000   Code   RO          141    .ARM.Collect$$libinit$$00000023  c_w.l(libinit2.o)
    0x0800018e   0x0800018e   0x00000000   Code   RO          143    .ARM.Collect$$libinit$$00000025  c_w.l(libinit2.o)
    0x0800018e   0x0800018e   0x00000000   Code   RO          145    .ARM.Collect$$libinit$$00000027  c_w.l(libinit2.o)
    0x0800018e   0x0800018e   0x00000000   Code   RO          149    .ARM.Collect$$libinit$$0000002E  c_w.l(libinit2.o)
    0x0800018e   0x0800018e   0x00000000   Code   RO          151    .ARM.Collect$$libinit$$00000030  c_w.l(libinit2.o)
    0x0800018e   0x0800018e   0x00000000   Code   RO          153    .ARM.Collect$$libinit$$00000032  c_w.l(libinit2.o)
    0x0800018e   0x0800018e   0x00000000   Code   RO          155    .ARM.Collect$$libinit$$00000034  c_w.l(libinit2.o)
    0x0800018e   0x0800018e   0x00000002   Code   RO          156    .ARM.Collect$$libinit$$00000035  c_w.l(libinit2.o)
    0x08000190   0x08000190   0x00000002   Code   RO          209    .ARM.Collect$$libshutdown$$00000000  c_w.l(libshutdown.o)
    0x08000192   0x08000192   0x00000000   Code   RO          215    .ARM.Collect$$libshutdown$$00000002  c_w.l(libshutdown2.o)
    0x08000192   0x08000192   0x00000000   Code   RO          217    .ARM.Collect$$libshutdown$$00000004  c_w.l(libshutdown2.o)
    0x08000192   0x08000192   0x00000000   Code   RO          220    .ARM.Collect$$libshutdown$$00000007  c_w.l(libshutdown2.o)
    0x08000192   0x08000192   0x00000000   Code   RO          223    .ARM.Collect$$libshutdown$$0000000A  c_w.l(libshutdown2.o)
    0x08000192   0x08000192   0x00000000   Code   RO          225    .ARM.Collect$$libshutdown$$0000000C  c_w.l(libshutdown2.o)
    0x08000192   0x08000192   0x00000000   Code   RO          228    .ARM.Collect$$libshutdown$$0000000F  c_w.l(libshutdown2.o)
    0x08000192   0x08000192   0x00000002   Code   RO          229    .ARM.Collect$$libshutdown$$00000010  c_w.l(libshutdown2.o)
    0x08000194   0x08000194   0x00000000   Code   RO           79    .ARM.Collect$$rtentry$$00000000  c_w.l(__rtentry.o)
    0x08000194   0x08000194   0x00000000   Code   RO           94    .ARM.Collect$$rtentry$$00000002  c_w.l(__rtentry2.o)
    0x08000194   0x08000194   0x00000006   Code   RO          106    .ARM.Collect$$rtentry$$00000004  c_w.l(__rtentry4.o)
    0x0800019a   0x0800019a   0x00000000   Code   RO           96    .ARM.Collect$$rtentry$$00000009  c_w.l(__rtentry2.o)
    0x0800019a   0x0800019a   0x00000004   Code   RO           97    .ARM.Collect$$rtentry$$0000000A  c_w.l(__rtentry2.o)
    0x0800019e   0x0800019e   0x00000000   Code   RO           99    .ARM.Collect$$rtentry$$0000000C  c_w.l(__rtentry2.o)
    0x0800019e   0x0800019e   0x00000008   Code   RO          100    .ARM.Collect$$rtentry$$0000000D  c_w.l(__rtentry2.o)
    0x080001a6   0x080001a6   0x00000002   Code   RO          171    .ARM.Collect$$rtexit$$00000000  c_w.l(rtexit.o)
    0x080001a8   0x080001a8   0x00000000   Code   RO          182    .ARM.Collect$$rtexit$$00000002  c_w.l(rtexit2.o)
    0x080001a8   0x080001a8   0x00000004   Code   RO          183    .ARM.Collect$$rtexit$$00000003  c_w.l(rtexit2.o)
    0x080001ac   0x080001ac   0x00000006   Code   RO          184    .ARM.Collect$$rtexit$$00000004  c_w.l(rtexit2.o)
    0x080001b2   0x080001b2   0x00000002   PAD
    0x080001b4   0x080001b4   0x00000040   Code   RO            4    .text               startup_stm32f103xb.o
    0x080001f4   0x080001f4   0x000000fc   Code   RO           37    .text               context_rvds.o
    0x080002f0   0x080002f0   0x0000003e   Code   RO           67    .text               c_w.l(strlen.o)
    0x0800032e   0x0800032e   0x00000096   Code   RO           69    .text               c_w.l(strncmp.o)
    0x080003c4   0x080003c4   0x00000080   Code   RO           73    .text               c_w.l(strcmpv7m.o)
    0x08000444   0x08000444   0x00000006   Code   RO           75    .text               c_w.l(heapauxi.o)
    0x0800044a   0x0800044a   0x00000002   PAD
    0x0800044c   0x0800044c   0x00000008   Code   RO           90    .text               c_w.l(libspace.o)
    0x08000454   0x08000454   0x0000004a   Code   RO          157    .text               c_w.l(sys_stackheap_outer.o)
    0x0800049e   0x0800049e   0x00000012   Code   RO          159    .text               c_w.l(exit.o)
    0x080004b0   0x080004b0   0x0000000c   Code   RO          194    .text               c_w.l(sys_exit.o)
    0x080004bc   0x080004bc   0x00000002   Code   RO          198    .text               c_w.l(use_no_semi.o)
    0x080004be   0x080004be   0x00000000   Code   RO          200    .text               c_w.l(indicate_semi.o)
    0x080004be   0x080004be   0x00000002   PAD
    0x080004c0   0x080004c0   0x00000538   Code   RO          361    .text.$Sub$$main    lto-llvm-ab2f81.o
    0x080009f8   0x080009f8   0x00000002   Code   RO          263    .text.BusFault_Handler  lto-llvm-ab2f81.o
    0x080009fa   0x080009fa   0x00000002   Code   RO          267    .text.DebugMon_Handler  lto-llvm-ab2f81.o
    0x080009fc   0x080009fc   0x000001ac   Code   RO          277    .text.HAL_GPIO_Init  lto-llvm-ab2f81.o
    0x08000ba8   0x08000ba8   0x00000064   Code   RO          273    .text.HAL_Init      lto-llvm-ab2f81.o
    0x08000c0c   0x08000c0c   0x00000128   Code   RO          271    .text.HAL_InitTick  lto-llvm-ab2f81.o
    0x08000d34   0x08000d34   0x00000020   Code   RO          275    .text.HAL_RCC_GetPCLK1Freq  lto-llvm-ab2f81.o
    0x08000d54   0x08000d54   0x00000080   Code   RO          279    .text.HAL_UART_Transmit  lto-llvm-ab2f81.o
    0x08000dd4   0x08000dd4   0x00000024   Code   RO          287    .text.I2C_Start     lto-llvm-ab2f81.o
    0x08000df8   0x08000df8   0x00000018   Code   RO          293    .text.I2C_Stop      lto-llvm-ab2f81.o
    0x08000e10   0x08000e10   0x00000028   Code   RO          291    .text.I2C_WaitAck   lto-llvm-ab2f81.o
    0x08000e38   0x08000e38   0x0000001a   Code   RO          295    .text.IIC_delay     lto-llvm-ab2f81.o
    0x08000e52   0x08000e52   0x00000002   Code   RO          261    .text.MemManage_Handler  lto-llvm-ab2f81.o
    0x08000e54   0x08000e54   0x00000002   Code   RO          259    .text.NMI_Handler   lto-llvm-ab2f81.o
    0x08000e56   0x08000e56   0x00000002   PAD
    0x08000e58   0x08000e58   0x00000024   Code   RO          299    .text.OLED_Clear    lto-llvm-ab2f81.o
    0x08000e7c   0x08000e7c   0x00000024   Code   RO          301    .text.OLED_DrawPoint  lto-llvm-ab2f81.o
    0x08000ea0   0x08000ea0   0x0000005c   Code   RO          297    .text.OLED_Refresh  lto-llvm-ab2f81.o
    0x08000efc   0x08000efc   0x00000080   Code   RO          311    .text.OLED_ScrollDisplay  lto-llvm-ab2f81.o
    0x08000f7c   0x08000f7c   0x000000e4   Code   RO          303    .text.OLED_ShowChar  lto-llvm-ab2f81.o
    0x08001060   0x08001060   0x000000b8   Code   RO          309    .text.OLED_ShowChinese  lto-llvm-ab2f81.o
    0x08001118   0x08001118   0x0000004c   Code   RO          307    .text.OLED_ShowNum  lto-llvm-ab2f81.o
    0x08001164   0x08001164   0x0000007c   Code   RO          313    .text.OLED_ShowPicture  lto-llvm-ab2f81.o
    0x080011e0   0x080011e0   0x00000034   Code   RO          305    .text.OLED_ShowString  lto-llvm-ab2f81.o
    0x08001214   0x08001214   0x00000030   Code   RO          285    .text.OLED_WR_Byte  lto-llvm-ab2f81.o
    0x08001244   0x08001244   0x00000014   Code   RO          425    .text.OUTLINED_FUNCTION_0  lto-llvm-ab2f81.o
    0x08001258   0x08001258   0x00000006   Code   RO          427    .text.OUTLINED_FUNCTION_1  lto-llvm-ab2f81.o
    0x0800125e   0x0800125e   0x00000008   Code   RO          429    .text.OUTLINED_FUNCTION_2  lto-llvm-ab2f81.o
    0x08001266   0x08001266   0x00000006   Code   RO          431    .text.OUTLINED_FUNCTION_3  lto-llvm-ab2f81.o
    0x0800126c   0x0800126c   0x0000000a   Code   RO          433    .text.OUTLINED_FUNCTION_4  lto-llvm-ab2f81.o
    0x08001276   0x08001276   0x0000000a   Code   RO          435    .text.OUTLINED_FUNCTION_5  lto-llvm-ab2f81.o
    0x08001280   0x08001280   0x00000006   Code   RO          437    .text.OUTLINED_FUNCTION_6  lto-llvm-ab2f81.o
    0x08001286   0x08001286   0x0000000a   Code   RO          439    .text.OUTLINED_FUNCTION_7  lto-llvm-ab2f81.o
    0x08001290   0x08001290   0x00000040   Code   RO          289    .text.Send_Byte     lto-llvm-ab2f81.o
    0x080012d0   0x080012d0   0x000000e8   Code   RO          351    .text.SysTick_Handler  lto-llvm-ab2f81.o
    0x080013b8   0x080013b8   0x00000002   Code   RO          283    .text.SystemInit    lto-llvm-ab2f81.o
    0x080013ba   0x080013ba   0x00000002   PAD
    0x080013bc   0x080013bc   0x000000ac   Code   RO          269    .text.TIM4_IRQHandler  lto-llvm-ab2f81.o
    0x08001468   0x08001468   0x000000a0   Code   RO          281    .text.UART_WaitOnFlagUntilTimeout  lto-llvm-ab2f81.o
    0x08001508   0x08001508   0x00000002   Code   RO          265    .text.UsageFault_Handler  lto-llvm-ab2f81.o
    0x0800150a   0x0800150a   0x00000002   PAD
    0x0800150c   0x0800150c   0x0000004c   Code   RO          397    .text._scheduler_get_highest_priority_thread  lto-llvm-ab2f81.o
    0x08001558   0x08001558   0x0000006c   Code   RO          411    .text._thread_exit  lto-llvm-ab2f81.o
    0x080015c4   0x080015c4   0x000000a4   Code   RO          409    .text._thread_init  lto-llvm-ab2f81.o
    0x08001668   0x08001668   0x00000028   Code   RO          413    .text._thread_timeout  lto-llvm-ab2f81.o
    0x08001690   0x08001690   0x00000014   Code   RO          315    .text.clear         lto-llvm-ab2f81.o
    0x080016a4   0x080016a4   0x0000007c   Code   RO          339    .text.cmd_free      lto-llvm-ab2f81.o
    0x08001720   0x08001720   0x000000fc   Code   RO          333    .text.cmd_list      lto-llvm-ab2f81.o
    0x0800181c   0x0800181c   0x0000000a   Code   RO          337    .text.cmd_ps        lto-llvm-ab2f81.o
    0x08001826   0x08001826   0x00000002   PAD
    0x08001828   0x08001828   0x00000038   Code   RO          345    .text.finsh_get_prompt  lto-llvm-ab2f81.o
    0x08001860   0x08001860   0x000000b0   Code   RO          341    .text.finsh_system_init  lto-llvm-ab2f81.o
    0x08001910   0x08001910   0x000005a8   Code   RO          343    .text.finsh_thread_entry  lto-llvm-ab2f81.o
    0x08001eb8   0x08001eb8   0x00000020   Code   RO          255    .text.led_thread_entry  lto-llvm-ab2f81.o
    0x08001ed8   0x08001ed8   0x0000005c   Code   RO          323    .text.list_get_next  lto-llvm-ab2f81.o
    0x08001f34   0x08001f34   0x00000158   Code   RO          329    .text.list_mempool  lto-llvm-ab2f81.o
    0x0800208c   0x0800208c   0x00000120   Code   RO          325    .text.list_sem      lto-llvm-ab2f81.o
    0x080021ac   0x080021ac   0x000001fc   Code   RO          319    .text.list_thread   lto-llvm-ab2f81.o
    0x080023a8   0x080023a8   0x0000016c   Code   RO          331    .text.list_timer    lto-llvm-ab2f81.o
    0x08002514   0x08002514   0x00000198   Code   RO          253    .text.main          lto-llvm-ab2f81.o
    0x080026ac   0x080026ac   0x00000020   Code   RO          363    .text.main_thread_entry  lto-llvm-ab2f81.o
    0x080026cc   0x080026cc   0x0000005c   Code   RO          335    .text.msh_help      lto-llvm-ab2f81.o
    0x08002728   0x08002728   0x0000001c   Code   RO          321    .text.object_split  lto-llvm-ab2f81.o
    0x08002744   0x08002744   0x00000154   Code   RO          257    .text.oled_thread_entry  lto-llvm-ab2f81.o
    0x08002898   0x08002898   0x0000019c   Code   RO          383    .text.print_number  lto-llvm-ab2f81.o
    0x08002a34   0x08002a34   0x00000010   Code   RO          349    .text.reboot        lto-llvm-ab2f81.o
    0x08002a44   0x08002a44   0x00000018   Code   RO          405    .text.rt_enter_critical  lto-llvm-ab2f81.o
    0x08002a5c   0x08002a5c   0x00000034   Code   RO          407    .text.rt_exit_critical  lto-llvm-ab2f81.o
    0x08002a90   0x08002a90   0x0000008c   Code   RO          387    .text.rt_free       lto-llvm-ab2f81.o
    0x08002b1c   0x08002b1c   0x00000304   Code   RO          347    .text.rt_hw_hard_fault_exception  lto-llvm-ab2f81.o
    0x08002e20   0x08002e20   0x00000060   Code   RO          377    .text.rt_kprintf    lto-llvm-ab2f81.o
    0x08002e80   0x08002e80   0x000000d4   Code   RO          373    .text.rt_malloc     lto-llvm-ab2f81.o
    0x08002f54   0x08002f54   0x0000002c   Code   RO          369    .text.rt_memmove    lto-llvm-ab2f81.o
    0x08002f80   0x08002f80   0x00000042   Code   RO          367    .text.rt_memset     lto-llvm-ab2f81.o
    0x08002fc2   0x08002fc2   0x00000026   Code   RO          395    .text.rt_object_delete  lto-llvm-ab2f81.o
    0x08002fe8   0x08002fe8   0x0000001e   Code   RO          393    .text.rt_object_detach  lto-llvm-ab2f81.o
    0x08003006   0x08003006   0x00000002   PAD
    0x08003008   0x08003008   0x00000028   Code   RO          389    .text.rt_object_get_information  lto-llvm-ab2f81.o
    0x08003030   0x08003030   0x0000004a   Code   RO          391    .text.rt_object_init  lto-llvm-ab2f81.o
    0x0800307a   0x0800307a   0x00000002   PAD
    0x0800307c   0x0800307c   0x000000b0   Code   RO          401    .text.rt_schedule   lto-llvm-ab2f81.o
    0x0800312c   0x0800312c   0x00000064   Code   RO          403    .text.rt_schedule_insert_thread  lto-llvm-ab2f81.o
    0x08003190   0x08003190   0x00000048   Code   RO          399    .text.rt_schedule_remove_thread  lto-llvm-ab2f81.o
    0x080031d8   0x080031d8   0x000000bc   Code   RO          375    .text.rt_show_version  lto-llvm-ab2f81.o
    0x08003294   0x08003294   0x00000028   Code   RO          385    .text.rt_sprintf    lto-llvm-ab2f81.o
    0x080032bc   0x080032bc   0x0000002e   Code   RO          371    .text.rt_strncpy    lto-llvm-ab2f81.o
    0x080032ea   0x080032ea   0x00000078   Code   RO          417    .text.rt_thread_create  lto-llvm-ab2f81.o
    0x08003362   0x08003362   0x00000002   PAD
    0x08003364   0x08003364   0x00000064   Code   RO          365    .text.rt_thread_idle_entry  lto-llvm-ab2f81.o
    0x080033c8   0x080033c8   0x00000078   Code   RO          419    .text.rt_thread_mdelay  lto-llvm-ab2f81.o
    0x08003440   0x08003440   0x00000044   Code   RO          415    .text.rt_thread_startup  lto-llvm-ab2f81.o
    0x08003484   0x08003484   0x00000088   Code   RO          421    .text.rt_timer_start  lto-llvm-ab2f81.o
    0x0800350c   0x0800350c   0x00000034   Code   RO          423    .text.rt_timer_stop  lto-llvm-ab2f81.o
    0x08003540   0x08003540   0x000002a0   Code   RO          379    .text.rt_vsnprintf  lto-llvm-ab2f81.o
    0x080037e0   0x080037e0   0x00000004   Code   RO          357    .text.rti_board_end  lto-llvm-ab2f81.o
    0x080037e4   0x080037e4   0x00000004   Code   RO          355    .text.rti_board_start  lto-llvm-ab2f81.o
    0x080037e8   0x080037e8   0x00000004   Code   RO          359    .text.rti_end       lto-llvm-ab2f81.o
    0x080037ec   0x080037ec   0x00000004   Code   RO          353    .text.rti_start     lto-llvm-ab2f81.o
    0x080037f0   0x080037f0   0x00000038   Code   RO          327    .text.show_wait_queue  lto-llvm-ab2f81.o
    0x08003828   0x08003828   0x00000024   Code   RO          381    .text.skip_atoi     lto-llvm-ab2f81.o
    0x0800384c   0x0800384c   0x0000000a   Code   RO          317    .text.version       lto-llvm-ab2f81.o
    0x08003856   0x08003856   0x00000400   Data   RO          441    .rodata.BMP1        lto-llvm-ab2f81.o
    0x08003c56   0x08003c56   0x00000160   Data   RO          453    .rodata.Hzk1        lto-llvm-ab2f81.o
    0x08003db6   0x08003db6   0x00000048   Data   RO          454    .rodata.Hzk2        lto-llvm-ab2f81.o
    0x08003dfe   0x08003dfe   0x00000080   Data   RO          455    .rodata.Hzk3        lto-llvm-ab2f81.o
    0x08003e7e   0x08003e7e   0x00000200   Data   RO          456    .rodata.Hzk4        lto-llvm-ab2f81.o
    0x0800407e   0x0800407e   0x00000100   Data   RO          486    .rodata.__lowest_bit_bitmap  lto-llvm-ab2f81.o
    0x0800417e   0x0800417e   0x00000228   Data   RO          449    .rodata.asc2_0806   lto-llvm-ab2f81.o
    0x080043a6   0x080043a6   0x00000474   Data   RO          450    .rodata.asc2_1206   lto-llvm-ab2f81.o
    0x0800481a   0x0800481a   0x000005f0   Data   RO          451    .rodata.asc2_1608   lto-llvm-ab2f81.o
    0x08004e0a   0x08004e0a   0x00000d5c   Data   RO          452    .rodata.asc2_2412   lto-llvm-ab2f81.o
    0x08005b66   0x08005b66   0x00000010   Data   RO          447    .rodata.cst16       lto-llvm-ab2f81.o
    0x08005b76   0x08005b76   0x00000008   Data   RO          448    .rodata.cst8        lto-llvm-ab2f81.o
    0x08005b7e   0x08005b7e   0x00000158   Data   RO          458    .rodata.name        lto-llvm-ab2f81.o
    0x08005cd6   0x08005cd6   0x00000002   PAD
    0x08005cd8   0x08005cd8   0x00000030   Data   RO          484    .rodata.rt_errno_strs  lto-llvm-ab2f81.o
    0x08005d08   0x08005d08   0x000002e8   Data   RO          443    .rodata.str1.1      lto-llvm-ab2f81.o
    0x08005ff0   0x08005ff0   0x00000004   Data   RO          477    .rti_fn.0           lto-llvm-ab2f81.o
    0x08005ff4   0x08005ff4   0x00000004   Data   RO          478    .rti_fn.0.end       lto-llvm-ab2f81.o
    0x08005ff8   0x08005ff8   0x00000004   Data   RO          479    .rti_fn.1.end       lto-llvm-ab2f81.o
    0x08005ffc   0x08005ffc   0x00000004   Data   RO          470    .rti_fn.6           lto-llvm-ab2f81.o
    0x08006000   0x08006000   0x00000004   Data   RO          480    .rti_fn.6.end       lto-llvm-ab2f81.o
    0x08006004   0x08006004   0x0000000c   Data   RO          459    FSymTab             lto-llvm-ab2f81.o
    0x08006010   0x08006010   0x0000000c   Data   RO          460    FSymTab             lto-llvm-ab2f81.o
    0x0800601c   0x0800601c   0x0000000c   Data   RO          461    FSymTab             lto-llvm-ab2f81.o
    0x08006028   0x08006028   0x0000000c   Data   RO          462    FSymTab             lto-llvm-ab2f81.o
    0x08006034   0x08006034   0x0000000c   Data   RO          463    FSymTab             lto-llvm-ab2f81.o
    0x08006040   0x08006040   0x0000000c   Data   RO          464    FSymTab             lto-llvm-ab2f81.o
    0x0800604c   0x0800604c   0x0000000c   Data   RO          465    FSymTab             lto-llvm-ab2f81.o
    0x08006058   0x08006058   0x0000000c   Data   RO          466    FSymTab             lto-llvm-ab2f81.o
    0x08006064   0x08006064   0x0000000c   Data   RO          467    FSymTab             lto-llvm-ab2f81.o
    0x08006070   0x08006070   0x0000000c   Data   RO          468    FSymTab             lto-llvm-ab2f81.o
    0x0800607c   0x0800607c   0x0000000c   Data   RO          475    FSymTab             lto-llvm-ab2f81.o
    0x08006088   0x08006088   0x00000020   Data   RO          498    Region$$Table       anon$$obj.o


    Execution Region RW_IRAM1 (Exec base: 0x20000000, Load base: 0x080060a8, Size: 0x00004b10, Max: 0x00005000, ABSOLUTE)

    Exec Addr    Load Addr    Size         Type   Attr      Idx    E Section Name        Object

    0x20000000   0x080060a8   0x00000004   Data   RW          446    .data.SystemCoreClock  lto-llvm-ab2f81.o
    0x20000004   0x080060ac   0x00000050   Data   RW          487    .data._object_container  lto-llvm-ab2f81.o
    0x20000054   0x080060fc   0x00000008   Data   RW          481    .data._rt_thread_defunct  lto-llvm-ab2f81.o
    0x2000005c   0x08006104   0x00000001   Data   RW          442    .data.t             lto-llvm-ab2f81.o
    0x2000005d   0x08006105   0x00000003   PAD
    0x20000060        -       0x00000060   Zero   RW           91    .bss                c_w.l(libspace.o)
    0x200000c0        -       0x00000038   Zero   RW          489    .bss..L_MergedGlobals  lto-llvm-ab2f81.o
    0x200000f8        -       0x00000400   Zero   RW          457    .bss.OLED_GRAM      lto-llvm-ab2f81.o
    0x200004f8        -       0x00000081   Zero   RW          469    .bss.finsh_get_prompt.finsh_prompt  lto-llvm-ab2f81.o
    0x20000579   0x08006105   0x00000003   PAD
    0x2000057c        -       0x00000048   Zero   RW          445    .bss.htim4          lto-llvm-ab2f81.o
    0x200005c4        -       0x00000048   Zero   RW          476    .bss.huart3         lto-llvm-ab2f81.o
    0x2000060c        -       0x00000078   Zero   RW          482    .bss.idle           lto-llvm-ab2f81.o
    0x20000684        -       0x00003c00   Zero   RW          474    .bss.rt_heap        lto-llvm-ab2f81.o
    0x20004284        -       0x00000004   Zero   RW          471    .bss.rt_interrupt_from_thread  lto-llvm-ab2f81.o
    0x20004288        -       0x00000004   Zero   RW          472    .bss.rt_interrupt_to_thread  lto-llvm-ab2f81.o
    0x2000428c        -       0x00000080   Zero   RW          485    .bss.rt_kprintf.rt_log_buf  lto-llvm-ab2f81.o
    0x2000430c        -       0x00000100   Zero   RW          488    .bss.rt_thread_priority_table  lto-llvm-ab2f81.o
    0x2000440c        -       0x00000100   Zero   RW          483    .bss.rt_thread_stack  lto-llvm-ab2f81.o
    0x2000450c        -       0x00000004   Zero   RW          473    .bss.rt_thread_switch_interrupt_flag  lto-llvm-ab2f81.o
    0x20004510        -       0x00000200   Zero   RW            2    HEAP                startup_stm32f103xb.o
    0x20004710        -       0x00000400   Zero   RW            1    STACK               startup_stm32f103xb.o


==============================================================================

Image component sizes


      Code (inc. data)   RO Data    RW Data    ZI Data      Debug   Object Name

       252         28          0          0          0        840   context_rvds.o
     13192       2170      10288         93      17485     105383   lto-llvm-ab2f81.o
        64         26        236          0       1536        788   startup_stm32f103xb.o

    ----------------------------------------------------------------------
     13522       2224      10558         96      19024     107011   Object Totals
         0          0         32          0          0          0   (incl. Generated)
        14          0          2          3          3          0   (incl. Padding)

    ----------------------------------------------------------------------

      Code (inc. data)   RO Data    RW Data    ZI Data      Debug   Library Member Name

         8          0          0          0          0         68   __main.o
         0          0          0          0          0          0   __rtentry.o
        12          0          0          0          0          0   __rtentry2.o
         6          0          0          0          0          0   __rtentry4.o
        94          8          0          0          0          0   __scatter.o
        26          0          0          0          0          0   __scatter_copy.o
        28          0          0          0          0          0   __scatter_zi.o
        18          0          0          0          0         80   exit.o
         6          0          0          0          0        152   heapauxi.o
         0          0          0          0          0          0   indicate_semi.o
         2          0          0          0          0          0   libinit.o
         2          0          0          0          0          0   libinit2.o
         2          0          0          0          0          0   libshutdown.o
         2          0          0          0          0          0   libshutdown2.o
         8          4          0          0         96         68   libspace.o
         2          0          0          0          0          0   rtexit.o
        10          0          0          0          0          0   rtexit2.o
       128          0          0          0          0         68   strcmpv7m.o
        62          0          0          0          0         76   strlen.o
       150          0          0          0          0         80   strncmp.o
        12          4          0          0          0         68   sys_exit.o
        74          0          0          0          0         80   sys_stackheap_outer.o
         2          0          0          0          0         68   use_no_semi.o

    ----------------------------------------------------------------------
       664         16          0          0         96        808   Library Totals
        10          0          0          0          0          0   (incl. Padding)

    ----------------------------------------------------------------------

      Code (inc. data)   RO Data    RW Data    ZI Data      Debug   Library Name

       654         16          0          0         96        808   c_w.l

    ----------------------------------------------------------------------
       664         16          0          0         96        808   Library Totals

    ----------------------------------------------------------------------

==============================================================================


      Code (inc. data)   RO Data    RW Data    ZI Data      Debug   

     14186       2240      10558         96      19120     107571   Grand Totals
     14186       2240      10558         96      19120     107571   ELF Image Totals
     14186       2240      10558         96          0          0   ROM Totals

==============================================================================

    Total RO  Size (Code + RO Data)                24744 (  24.16kB)
    Total RW  Size (RW Data + ZI Data)             19216 (  18.77kB)
    Total ROM Size (Code + RO Data + RW Data)      24840 (  24.26kB)

==============================================================================

