Component: Arm Compiler for Embedded 6.21 Tool: armlink [5ec1fa00]

==============================================================================

Section Cross References

    startup_stm32f103xb.o(STACK) refers (Special) to heapauxi.o(.text) for __use_two_region_memory
    startup_stm32f103xb.o(HEAP) refers (Special) to heapauxi.o(.text) for __use_two_region_memory
    startup_stm32f103xb.o(RESET) refers (Special) to heapauxi.o(.text) for __use_two_region_memory
    startup_stm32f103xb.o(RESET) refers to startup_stm32f103xb.o(STACK) for __initial_sp
    startup_stm32f103xb.o(RESET) refers to startup_stm32f103xb.o(.text) for Reset_Handler
    startup_stm32f103xb.o(RESET) refers to lto-llvm-749bcc.o(.text.NMI_Handler) for NMI_Handler
    startup_stm32f103xb.o(RESET) refers to context_rvds.o(.text) for HardFault_Handler
    startup_stm32f103xb.o(RESET) refers to lto-llvm-749bcc.o(.text.MemManage_Handler) for MemManage_Handler
    startup_stm32f103xb.o(RESET) refers to lto-llvm-749bcc.o(.text.BusFault_Handler) for BusFault_Handler
    startup_stm32f103xb.o(RESET) refers to lto-llvm-749bcc.o(.text.UsageFault_Handler) for UsageFault_Handler
    startup_stm32f103xb.o(RESET) refers to lto-llvm-749bcc.o(.text.DebugMon_Handler) for DebugMon_Handler
    startup_stm32f103xb.o(RESET) refers to lto-llvm-749bcc.o(.text.SysTick_Handler) for SysTick_Handler
    startup_stm32f103xb.o(RESET) refers to lto-llvm-749bcc.o(.text.TIM4_IRQHandler) for TIM4_IRQHandler
    startup_stm32f103xb.o(.text) refers (Special) to heapauxi.o(.text) for __use_two_region_memory
    startup_stm32f103xb.o(.text) refers to lto-llvm-749bcc.o(.text.SystemInit) for SystemInit
    startup_stm32f103xb.o(.text) refers to __main.o(!!!main) for __main
    startup_stm32f103xb.o(.text) refers to startup_stm32f103xb.o(HEAP) for Heap_Mem
    startup_stm32f103xb.o(.text) refers to startup_stm32f103xb.o(STACK) for Stack_Mem
    context_rvds.o(.text) refers to lto-llvm-749bcc.o(.text.rt_hw_hard_fault_exception) for rt_hw_hard_fault_exception
    context_rvds.o(.text) refers to lto-llvm-749bcc.o(.bss.rt_thread_switch_interrupt_flag) for rt_thread_switch_interrupt_flag
    context_rvds.o(.text) refers to lto-llvm-749bcc.o(.bss.rt_interrupt_from_thread) for rt_interrupt_from_thread
    context_rvds.o(.text) refers to lto-llvm-749bcc.o(.bss.rt_interrupt_to_thread) for rt_interrupt_to_thread
    rt_ctype_table.o(.text) refers to rt_locale_intlibspace.o(.text) for __rt_locale
    rt_ctype_table.o(.text) refers to lc_ctype_c.o(locale$$code) for _get_lc_ctype
    tolower.o(.text) refers to rt_ctype_table.o(.text) for __rt_ctype_table
    strncpy.o(.text) refers to rt_memclr.o(.text) for __aeabi_memclr
    __main.o(!!!main) refers to __rtentry.o(.ARM.Collect$$rtentry$$00000000) for __rt_entry
    __rtentry.o(.ARM.Collect$$rtentry$$00000000) refers (Special) to __rtentry2.o(.ARM.Collect$$rtentry$$0000000A) for __rt_entry_li
    __rtentry.o(.ARM.Collect$$rtentry$$00000000) refers (Special) to __rtentry2.o(.ARM.Collect$$rtentry$$0000000D) for __rt_entry_main
    __rtentry.o(.ARM.Collect$$rtentry$$00000000) refers (Special) to __rtentry2.o(.ARM.Collect$$rtentry$$0000000C) for __rt_entry_postli_1
    __rtentry.o(.ARM.Collect$$rtentry$$00000000) refers (Special) to __rtentry2.o(.ARM.Collect$$rtentry$$00000009) for __rt_entry_postsh_1
    __rtentry.o(.ARM.Collect$$rtentry$$00000000) refers (Special) to __rtentry2.o(.ARM.Collect$$rtentry$$00000002) for __rt_entry_presh_1
    __rtentry.o(.ARM.Collect$$rtentry$$00000000) refers (Special) to __rtentry4.o(.ARM.Collect$$rtentry$$00000004) for __rt_entry_sh
    rt_locale.o(.text) refers to rt_locale.o(.bss) for __rt_locale_data
    rt_locale_intlibspace.o(.text) refers to libspace.o(.bss) for __libspace_start
    lc_ctype_c.o(locale$$data) refers (Special) to libinit2.o(.ARM.Collect$$libinit$$00000014) for __rt_lib_init_lc_ctype_2
    lc_ctype_c.o(locale$$code) refers (Special) to libinit2.o(.ARM.Collect$$libinit$$00000014) for __rt_lib_init_lc_ctype_2
    lc_ctype_c.o(locale$$code) refers to strcmpv7m.o(.text) for strcmp
    lc_ctype_c.o(locale$$code) refers to lc_ctype_c.o(locale$$data) for __lcctype_c_name
    rt_memclr.o(.text) refers to rt_memclr_w.o(.text) for _memset_w
    libspace.o(.text) refers to libspace.o(.bss) for __libspace_start
    __rtentry2.o(.ARM.Collect$$rtentry$$00000008) refers to boardinit2.o(.text) for _platform_post_stackheap_init
    __rtentry2.o(.ARM.Collect$$rtentry$$0000000A) refers to libinit.o(.ARM.Collect$$libinit$$00000000) for __rt_lib_init
    __rtentry2.o(.ARM.Collect$$rtentry$$0000000B) refers to boardinit3.o(.text) for _platform_post_lib_init
    __rtentry2.o(.ARM.Collect$$rtentry$$0000000D) refers to lto-llvm-749bcc.o(.text.$Sub$$main) for main
    __rtentry2.o(.ARM.Collect$$rtentry$$0000000D) refers to exit.o(.text) for exit
    __rtentry2.o(.ARM.exidx) refers to __rtentry2.o(.ARM.Collect$$rtentry$$00000001) for .ARM.Collect$$rtentry$$00000001
[...]
    ..\Middlewares\Third_Party\RealThread_RTOS_RT-Thread\libcpu\arm\cortex-m3\context_rvds.S 0x00000000   Number         0  context_rvds.o ABSOLUTE
    dc.s                                     0x00000000   Number         0  dc.o ABSOLUTE
    ld-temp.o                                0x00000000   Number         0  lto-llvm-749bcc.o ABSOLUTE
    startup_stm32f103xb.s                    0x00000000   Number         0  startup_stm32f103xb.o ABSOLUTE
    RESET                                    0x08000000   Section      236  startup_stm32f103xb.o(RESET)
    !!!main                                  0x080000ec   Section        8  __main.o(!!!main)
    !!!scatter                               0x080000f4   Section       92  __scatter.o(!!!scatter)
    !!handler_copy                           0x08000150   Section       26  __scatter_copy.o(!!handler_copy)
    !!handler_null                           0x0800016c   Section        2  __scatter.o(!!handler_null)
    !!handler_zi                             0x08000170   Section       28  __scatter_zi.o(!!handler_zi)
    .ARM.Collect$$libinit$$00000000          0x0800018c   Section        2  libinit.o(.ARM.Collect$$libinit$$00000000)
    .ARM.Collect$$libinit$$00000002          0x0800018e   Section        0  libinit2.o(.ARM.Collect$$libinit$$00000002)
    .ARM.Collect$$libinit$$00000004          0x0800018e   Section        0  libinit2.o(.ARM.Collect$$libinit$$00000004)
    .ARM.Collect$$libinit$$00000006          0x0800018e   Section        0  libinit2.o(.ARM.Collect$$libinit$$00000006)
    .ARM.Collect$$libinit$$0000000C          0x0800018e   Section        0  libinit2.o(.ARM.Collect$$libinit$$0000000C)
    .ARM.Collect$$libinit$$0000000E          0x0800018e   Section        0  libinit2.o(.ARM.Collect$$libinit$$0000000E)
    .ARM.Collect$$libinit$$00000010          0x0800018e   Section        0  libinit2.o(.ARM.Collect$$libinit$$00000010)
    .ARM.Collect$$libinit$$00000013          0x0800018e   Section        0  libinit2.o(.ARM.Collect$$libinit$$00000013)
    .ARM.Collect$$libinit$$00000015          0x0800018e   Section        0  libinit2.o(.ARM.Collect$$libinit$$00000015)
    .ARM.Collect$$libinit$$00000017          0x0800018e   Section        0  libinit2.o(.ARM.Collect$$libinit$$00000017)
    .ARM.Collect$$libinit$$00000019          0x0800018e   Section        0  libinit2.o(.ARM.Collect$$libinit$$00000019)
    .ARM.Collect$$libinit$$0000001B          0x0800018e   Section        0  libinit2.o(.ARM.Collect$$libinit$$0000001B)
    .ARM.Collect$$libinit$$0000001D          0x0800018e   Section        0  libinit2.o(.ARM.Collect$$libinit$$0000001D)
    .ARM.Collect$$libinit$$0000001F          0x0800018e   Section        0  libinit2.o(.ARM.Collect$$libinit$$0000001F)
    .ARM.Collect$$libinit$$00000021          0x0800018e   Section        0  libinit2.o(.ARM.Collect$$libinit$$00000021)
    .ARM.Collect$$libinit$$00000023          0x0800018e   Section        0  libinit2.o(.ARM.Collect$$libinit$$00000023)
    .ARM.Collect$$libinit$$00000025          0x0800018e   Section        0  libinit2.o(.ARM.Collect$$libinit$$00000025)
    .ARM.Collect$$libinit$$00000027          0x0800018e   Section        0  libinit2.o(.ARM.Collect$$libinit$$00000027)
    .ARM.Collect$$libinit$$0000002E          0x0800018e   Section        0  libinit2.o(.ARM.Collect$$libinit$$0000002E)
    .ARM.Collect$$libinit$$00000030          0x0800018e   Section        0  libinit2.o(.ARM.Collect$$libinit$$00000030)
    .ARM.Collect$$libinit$$00000032          0x0800018e   Section        0  libinit2.o(.ARM.Collect$$libinit$$00000032)
    .ARM.Collect$$libinit$$00000034          0x0800018e   Section        0  libinit2.o(.ARM.Collect$$libinit$$00000034)
    .ARM.Collect$$libinit$$00000035          0x0800018e   Section        2  libinit2.o(.ARM.Collect$$libinit$$00000035)
    .ARM.Collect$$libshutdown$$00000000      0x08000190   Section        2  libshutdown.o(.ARM.Collect$$libshutdown$$00000000)
    .ARM.Collect$$libshutdown$$00000002      0x08000192   Section        0  libshutdown2.o(.ARM.Collect$$libshutdown$$00000002)
    .ARM.Collect$$libshutdown$$00000004      0x08000192   Section        0  libshutdown2.o(.ARM.Collect$$libshutdown$$00000004)
    .ARM.Collect$$libshutdown$$00000007      0x08000192   Section        0  libshutdown2.o(.ARM.Collect$$libshutdown$$00000007)
    .ARM.Collect$$libshutdown$$0000000A      0x08000192   Section        0  libshutdown2.o(.ARM.Collect$$libshutdown$$0000000A)
    .ARM.Collect$$libshutdown$$0000000C      0x08000192   Section        0  libshutdown2.o(.ARM.Collect$$libshutdown$$0000000C)
    .ARM.Collect$$libshutdown$$0000000F      0x08000192   Section        0  libshutdown2.o(.ARM.Collect$$libshutdown$$0000000F)
    .ARM.Collect$$libshutdown$$00000010      0x08000192   Section        2  libshutdown2.o(.ARM.Collect$$libshutdown$$00000010)
    .ARM.Collect$$rtentry$$00000000          0x08000194   Section        0  __rtentry.o(.ARM.Collect$$rtentry$$00000000)
    .ARM.Collect$$rtentry$$00000002          0x08000194   Section        0  __rtentry2.o(.ARM.Collect$$rtentry$$00000002)
    .ARM.Collect$$rtentry$$00000004          0x08000194   Section        6  __rtentry4.o(.ARM.Collect$$rtentry$$00000004)
    .ARM.Collect$$rtentry$$00000009          0x0800019a   Section        0  __rtentry2.o(.ARM.Collect$$rtentry$$00000009)
    .ARM.Collect$$rtentry$$0000000A          0x0800019a   Section        4  __rtentry2.o(.ARM.Collect$$rtentry$$0000000A)
    .ARM.Collect$$rtentry$$0000000C          0x0800019e   Section        0  __rtentry2.o(.ARM.Collect$$rtentry$$0000000C)
    .ARM.Collect$$rtentry$$0000000D          0x0800019e   Section        8  __rtentry2.o(.ARM.Collect$$rtentry$$0000000D)
    .ARM.Collect$$rtexit$$00000000           0x080001a6   Section        2  rtexit.o(.ARM.Collect$$rtexit$$00000000)
    .ARM.Collect$$rtexit$$00000002           0x080001a8   Section        0  rtexit2.o(.ARM.Collect$$rtexit$$00000002)
    .ARM.Collect$$rtexit$$00000003           0x080001a8   Section        4  rtexit2.o(.ARM.Collect$$rtexit$$00000003)
    .ARM.Collect$$rtexit$$00000004           0x080001ac   Section        6  rtexit2.o(.ARM.Collect$$rtexit$$00000004)
    .text                                    0x080001b4   Section       64  startup_stm32f103xb.o(.text)
    .text                                    0x080001f4   Section      252  context_rvds.o(.text)
    .text                                    0x080002f0   Section        0  strlen.o(.text)
    .text                                    0x0800032e   Section        0  strncmp.o(.text)
    .text                                    0x080003c4   Section      128  strcmpv7m.o(.text)
    .text                                    0x08000444   Section        0  heapauxi.o(.text)
    .text                                    0x0800044c   Section        8  libspace.o(.text)
    .text                                    0x08000454   Section       74  sys_stackheap_outer.o(.text)
    .text                                    0x0800049e   Section        0  exit.o(.text)
    .text                                    0x080004b0   Section        0  sys_exit.o(.text)
    .text                                    0x080004bc   Section        2  use_no_semi.o(.text)
    .text                                    0x080004be   Section        0  indicate_semi.o(.text)
    [Anonymous Symbol]                       0x080004c0   Section        0  lto-llvm-749bcc.o(.text.$Sub$$main)
    __arm_cp.37_28                           0x0800080c   Number         4  lto-llvm-749bcc.o(.text.$Sub$$main)
    __arm_cp.37_29                           0x08000810   Number         4  lto-llvm-749bcc.o(.text.$Sub$$main)
    __arm_cp.37_1                            0x080008ec   Number         4  lto-llvm-749bcc.o(.text.$Sub$$main)
    __arm_cp.37_2                            0x080008f0   Number         4  lto-llvm-749bcc.o(.text.$Sub$$main)
    __arm_cp.37_4                            0x080008f4   Number         4  lto-llvm-749bcc.o(.text.$Sub$$main)
    HAL_RCC_GetSysClockFreq.aPLLMULFactorTable 0x080008f8   Number         0  lto-llvm-749bcc.o(.text.$Sub$$main)
    HAL_RCC_GetSysClockFreq.aPredivFactorTable 0x08000908   Number         0  lto-llvm-749bcc.o(.text.$Sub$$main)
    __arm_cp.37_7                            0x0800090c   Number         4  lto-llvm-749bcc.o(.text.$Sub$$main)
    __arm_cp.37_8                            0x08000910   Number         4  lto-llvm-749bcc.o(.text.$Sub$$main)
    __arm_cp.37_9                            0x08000914   Number         4  lto-llvm-749bcc.o(.text.$Sub$$main)
    __arm_cp.37_10                           0x08000918   Number         4  lto-llvm-749bcc.o(.text.$Sub$$main)
    __arm_cp.37_11                           0x0800091c   Number         4  lto-llvm-749bcc.o(.text.$Sub$$main)
    __arm_cp.37_12                           0x08000920   Number         4  lto-llvm-749bcc.o(.text.$Sub$$main)
    __arm_cp.37_13                           0x08000924   Number         4  lto-llvm-749bcc.o(.text.$Sub$$main)
    __arm_cp.37_14                           0x08000928   Number         4  lto-llvm-749bcc.o(.text.$Sub$$main)
    __arm_cp.37_15                           0x0800092c   Number         4  lto-llvm-749bcc.o(.text.$Sub$$main)
    __arm_cp.37_16                           0x08000930   Number         4  lto-llvm-749bcc.o(.text.$Sub$$main)
    __arm_cp.37_17                           0x08000934   Number         4  lto-llvm-749bcc.o(.text.$Sub$$main)
    __arm_cp.37_18                           0x08000938   Number         4  lto-llvm-749bcc.o(.text.$Sub$$main)
    __arm_cp.37_22                           0x08000988   Number         4  lto-llvm-749bcc.o(.text.$Sub$$main)
    __arm_cp.37_24                           0x08000994   Number         4  lto-llvm-749bcc.o(.text.$Sub$$main)
    __arm_cp.37_25                           0x08000998   Number         4  lto-llvm-749bcc.o(.text.$Sub$$main)
    __arm_cp.37_26                           0x0800099c   Number         4  lto-llvm-749bcc.o(.text.$Sub$$main)
    __arm_cp.37_27                           0x080009a0   Number         4  lto-llvm-749bcc.o(.text.$Sub$$main)
    [Anonymous Symbol]                       0x080009a4   Section        0  lto-llvm-749bcc.o(.text.BusFault_Handler)
    [Anonymous Symbol]                       0x080009a6   Section        0  lto-llvm-749bcc.o(.text.DebugMon_Handler)
    HAL_GPIO_Init                            0x080009a9   Thumb Code   340  lto-llvm-749bcc.o(.text.HAL_GPIO_Init)
    [Anonymous Symbol]                       0x080009a8   Section        0  lto-llvm-749bcc.o(.text.HAL_GPIO_Init)
    __arm_cp.10_0                            0x08000afc   Number         4  lto-llvm-749bcc.o(.text.HAL_GPIO_Init)
    __arm_cp.10_1                            0x08000b00   Number         4  lto-llvm-749bcc.o(.text.HAL_GPIO_Init)
    __arm_cp.10_2                            0x08000b04   Number         4  lto-llvm-749bcc.o(.text.HAL_GPIO_Init)
    __arm_cp.10_4                            0x08000b08   Number         4  lto-llvm-749bcc.o(.text.HAL_GPIO_Init)
    __arm_cp.10_5                            0x08000b0c   Number         4  lto-llvm-749bcc.o(.text.HAL_GPIO_Init)
    __arm_cp.10_6                            0x08000b10   Number         4  lto-llvm-749bcc.o(.text.HAL_GPIO_Init)
    __arm_cp.10_7                            0x08000b14   Number         4  lto-llvm-749bcc.o(.text.HAL_GPIO_Init)
    __arm_cp.10_8                            0x08000b18   Number         4  lto-llvm-749bcc.o(.text.HAL_GPIO_Init)
    __arm_cp.10_9                            0x08000b1c   Number         4  lto-llvm-749bcc.o(.text.HAL_GPIO_Init)
    __arm_cp.10_10                           0x08000b20   Number         4  lto-llvm-749bcc.o(.text.HAL_GPIO_Init)
    HAL_Init                                 0x08000b25   Thumb Code    88  lto-llvm-749bcc.o(.text.HAL_Init)
    [Anonymous Symbol]                       0x08000b24   Section        0  lto-llvm-749bcc.o(.text.HAL_Init)
    __arm_cp.8_2                             0x08000b7c   Number         4  lto-llvm-749bcc.o(.text.HAL_Init)
    __arm_cp.8_3                             0x08000b80   Number         4  lto-llvm-749bcc.o(.text.HAL_Init)
    __arm_cp.8_4                             0x08000b84   Number         4  lto-llvm-749bcc.o(.text.HAL_Init)
    HAL_InitTick                             0x08000b89   Thumb Code   268  lto-llvm-749bcc.o(.text.HAL_InitTick)
    [Anonymous Symbol]                       0x08000b88   Section        0  lto-llvm-749bcc.o(.text.HAL_InitTick)
    __arm_cp.7_1                             0x08000c94   Number         4  lto-llvm-749bcc.o(.text.HAL_InitTick)
    __arm_cp.7_4                             0x08000c98   Number         4  lto-llvm-749bcc.o(.text.HAL_InitTick)
    __arm_cp.7_5                             0x08000c9c   Number         4  lto-llvm-749bcc.o(.text.HAL_InitTick)
    __arm_cp.7_6                             0x08000ca0   Number         4  lto-llvm-749bcc.o(.text.HAL_InitTick)
    __arm_cp.7_7                             0x08000ca4   Number         4  lto-llvm-749bcc.o(.text.HAL_InitTick)
    HAL_RCC_GetPCLK1Freq                     0x08000ca9   Thumb Code    20  lto-llvm-749bcc.o(.text.HAL_RCC_GetPCLK1Freq)
    [Anonymous Symbol]                       0x08000ca8   Section        0  lto-llvm-749bcc.o(.text.HAL_RCC_GetPCLK1Freq)
    __arm_cp.9_0                             0x08000cbc   Number         4  lto-llvm-749bcc.o(.text.HAL_RCC_GetPCLK1Freq)
    __arm_cp.9_1                             0x08000cc0   Number         4  lto-llvm-749bcc.o(.text.HAL_RCC_GetPCLK1Freq)
    APBPrescTable                            0x08000cc4   Number         0  lto-llvm-749bcc.o(.text.HAL_RCC_GetPCLK1Freq)
    HAL_UART_Transmit                        0x08000ccd   Thumb Code   120  lto-llvm-749bcc.o(.text.HAL_UART_Transmit)
    [Anonymous Symbol]                       0x08000ccc   Section        0  lto-llvm-749bcc.o(.text.HAL_UART_Transmit)
    [Anonymous Symbol]                       0x08000d44   Section        0  lto-llvm-749bcc.o(.text.MemManage_Handler)
    [Anonymous Symbol]                       0x08000d46   Section        0  lto-llvm-749bcc.o(.text.NMI_Handler)
    OUTLINED_FUNCTION_0                      0x08000d49   Thumb Code    20  lto-llvm-749bcc.o(.text.OUTLINED_FUNCTION_0)
    [Anonymous Symbol]                       0x08000d48   Section        0  lto-llvm-749bcc.o(.text.OUTLINED_FUNCTION_0)
    OUTLINED_FUNCTION_1                      0x08000d5d   Thumb Code     6  lto-llvm-749bcc.o(.text.OUTLINED_FUNCTION_1)
    [Anonymous Symbol]                       0x08000d5c   Section        0  lto-llvm-749bcc.o(.text.OUTLINED_FUNCTION_1)
    OUTLINED_FUNCTION_2                      0x08000d63   Thumb Code     8  lto-llvm-749bcc.o(.text.OUTLINED_FUNCTION_2)
    [Anonymous Symbol]                       0x08000d62   Section        0  lto-llvm-749bcc.o(.text.OUTLINED_FUNCTION_2)
    OUTLINED_FUNCTION_3                      0x08000d6b   Thumb Code    10  lto-llvm-749bcc.o(.text.OUTLINED_FUNCTION_3)
    [Anonymous Symbol]                       0x08000d6a   Section        0  lto-llvm-749bcc.o(.text.OUTLINED_FUNCTION_3)
    OUTLINED_FUNCTION_4                      0x08000d75   Thumb Code     6  lto-llvm-749bcc.o(.text.OUTLINED_FUNCTION_4)
    [Anonymous Symbol]                       0x08000d74   Section        0  lto-llvm-749bcc.o(.text.OUTLINED_FUNCTION_4)
    OUTLINED_FUNCTION_5                      0x08000d7b   Thumb Code    10  lto-llvm-749bcc.o(.text.OUTLINED_FUNCTION_5)
    [Anonymous Symbol]                       0x08000d7a   Section        0  lto-llvm-749bcc.o(.text.OUTLINED_FUNCTION_5)
    [Anonymous Symbol]                       0x08000d84   Section        0  lto-llvm-749bcc.o(.text.SysTick_Handler)
    __arm_cp.32_1                            0x08000e68   Number         4  lto-llvm-749bcc.o(.text.SysTick_Handler)
    [Anonymous Symbol]                       0x08000e6c   Section        0  lto-llvm-749bcc.o(.text.SystemInit)
    [Anonymous Symbol]                       0x08000e70   Section        0  lto-llvm-749bcc.o(.text.TIM4_IRQHandler)
    __arm_cp.6_0                             0x08000f18   Number         4  lto-llvm-749bcc.o(.text.TIM4_IRQHandler)
    __arm_cp.6_1                             0x08000f1c   Number         4  lto-llvm-749bcc.o(.text.TIM4_IRQHandler)
    UART_WaitOnFlagUntilTimeout              0x08000f21   Thumb Code   156  lto-llvm-749bcc.o(.text.UART_WaitOnFlagUntilTimeout)
    [Anonymous Symbol]                       0x08000f20   Section        0  lto-llvm-749bcc.o(.text.UART_WaitOnFlagUntilTimeout)
    __arm_cp.12_0                            0x08000fbc   Number         4  lto-llvm-749bcc.o(.text.UART_WaitOnFlagUntilTimeout)
    [Anonymous Symbol]                       0x08000fc0   Section        0  lto-llvm-749bcc.o(.text.UsageFault_Handler)
    _scheduler_get_highest_priority_thread   0x08000fc5   Thumb Code    68  lto-llvm-749bcc.o(.text._scheduler_get_highest_priority_thread)
    [Anonymous Symbol]                       0x08000fc4   Section        0  lto-llvm-749bcc.o(.text._scheduler_get_highest_priority_thread)
    __arm_cp.55_1                            0x08001008   Number         4  lto-llvm-749bcc.o(.text._scheduler_get_highest_priority_thread)
    __arm_cp.55_2                            0x0800100c   Number         4  lto-llvm-749bcc.o(.text._scheduler_get_highest_priority_thread)
    _thread_exit                             0x08001011   Thumb Code   100  lto-llvm-749bcc.o(.text._thread_exit)
    [Anonymous Symbol]                       0x08001010   Section        0  lto-llvm-749bcc.o(.text._thread_exit)
    __arm_cp.62_0                            0x08001074   Number         4  lto-llvm-749bcc.o(.text._thread_exit)
    __arm_cp.62_1                            0x08001078   Number         4  lto-llvm-749bcc.o(.text._thread_exit)
    _thread_init                             0x0800107d   Thumb Code   152  lto-llvm-749bcc.o(.text._thread_init)
    [Anonymous Symbol]                       0x0800107c   Section        0  lto-llvm-749bcc.o(.text._thread_init)
    __arm_cp.61_0                            0x08001114   Number         4  lto-llvm-749bcc.o(.text._thread_init)
    __arm_cp.61_1                            0x08001118   Number         4  lto-llvm-749bcc.o(.text._thread_init)
    __arm_cp.61_2                            0x0800111c   Number         4  lto-llvm-749bcc.o(.text._thread_init)
    _thread_timeout                          0x08001121   Thumb Code    40  lto-llvm-749bcc.o(.text._thread_timeout)
    [Anonymous Symbol]                       0x08001120   Section        0  lto-llvm-749bcc.o(.text._thread_timeout)
    clear                                    0x08001149   Thumb Code    12  lto-llvm-749bcc.o(.text.clear)
    [Anonymous Symbol]                       0x08001148   Section        0  lto-llvm-749bcc.o(.text.clear)
    cmd_free                                 0x0800115d   Thumb Code    52  lto-llvm-749bcc.o(.text.cmd_free)
    [Anonymous Symbol]                       0x0800115c   Section        0  lto-llvm-749bcc.o(.text.cmd_free)
    __arm_cp.26_0                            0x08001190   Number         4  lto-llvm-749bcc.o(.text.cmd_free)
    __arm_cp.26_2                            0x080011a4   Number         4  lto-llvm-749bcc.o(.text.cmd_free)
    cmd_list                                 0x080011d9   Thumb Code    96  lto-llvm-749bcc.o(.text.cmd_list)
    [Anonymous Symbol]                       0x080011d8   Section        0  lto-llvm-749bcc.o(.text.cmd_list)
    __arm_cp.23_0                            0x08001238   Number         4  lto-llvm-749bcc.o(.text.cmd_list)
    __arm_cp.23_1                            0x0800123c   Number         4  lto-llvm-749bcc.o(.text.cmd_list)
    __arm_cp.23_3                            0x08001244   Number         4  lto-llvm-749bcc.o(.text.cmd_list)
    __arm_cp.23_4                            0x08001248   Number         4  lto-llvm-749bcc.o(.text.cmd_list)
    __arm_cp.23_5                            0x0800124c   Number         4  lto-llvm-749bcc.o(.text.cmd_list)
    cmd_ps                                   0x080012d5   Thumb Code    10  lto-llvm-749bcc.o(.text.cmd_ps)
    [Anonymous Symbol]                       0x080012d4   Section        0  lto-llvm-749bcc.o(.text.cmd_ps)
    finsh_get_prompt                         0x080012e1   Thumb Code    44  lto-llvm-749bcc.o(.text.finsh_get_prompt)
    [Anonymous Symbol]                       0x080012e0   Section        0  lto-llvm-749bcc.o(.text.finsh_get_prompt)
    __arm_cp.29_0                            0x0800130c   Number         4  lto-llvm-749bcc.o(.text.finsh_get_prompt)
    __arm_cp.29_1                            0x08001310   Number         4  lto-llvm-749bcc.o(.text.finsh_get_prompt)
    __arm_cp.29_2                            0x08001314   Number         4  lto-llvm-749bcc.o(.text.finsh_get_prompt)
    finsh_system_init                        0x08001319   Thumb Code   116  lto-llvm-749bcc.o(.text.finsh_system_init)
    [Anonymous Symbol]                       0x08001318   Section        0  lto-llvm-749bcc.o(.text.finsh_system_init)
    __arm_cp.27_0                            0x0800138c   Number         4  lto-llvm-749bcc.o(.text.finsh_system_init)
    __arm_cp.27_1                            0x08001390   Number         4  lto-llvm-749bcc.o(.text.finsh_system_init)
    __arm_cp.27_2                            0x08001394   Number         4  lto-llvm-749bcc.o(.text.finsh_system_init)
    __arm_cp.27_4                            0x080013a0   Number         4  lto-llvm-749bcc.o(.text.finsh_system_init)
    finsh_thread_entry                       0x080013c5   Thumb Code  1336  lto-llvm-749bcc.o(.text.finsh_thread_entry)
    [Anonymous Symbol]                       0x080013c4   Section        0  lto-llvm-749bcc.o(.text.finsh_thread_entry)
    __arm_cp.28_0                            0x080018fc   Number         4  lto-llvm-749bcc.o(.text.finsh_thread_entry)
    __arm_cp.28_1                            0x08001900   Number         4  lto-llvm-749bcc.o(.text.finsh_thread_entry)
    __arm_cp.28_2                            0x08001904   Number         4  lto-llvm-749bcc.o(.text.finsh_thread_entry)
    __arm_cp.28_3                            0x08001908   Number         4  lto-llvm-749bcc.o(.text.finsh_thread_entry)
    __arm_cp.28_4                            0x0800190c   Number         4  lto-llvm-749bcc.o(.text.finsh_thread_entry)
    __arm_cp.28_5                            0x08001910   Number         4  lto-llvm-749bcc.o(.text.finsh_thread_entry)
    list_get_next                            0x0800196d   Thumb Code    92  lto-llvm-749bcc.o(.text.list_get_next)
    [Anonymous Symbol]                       0x0800196c   Section        0  lto-llvm-749bcc.o(.text.list_get_next)
    list_mempool                             0x080019c9   Thumb Code   204  lto-llvm-749bcc.o(.text.list_mempool)
    [Anonymous Symbol]                       0x080019c8   Section        0  lto-llvm-749bcc.o(.text.list_mempool)
    __arm_cp.21_1                            0x08001abc   Number         4  lto-llvm-749bcc.o(.text.list_mempool)
    __arm_cp.21_4                            0x08001b00   Number         4  lto-llvm-749bcc.o(.text.list_mempool)
    list_sem                                 0x08001b21   Thumb Code   188  lto-llvm-749bcc.o(.text.list_sem)
    [Anonymous Symbol]                       0x08001b20   Section        0  lto-llvm-749bcc.o(.text.list_sem)
    __arm_cp.19_4                            0x08001c2c   Number         4  lto-llvm-749bcc.o(.text.list_sem)
    list_thread                              0x08001c41   Thumb Code   356  lto-llvm-749bcc.o(.text.list_thread)
    [Anonymous Symbol]                       0x08001c40   Section        0  lto-llvm-749bcc.o(.text.list_thread)
    __arm_cp.16_0                            0x08001da4   Number         4  lto-llvm-749bcc.o(.text.list_thread)
    __arm_cp.16_1                            0x08001da8   Number         4  lto-llvm-749bcc.o(.text.list_thread)
    __arm_cp.16_5                            0x08001e0c   Number         4  lto-llvm-749bcc.o(.text.list_thread)
    __arm_cp.16_6                            0x08001e10   Number         4  lto-llvm-749bcc.o(.text.list_thread)
    list_timer                               0x08001e3d   Thumb Code   200  lto-llvm-749bcc.o(.text.list_timer)
    [Anonymous Symbol]                       0x08001e3c   Section        0  lto-llvm-749bcc.o(.text.list_timer)
    __arm_cp.22_1                            0x08001f38   Number         4  lto-llvm-749bcc.o(.text.list_timer)
    __arm_cp.22_3                            0x08001f6c   Number         4  lto-llvm-749bcc.o(.text.list_timer)
    __arm_cp.22_5                            0x08001f88   Number         4  lto-llvm-749bcc.o(.text.list_timer)
    __arm_cp.22_6                            0x08001f8c   Number         4  lto-llvm-749bcc.o(.text.list_timer)
    __arm_cp.22_8                            0x08001fa0   Number         4  lto-llvm-749bcc.o(.text.list_timer)
    __arm_cp.22_9                            0x08001fa4   Number         4  lto-llvm-749bcc.o(.text.list_timer)
    [Anonymous Symbol]                       0x08001fa8   Section        0  lto-llvm-749bcc.o(.text.main)
    __arm_cp.0_0                             0x08002010   Number         4  lto-llvm-749bcc.o(.text.main)
    __arm_cp.0_1                             0x08002014   Number         4  lto-llvm-749bcc.o(.text.main)
    main_thread_entry                        0x08002019   Thumb Code    24  lto-llvm-749bcc.o(.text.main_thread_entry)
    [Anonymous Symbol]                       0x08002018   Section        0  lto-llvm-749bcc.o(.text.main_thread_entry)
    __arm_cp.38_0                            0x08002030   Number         4  lto-llvm-749bcc.o(.text.main_thread_entry)
    __arm_cp.38_1                            0x08002034   Number         4  lto-llvm-749bcc.o(.text.main_thread_entry)
    msh_help                                 0x08002039   Thumb Code    44  lto-llvm-749bcc.o(.text.msh_help)
    [Anonymous Symbol]                       0x08002038   Section        0  lto-llvm-749bcc.o(.text.msh_help)
    __arm_cp.24_1                            0x08002080   Number         4  lto-llvm-749bcc.o(.text.msh_help)
    __arm_cp.24_2                            0x08002084   Number         4  lto-llvm-749bcc.o(.text.msh_help)
    object_split                             0x08002095   Thumb Code    24  lto-llvm-749bcc.o(.text.object_split)
    [Anonymous Symbol]                       0x08002094   Section        0  lto-llvm-749bcc.o(.text.object_split)
    print_number                             0x080020b1   Thumb Code   372  lto-llvm-749bcc.o(.text.print_number)
    [Anonymous Symbol]                       0x080020b0   Section        0  lto-llvm-749bcc.o(.text.print_number)
    print_number.small_digits                0x08002224   Number         0  lto-llvm-749bcc.o(.text.print_number)
    print_number.large_digits                0x08002238   Number         0  lto-llvm-749bcc.o(.text.print_number)
    reboot                                   0x0800224d   Thumb Code     8  lto-llvm-749bcc.o(.text.reboot)
    [Anonymous Symbol]                       0x0800224c   Section        0  lto-llvm-749bcc.o(.text.reboot)
    __arm_cp.31_0                            0x08002254   Number         4  lto-llvm-749bcc.o(.text.reboot)
    __arm_cp.31_1                            0x08002258   Number         4  lto-llvm-749bcc.o(.text.reboot)
    rt_enter_critical                        0x0800225d   Thumb Code    24  lto-llvm-749bcc.o(.text.rt_enter_critical)
    [Anonymous Symbol]                       0x0800225c   Section        0  lto-llvm-749bcc.o(.text.rt_enter_critical)
    rt_exit_critical                         0x08002275   Thumb Code    52  lto-llvm-749bcc.o(.text.rt_exit_critical)
    [Anonymous Symbol]                       0x08002274   Section        0  lto-llvm-749bcc.o(.text.rt_exit_critical)
    rt_free                                  0x080022a9   Thumb Code   140  lto-llvm-749bcc.o(.text.rt_free)
    [Anonymous Symbol]                       0x080022a8   Section        0  lto-llvm-749bcc.o(.text.rt_free)
    [Anonymous Symbol]                       0x08002334   Section        0  lto-llvm-749bcc.o(.text.rt_hw_hard_fault_exception)
    __arm_cp.30_0                            0x08002500   Number         4  lto-llvm-749bcc.o(.text.rt_hw_hard_fault_exception)
    __arm_cp.30_1                            0x08002504   Number         4  lto-llvm-749bcc.o(.text.rt_hw_hard_fault_exception)
    __arm_cp.30_2                            0x08002508   Number         4  lto-llvm-749bcc.o(.text.rt_hw_hard_fault_exception)
    __arm_cp.30_3                            0x0800250c   Number         4  lto-llvm-749bcc.o(.text.rt_hw_hard_fault_exception)
    __arm_cp.30_4                            0x08002510   Number         4  lto-llvm-749bcc.o(.text.rt_hw_hard_fault_exception)
    __arm_cp.30_5                            0x08002514   Number         4  lto-llvm-749bcc.o(.text.rt_hw_hard_fault_exception)
    __arm_cp.30_6                            0x08002518   Number         4  lto-llvm-749bcc.o(.text.rt_hw_hard_fault_exception)
    __arm_cp.30_17                           0x080025bc   Number         4  lto-llvm-749bcc.o(.text.rt_hw_hard_fault_exception)
    __arm_cp.30_18                           0x080025c0   Number         4  lto-llvm-749bcc.o(.text.rt_hw_hard_fault_exception)
    __arm_cp.30_19                           0x080025c4   Number         4  lto-llvm-749bcc.o(.text.rt_hw_hard_fault_exception)
    __arm_cp.30_20                           0x080025c8   Number         4  lto-llvm-749bcc.o(.text.rt_hw_hard_fault_exception)
    __arm_cp.30_21                           0x080025cc   Number         4  lto-llvm-749bcc.o(.text.rt_hw_hard_fault_exception)
    __arm_cp.30_22                           0x080025d0   Number         4  lto-llvm-749bcc.o(.text.rt_hw_hard_fault_exception)
    __arm_cp.30_23                           0x080025d4   Number         4  lto-llvm-749bcc.o(.text.rt_hw_hard_fault_exception)
    __arm_cp.30_24                           0x080025d8   Number         4  lto-llvm-749bcc.o(.text.rt_hw_hard_fault_exception)
    __arm_cp.30_25                           0x080025dc   Number         4  lto-llvm-749bcc.o(.text.rt_hw_hard_fault_exception)
    __arm_cp.30_26                           0x080025e0   Number         4  lto-llvm-749bcc.o(.text.rt_hw_hard_fault_exception)
    __arm_cp.30_27                           0x080025e4   Number         4  lto-llvm-749bcc.o(.text.rt_hw_hard_fault_exception)
    __arm_cp.30_29                           0x080025f0   Number         4  lto-llvm-749bcc.o(.text.rt_hw_hard_fault_exception)
    __arm_cp.30_30                           0x080025f4   Number         4  lto-llvm-749bcc.o(.text.rt_hw_hard_fault_exception)
    __arm_cp.30_31                           0x080025f8   Number         4  lto-llvm-749bcc.o(.text.rt_hw_hard_fault_exception)
    __arm_cp.30_32                           0x080025fc   Number         4  lto-llvm-749bcc.o(.text.rt_hw_hard_fault_exception)
    __arm_cp.30_33                           0x08002600   Number         4  lto-llvm-749bcc.o(.text.rt_hw_hard_fault_exception)
    __arm_cp.30_34                           0x08002604   Number         4  lto-llvm-749bcc.o(.text.rt_hw_hard_fault_exception)
    __arm_cp.30_35                           0x08002608   Number         4  lto-llvm-749bcc.o(.text.rt_hw_hard_fault_exception)
    __arm_cp.30_36                           0x0800260c   Number         4  lto-llvm-749bcc.o(.text.rt_hw_hard_fault_exception)
    __arm_cp.30_37                           0x08002610   Number         4  lto-llvm-749bcc.o(.text.rt_hw_hard_fault_exception)
    __arm_cp.30_38                           0x08002614   Number         4  lto-llvm-749bcc.o(.text.rt_hw_hard_fault_exception)
    __arm_cp.30_39                           0x08002618   Number         4  lto-llvm-749bcc.o(.text.rt_hw_hard_fault_exception)
    __arm_cp.30_40                           0x0800261c   Number         4  lto-llvm-749bcc.o(.text.rt_hw_hard_fault_exception)
    __arm_cp.30_41                           0x08002620   Number         4  lto-llvm-749bcc.o(.text.rt_hw_hard_fault_exception)
    __arm_cp.30_42                           0x08002624   Number         4  lto-llvm-749bcc.o(.text.rt_hw_hard_fault_exception)
    __arm_cp.30_43                           0x08002628   Number         4  lto-llvm-749bcc.o(.text.rt_hw_hard_fault_exception)
    __arm_cp.30_44                           0x0800262c   Number         4  lto-llvm-749bcc.o(.text.rt_hw_hard_fault_exception)
    __arm_cp.30_45                           0x08002630   Number         4  lto-llvm-749bcc.o(.text.rt_hw_hard_fault_exception)
    __arm_cp.30_46                           0x08002634   Number         4  lto-llvm-749bcc.o(.text.rt_hw_hard_fault_exception)
    rt_kprintf                               0x08002639   Thumb Code    88  lto-llvm-749bcc.o(.text.rt_kprintf)
    [Anonymous Symbol]                       0x08002638   Section        0  lto-llvm-749bcc.o(.text.rt_kprintf)
    __arm_cp.45_0                            0x08002690   Number         4  lto-llvm-749bcc.o(.text.rt_kprintf)
    __arm_cp.45_1                            0x08002694   Number         4  lto-llvm-749bcc.o(.text.rt_kprintf)
    rt_malloc                                0x08002699   Thumb Code   212  lto-llvm-749bcc.o(.text.rt_malloc)
    [Anonymous Symbol]                       0x08002698   Section        0  lto-llvm-749bcc.o(.text.rt_malloc)
    rt_memmove                               0x0800276d   Thumb Code    44  lto-llvm-749bcc.o(.text.rt_memmove)
    [Anonymous Symbol]                       0x0800276c   Section        0  lto-llvm-749bcc.o(.text.rt_memmove)
    rt_memset                                0x08002799   Thumb Code    66  lto-llvm-749bcc.o(.text.rt_memset)
    [Anonymous Symbol]                       0x08002798   Section        0  lto-llvm-749bcc.o(.text.rt_memset)
    rt_object_delete                         0x080027db   Thumb Code    38  lto-llvm-749bcc.o(.text.rt_object_delete)
    [Anonymous Symbol]                       0x080027da   Section        0  lto-llvm-749bcc.o(.text.rt_object_delete)
    rt_object_detach                         0x08002801   Thumb Code    30  lto-llvm-749bcc.o(.text.rt_object_detach)
    [Anonymous Symbol]                       0x08002800   Section        0  lto-llvm-749bcc.o(.text.rt_object_detach)
    rt_object_get_information                0x08002821   Thumb Code    36  lto-llvm-749bcc.o(.text.rt_object_get_information)
    [Anonymous Symbol]                       0x08002820   Section        0  lto-llvm-749bcc.o(.text.rt_object_get_information)
    __arm_cp.51_0                            0x08002844   Number         4  lto-llvm-749bcc.o(.text.rt_object_get_information)
    rt_object_init                           0x08002849   Thumb Code    74  lto-llvm-749bcc.o(.text.rt_object_init)
    [Anonymous Symbol]                       0x08002848   Section        0  lto-llvm-749bcc.o(.text.rt_object_init)
    rt_schedule                              0x08002895   Thumb Code   176  lto-llvm-749bcc.o(.text.rt_schedule)
    [Anonymous Symbol]                       0x08002894   Section        0  lto-llvm-749bcc.o(.text.rt_schedule)
    rt_schedule_insert_thread                0x08002945   Thumb Code   100  lto-llvm-749bcc.o(.text.rt_schedule_insert_thread)
    [Anonymous Symbol]                       0x08002944   Section        0  lto-llvm-749bcc.o(.text.rt_schedule_insert_thread)
    rt_schedule_remove_thread                0x080029a9   Thumb Code    64  lto-llvm-749bcc.o(.text.rt_schedule_remove_thread)
    [Anonymous Symbol]                       0x080029a8   Section        0  lto-llvm-749bcc.o(.text.rt_schedule_remove_thread)
    __arm_cp.56_0                            0x080029e8   Number         4  lto-llvm-749bcc.o(.text.rt_schedule_remove_thread)
    __arm_cp.56_1                            0x080029ec   Number         4  lto-llvm-749bcc.o(.text.rt_schedule_remove_thread)
    rt_show_version                          0x080029f1   Thumb Code    40  lto-llvm-749bcc.o(.text.rt_show_version)
    [Anonymous Symbol]                       0x080029f0   Section        0  lto-llvm-749bcc.o(.text.rt_show_version)
    __arm_cp.44_0                            0x08002a18   Number         4  lto-llvm-749bcc.o(.text.rt_show_version)
    __arm_cp.44_1                            0x08002a1c   Number         4  lto-llvm-749bcc.o(.text.rt_show_version)
    rt_sprintf                               0x08002aad   Thumb Code    32  lto-llvm-749bcc.o(.text.rt_sprintf)
    [Anonymous Symbol]                       0x08002aac   Section        0  lto-llvm-749bcc.o(.text.rt_sprintf)
    rt_strncpy                               0x08002ad5   Thumb Code    46  lto-llvm-749bcc.o(.text.rt_strncpy)
    [Anonymous Symbol]                       0x08002ad4   Section        0  lto-llvm-749bcc.o(.text.rt_strncpy)
    rt_thread_create                         0x08002b03   Thumb Code   118  lto-llvm-749bcc.o(.text.rt_thread_create)
    [Anonymous Symbol]                       0x08002b02   Section        0  lto-llvm-749bcc.o(.text.rt_thread_create)
    rt_thread_idle_entry                     0x08002b79   Thumb Code    96  lto-llvm-749bcc.o(.text.rt_thread_idle_entry)
    [Anonymous Symbol]                       0x08002b78   Section        0  lto-llvm-749bcc.o(.text.rt_thread_idle_entry)
    __arm_cp.39_0                            0x08002bd8   Number         4  lto-llvm-749bcc.o(.text.rt_thread_idle_entry)
    rt_thread_mdelay                         0x08002bdd   Thumb Code   116  lto-llvm-749bcc.o(.text.rt_thread_mdelay)
    [Anonymous Symbol]                       0x08002bdc   Section        0  lto-llvm-749bcc.o(.text.rt_thread_mdelay)
    __arm_cp.66_0                            0x08002c50   Number         4  lto-llvm-749bcc.o(.text.rt_thread_mdelay)
    rt_thread_startup                        0x08002c55   Thumb Code    68  lto-llvm-749bcc.o(.text.rt_thread_startup)
    [Anonymous Symbol]                       0x08002c54   Section        0  lto-llvm-749bcc.o(.text.rt_thread_startup)
    rt_timer_start                           0x08002c99   Thumb Code   132  lto-llvm-749bcc.o(.text.rt_timer_start)
    [Anonymous Symbol]                       0x08002c98   Section        0  lto-llvm-749bcc.o(.text.rt_timer_start)
    __arm_cp.67_0                            0x08002d1c   Number         4  lto-llvm-749bcc.o(.text.rt_timer_start)
    rt_timer_stop                            0x08002d21   Thumb Code    52  lto-llvm-749bcc.o(.text.rt_timer_stop)
    [Anonymous Symbol]                       0x08002d20   Section        0  lto-llvm-749bcc.o(.text.rt_timer_stop)
    rt_vsnprintf                             0x08002d55   Thumb Code   664  lto-llvm-749bcc.o(.text.rt_vsnprintf)
    [Anonymous Symbol]                       0x08002d54   Section        0  lto-llvm-749bcc.o(.text.rt_vsnprintf)
    rti_board_end                            0x08002ff5   Thumb Code     4  lto-llvm-749bcc.o(.text.rti_board_end)
    [Anonymous Symbol]                       0x08002ff4   Section        0  lto-llvm-749bcc.o(.text.rti_board_end)
    rti_board_start                          0x08002ff9   Thumb Code     4  lto-llvm-749bcc.o(.text.rti_board_start)
    [Anonymous Symbol]                       0x08002ff8   Section        0  lto-llvm-749bcc.o(.text.rti_board_start)
    rti_end                                  0x08002ffd   Thumb Code     4  lto-llvm-749bcc.o(.text.rti_end)
    [Anonymous Symbol]                       0x08002ffc   Section        0  lto-llvm-749bcc.o(.text.rti_end)
    rti_start                                0x08003001   Thumb Code     4  lto-llvm-749bcc.o(.text.rti_start)
    [Anonymous Symbol]                       0x08003000   Section        0  lto-llvm-749bcc.o(.text.rti_start)
    show_wait_queue                          0x08003005   Thumb Code    44  lto-llvm-749bcc.o(.text.show_wait_queue)
    [Anonymous Symbol]                       0x08003004   Section        0  lto-llvm-749bcc.o(.text.show_wait_queue)
    skip_atoi                                0x0800303d   Thumb Code    36  lto-llvm-749bcc.o(.text.skip_atoi)
    [Anonymous Symbol]                       0x0800303c   Section        0  lto-llvm-749bcc.o(.text.skip_atoi)
    version                                  0x08003061   Thumb Code    10  lto-llvm-749bcc.o(.text.version)
    [Anonymous Symbol]                       0x08003060   Section        0  lto-llvm-749bcc.o(.text.version)
    __lowest_bit_bitmap                      0x0800306a   Data         256  lto-llvm-749bcc.o(.rodata.__lowest_bit_bitmap)
    [Anonymous Symbol]                       0x0800306a   Section        0  lto-llvm-749bcc.o(.rodata.__lowest_bit_bitmap)
    AHBPrescTable                            0x0800316a   Data          16  lto-llvm-749bcc.o(.rodata.cst16)
    [Anonymous Symbol]                       0x0800316a   Section        0  lto-llvm-749bcc.o(.rodata.cst16)
    __fsym_clear_name                        0x0800317a   Data           6  lto-llvm-749bcc.o(.rodata.name)
    [Anonymous Symbol]                       0x0800317a   Section        0  lto-llvm-749bcc.o(.rodata.name)
    __fsym_clear_desc                        0x08003180   Data          26  lto-llvm-749bcc.o(.rodata.name)
    __fsym_version_name                      0x0800319a   Data           8  lto-llvm-749bcc.o(.rodata.name)
    __fsym_version_desc                      0x080031a2   Data          35  lto-llvm-749bcc.o(.rodata.name)
    __fsym_list_thread_name                  0x080031c5   Data          12  lto-llvm-749bcc.o(.rodata.name)
    __fsym_list_thread_desc                  0x080031d1   Data          12  lto-llvm-749bcc.o(.rodata.name)
    __fsym_list_sem_name                     0x080031dd   Data           9  lto-llvm-749bcc.o(.rodata.name)
    __fsym_list_sem_desc                     0x080031e6   Data          25  lto-llvm-749bcc.o(.rodata.name)
    __fsym_list_mempool_name                 0x080031ff   Data          13  lto-llvm-749bcc.o(.rodata.name)
    __fsym_list_mempool_desc                 0x0800320c   Data          27  lto-llvm-749bcc.o(.rodata.name)
    __fsym_list_timer_name                   0x08003227   Data          11  lto-llvm-749bcc.o(.rodata.name)
    __fsym_list_timer_desc                   0x08003232   Data          21  lto-llvm-749bcc.o(.rodata.name)
    __fsym_list_name                         0x08003247   Data           5  lto-llvm-749bcc.o(.rodata.name)
    __fsym_list_desc                         0x0800324c   Data          13  lto-llvm-749bcc.o(.rodata.name)
    __fsym_help_name                         0x08003259   Data           5  lto-llvm-749bcc.o(.rodata.name)
    __fsym_help_desc                         0x0800325e   Data          22  lto-llvm-749bcc.o(.rodata.name)
    __fsym_ps_name                           0x08003274   Data           3  lto-llvm-749bcc.o(.rodata.name)
    __fsym_ps_desc                           0x08003277   Data          28  lto-llvm-749bcc.o(.rodata.name)
    __fsym_free_name                         0x08003293   Data           5  lto-llvm-749bcc.o(.rodata.name)
    __fsym_free_desc                         0x08003298   Data          37  lto-llvm-749bcc.o(.rodata.name)
    __fsym_reboot_name                       0x080032bd   Data           7  lto-llvm-749bcc.o(.rodata.name)
    __fsym_reboot_desc                       0x080032c4   Data          14  lto-llvm-749bcc.o(.rodata.name)
    rt_errno_strs                            0x080032d4   Data          48  lto-llvm-749bcc.o(.rodata.rt_errno_strs)
    [Anonymous Symbol]                       0x080032d4   Section        0  lto-llvm-749bcc.o(.rodata.rt_errno_strs)
    [Anonymous Symbol]                       0x08003304   Section        0  lto-llvm-749bcc.o(.rodata.str1.1)
    __tagsym$$used.12                        0x080035e8   Number         0  lto-llvm-749bcc.o(.rti_fn.0)
    __tagsym$$used.13                        0x080035ec   Number         0  lto-llvm-749bcc.o(.rti_fn.0.end)
    __tagsym$$used.14                        0x080035f0   Number         0  lto-llvm-749bcc.o(.rti_fn.1.end)
    __tagsym$$used.10                        0x080035f4   Number         0  lto-llvm-749bcc.o(.rti_fn.6)
    __tagsym$$used.15                        0x080035f8   Number         0  lto-llvm-749bcc.o(.rti_fn.6.end)
    __tagsym$$used.0                         0x080035fc   Number         0  lto-llvm-749bcc.o(FSymTab)
    __tagsym$$used.1                         0x08003608   Number         0  lto-llvm-749bcc.o(FSymTab)
    __tagsym$$used.2                         0x08003614   Number         0  lto-llvm-749bcc.o(FSymTab)
    __tagsym$$used.3                         0x08003620   Number         0  lto-llvm-749bcc.o(FSymTab)
    __tagsym$$used.4                         0x0800362c   Number         0  lto-llvm-749bcc.o(FSymTab)
    __tagsym$$used.5                         0x08003638   Number         0  lto-llvm-749bcc.o(FSymTab)
    __tagsym$$used.6                         0x08003644   Number         0  lto-llvm-749bcc.o(FSymTab)
    __tagsym$$used.7                         0x08003650   Number         0  lto-llvm-749bcc.o(FSymTab)
    __tagsym$$used.8                         0x0800365c   Number         0  lto-llvm-749bcc.o(FSymTab)
    __tagsym$$used.9                         0x08003668   Number         0  lto-llvm-749bcc.o(FSymTab)
    __tagsym$$used.11                        0x08003674   Number         0  lto-llvm-749bcc.o(FSymTab)
    SystemCoreClock                          0x20000000   Data           4  lto-llvm-749bcc.o(.data.SystemCoreClock)
    [Anonymous Symbol]                       0x20000000   Section        0  lto-llvm-749bcc.o(.data.SystemCoreClock)
    _object_container                        0x20000004   Data          80  lto-llvm-749bcc.o(.data._object_container)
    [Anonymous Symbol]                       0x20000004   Section        0  lto-llvm-749bcc.o(.data._object_container)
    _rt_thread_defunct                       0x20000054   Data           8  lto-llvm-749bcc.o(.data._rt_thread_defunct)
    [Anonymous Symbol]                       0x20000054   Section        0  lto-llvm-749bcc.o(.data._rt_thread_defunct)
    .bss                                     0x20000060   Section       96  libspace.o(.bss)
    uwTickPrio                               0x200000c0   Data           1  lto-llvm-749bcc.o(.bss..L_MergedGlobals)
    [Anonymous Symbol]                       0x200000c0   Section        0  lto-llvm-749bcc.o(.bss..L_MergedGlobals)
    rt_interrupt_nest                        0x200000c1   Data           1  lto-llvm-749bcc.o(.bss..L_MergedGlobals)
    rt_scheduler_lock_nest                   0x200000c2   Data           2  lto-llvm-749bcc.o(.bss..L_MergedGlobals)
    uwTick                                   0x200000c4   Data           4  lto-llvm-749bcc.o(.bss..L_MergedGlobals)
    _syscall_table_begin                     0x200000c8   Data           4  lto-llvm-749bcc.o(.bss..L_MergedGlobals)
    _syscall_table_end                       0x200000cc   Data           4  lto-llvm-749bcc.o(.bss..L_MergedGlobals)
    shell                                    0x200000d0   Data           4  lto-llvm-749bcc.o(.bss..L_MergedGlobals)
    rt_tick                                  0x200000d4   Data           4  lto-llvm-749bcc.o(.bss..L_MergedGlobals)
    system_heap                              0x200000d8   Data           4  lto-llvm-749bcc.o(.bss..L_MergedGlobals)
    rt_thread_ready_priority_group           0x200000dc   Data           4  lto-llvm-749bcc.o(.bss..L_MergedGlobals)
    rt_current_thread                        0x200000e0   Data           4  lto-llvm-749bcc.o(.bss..L_MergedGlobals)
    rt_timer_start.random_nr                 0x200000e4   Data           4  lto-llvm-749bcc.o(.bss..L_MergedGlobals)
    _timer_list                              0x200000e8   Data           8  lto-llvm-749bcc.o(.bss..L_MergedGlobals)
    htim4                                    0x200000f0   Data          72  lto-llvm-749bcc.o(.bss..L_MergedGlobals)
    finsh_get_prompt.finsh_prompt            0x20000138   Data         129  lto-llvm-749bcc.o(.bss.finsh_get_prompt.finsh_prompt)
    [Anonymous Symbol]                       0x20000138   Section        0  lto-llvm-749bcc.o(.bss.finsh_get_prompt.finsh_prompt)
    huart3                                   0x200001bc   Data          72  lto-llvm-749bcc.o(.bss.huart3)
    [Anonymous Symbol]                       0x200001bc   Section        0  lto-llvm-749bcc.o(.bss.huart3)
    idle                                     0x20000204   Data         120  lto-llvm-749bcc.o(.bss.idle)
    [Anonymous Symbol]                       0x20000204   Section        0  lto-llvm-749bcc.o(.bss.idle)
    rt_heap                                  0x2000027c   Data       15360  lto-llvm-749bcc.o(.bss.rt_heap)
    [Anonymous Symbol]                       0x2000027c   Section        0  lto-llvm-749bcc.o(.bss.rt_heap)
    rt_kprintf.rt_log_buf                    0x20003e84   Data         128  lto-llvm-749bcc.o(.bss.rt_kprintf.rt_log_buf)
    [Anonymous Symbol]                       0x20003e84   Section        0  lto-llvm-749bcc.o(.bss.rt_kprintf.rt_log_buf)
    rt_thread_priority_table                 0x20003f04   Data         256  lto-llvm-749bcc.o(.bss.rt_thread_priority_table)
    [Anonymous Symbol]                       0x20003f04   Section        0  lto-llvm-749bcc.o(.bss.rt_thread_priority_table)
    rt_thread_stack                          0x20004004   Data         256  lto-llvm-749bcc.o(.bss.rt_thread_stack)
    [Anonymous Symbol]                       0x20004004   Section        0  lto-llvm-749bcc.o(.bss.rt_thread_stack)
    Heap_Mem                                 0x20004108   Data         512  startup_stm32f103xb.o(HEAP)
    HEAP                                     0x20004108   Section      512  startup_stm32f103xb.o(HEAP)
    Stack_Mem                                0x20004308   Data        1024  startup_stm32f103xb.o(STACK)
    STACK                                    0x20004308   Section     1024  startup_stm32f103xb.o(STACK)
    __initial_sp                             0x20004708   Data           0  startup_stm32f103xb.o(STACK)

    Global Symbols

    Symbol Name                              Value     Ov Type        Size  Object(Section)

    BuildAttributes$$THM_ISAv4$P$D$K$B$S$PE$A:L22UL41UL21$X:L11$S22US41US21$IEEE1$IW$~IW$USESV6$~STKCKD$USESV7$~SHL$OSPACE$ROPI$IEEEF$EBA8$UX$STANDARDLIB$REQ8$PRES8$EABIv2 0x00000000   Number         0  anon$$obj.o ABSOLUTE
    __fp_init_empty                          0x00000000   Number         0  fpinit_empty.o ABSOLUTE
    __ARM_exceptions_init                     - Undefined Weak Reference
    __alloca_initialize                       - Undefined Weak Reference
    __arm_preinit_                            - Undefined Weak Reference
    __arm_relocate_pie_                       - Undefined Weak Reference
    __cpp_initialize__aeabi_                  - Undefined Weak Reference
    __cxa_finalize                            - Undefined Weak Reference
    __sigvec_lookup                           - Undefined Weak Reference
    _atexit_init                              - Undefined Weak Reference
    _call_atexit_fns                          - Undefined Weak Reference
    _clock_init                               - Undefined Weak Reference
    _fp_trap_init                             - Undefined Weak Reference
    _fp_trap_shutdown                         - Undefined Weak Reference
    _get_lc_collate                           - Undefined Weak Reference
    _get_lc_monetary                          - Undefined Weak Reference
    _get_lc_numeric                           - Undefined Weak Reference
    _get_lc_time                              - Undefined Weak Reference
    _getenv_init                              - Undefined Weak Reference
    _handle_redirection                       - Undefined Weak Reference
    _init_alloc                               - Undefined Weak Reference
    _init_user_alloc                          - Undefined Weak Reference
    _initio                                   - Undefined Weak Reference
    _rand_init                                - Undefined Weak Reference
    _signal_finish                            - Undefined Weak Reference
    _signal_init                              - Undefined Weak Reference
    _terminate_alloc                          - Undefined Weak Reference
    _terminate_user_alloc                     - Undefined Weak Reference
    _terminateio                              - Undefined Weak Reference
    __Vectors_Size                           0x000000ec   Number         0  startup_stm32f103xb.o ABSOLUTE
    __Vectors                                0x08000000   Data           4  startup_stm32f103xb.o(RESET)
    __Vectors_End                            0x080000ec   Data           0  startup_stm32f103xb.o(RESET)
    __main                                   0x080000ed   Thumb Code     8  __main.o(!!!main)
    __scatterload                            0x080000f5   Thumb Code     0  __scatter.o(!!!scatter)
    __scatterload_rt2                        0x080000f5   Thumb Code    84  __scatter.o(!!!scatter)
    __scatterload_rt2_thumb_only             0x080000f5   Thumb Code     0  __scatter.o(!!!scatter)
    __scatterload_loop                       0x080000ff   Thumb Code     0  __scatter.o(!!!scatter)
    __scatterload_copy                       0x08000151   Thumb Code    26  __scatter_copy.o(!!handler_copy)
    __scatterload_null                       0x0800016d   Thumb Code     2  __scatter.o(!!handler_null)
    __scatterload_zeroinit                   0x08000171   Thumb Code    28  __scatter_zi.o(!!handler_zi)
    __rt_lib_init                            0x0800018d   Thumb Code     0  libinit.o(.ARM.Collect$$libinit$$00000000)
    __rt_lib_init_alloca_1                   0x0800018f   Thumb Code     0  libinit2.o(.ARM.Collect$$libinit$$00000030)
    __rt_lib_init_argv_1                     0x0800018f   Thumb Code     0  libinit2.o(.ARM.Collect$$libinit$$0000002E)
    __rt_lib_init_atexit_1                   0x0800018f   Thumb Code     0  libinit2.o(.ARM.Collect$$libinit$$0000001D)
    __rt_lib_init_clock_1                    0x0800018f   Thumb Code     0  libinit2.o(.ARM.Collect$$libinit$$00000023)
    __rt_lib_init_cpp_1                      0x0800018f   Thumb Code     0  libinit2.o(.ARM.Collect$$libinit$$00000034)
    __rt_lib_init_exceptions_1               0x0800018f   Thumb Code     0  libinit2.o(.ARM.Collect$$libinit$$00000032)
    __rt_lib_init_fp_1                       0x0800018f   Thumb Code     0  libinit2.o(.ARM.Collect$$libinit$$00000002)
    __rt_lib_init_fp_trap_1                  0x0800018f   Thumb Code     0  libinit2.o(.ARM.Collect$$libinit$$00000021)
    __rt_lib_init_getenv_1                   0x0800018f   Thumb Code     0  libinit2.o(.ARM.Collect$$libinit$$00000025)
    __rt_lib_init_heap_1                     0x0800018f   Thumb Code     0  libinit2.o(.ARM.Collect$$libinit$$0000000C)
    __rt_lib_init_lc_collate_1               0x0800018f   Thumb Code     0  libinit2.o(.ARM.Collect$$libinit$$00000013)
    __rt_lib_init_lc_ctype_1                 0x0800018f   Thumb Code     0  libinit2.o(.ARM.Collect$$libinit$$00000015)
    __rt_lib_init_lc_monetary_1              0x0800018f   Thumb Code     0  libinit2.o(.ARM.Collect$$libinit$$00000017)
    __rt_lib_init_lc_numeric_1               0x0800018f   Thumb Code     0  libinit2.o(.ARM.Collect$$libinit$$00000019)
    __rt_lib_init_lc_time_1                  0x0800018f   Thumb Code     0  libinit2.o(.ARM.Collect$$libinit$$0000001B)
    __rt_lib_init_preinit_1                  0x0800018f   Thumb Code     0  libinit2.o(.ARM.Collect$$libinit$$00000006)
    __rt_lib_init_rand_1                     0x0800018f   Thumb Code     0  libinit2.o(.ARM.Collect$$libinit$$00000010)
    __rt_lib_init_relocate_pie_1             0x0800018f   Thumb Code     0  libinit2.o(.ARM.Collect$$libinit$$00000004)
    __rt_lib_init_return                     0x0800018f   Thumb Code     0  libinit2.o(.ARM.Collect$$libinit$$00000035)
    __rt_lib_init_signal_1                   0x0800018f   Thumb Code     0  libinit2.o(.ARM.Collect$$libinit$$0000001F)
    __rt_lib_init_stdio_1                    0x0800018f   Thumb Code     0  libinit2.o(.ARM.Collect$$libinit$$00000027)
    __rt_lib_init_user_alloc_1               0x0800018f   Thumb Code     0  libinit2.o(.ARM.Collect$$libinit$$0000000E)
    __rt_lib_shutdown                        0x08000191   Thumb Code     0  libshutdown.o(.ARM.Collect$$libshutdown$$00000000)
    __rt_lib_shutdown_cpp_1                  0x08000193   Thumb Code     0  libshutdown2.o(.ARM.Collect$$libshutdown$$00000002)
    __rt_lib_shutdown_fp_trap_1              0x08000193   Thumb Code     0  libshutdown2.o(.ARM.Collect$$libshutdown$$00000007)
    __rt_lib_shutdown_heap_1                 0x08000193   Thumb Code     0  libshutdown2.o(.ARM.Collect$$libshutdown$$0000000F)
    __rt_lib_shutdown_return                 0x08000193   Thumb Code     0  libshutdown2.o(.ARM.Collect$$libshutdown$$00000010)
    __rt_lib_shutdown_signal_1               0x08000193   Thumb Code     0  libshutdown2.o(.ARM.Collect$$libshutdown$$0000000A)
    __rt_lib_shutdown_stdio_1                0x08000193   Thumb Code     0  libshutdown2.o(.ARM.Collect$$libshutdown$$00000004)
    __rt_lib_shutdown_user_alloc_1           0x08000193   Thumb Code     0  libshutdown2.o(.ARM.Collect$$libshutdown$$0000000C)
    __rt_entry                               0x08000195   Thumb Code     0  __rtentry.o(.ARM.Collect$$rtentry$$00000000)
    __rt_entry_presh_1                       0x08000195   Thumb Code     0  __rtentry2.o(.ARM.Collect$$rtentry$$00000002)
    __rt_entry_sh                            0x08000195   Thumb Code     0  __rtentry4.o(.ARM.Collect$$rtentry$$00000004)
    __rt_entry_li                            0x0800019b   Thumb Code     0  __rtentry2.o(.ARM.Collect$$rtentry$$0000000A)
    __rt_entry_postsh_1                      0x0800019b   Thumb Code     0  __rtentry2.o(.ARM.Collect$$rtentry$$00000009)
    __rt_entry_main                          0x0800019f   Thumb Code     0  __rtentry2.o(.ARM.Collect$$rtentry$$0000000D)
    __rt_entry_postli_1                      0x0800019f   Thumb Code     0  __rtentry2.o(.ARM.Collect$$rtentry$$0000000C)
    __rt_exit                                0x080001a7   Thumb Code     0  rtexit.o(.ARM.Collect$$rtexit$$00000000)
    __rt_exit_ls                             0x080001a9   Thumb Code     0  rtexit2.o(.ARM.Collect$$rtexit$$00000003)
    __rt_exit_prels_1                        0x080001a9   Thumb Code     0  rtexit2.o(.ARM.Collect$$rtexit$$00000002)
    __rt_exit_exit                           0x080001ad   Thumb Code     0  rtexit2.o(.ARM.Collect$$rtexit$$00000004)
    Reset_Handler                            0x080001b5   Thumb Code     8  startup_stm32f103xb.o(.text)
    SVC_Handler                              0x080001c7   Thumb Code     2  startup_stm32f103xb.o(.text)
    ADC1_2_IRQHandler                        0x080001cf   Thumb Code     0  startup_stm32f103xb.o(.text)
    CAN1_RX1_IRQHandler                      0x080001cf   Thumb Code     0  startup_stm32f103xb.o(.text)
    CAN1_SCE_IRQHandler                      0x080001cf   Thumb Code     0  startup_stm32f103xb.o(.text)
    DMA1_Channel1_IRQHandler                 0x080001cf   Thumb Code     0  startup_stm32f103xb.o(.text)
    DMA1_Channel2_IRQHandler                 0x080001cf   Thumb Code     0  startup_stm32f103xb.o(.text)
    DMA1_Channel3_IRQHandler                 0x080001cf   Thumb Code     0  startup_stm32f103xb.o(.text)
    DMA1_Channel4_IRQHandler                 0x080001cf   Thumb Code     0  startup_stm32f103xb.o(.text)
    DMA1_Channel5_IRQHandler                 0x080001cf   Thumb Code     0  startup_stm32f103xb.o(.text)
    DMA1_Channel6_IRQHandler                 0x080001cf   Thumb Code     0  startup_stm32f103xb.o(.text)
    DMA1_Channel7_IRQHandler                 0x080001cf   Thumb Code     0  startup_stm32f103xb.o(.text)
    EXTI0_IRQHandler                         0x080001cf   Thumb Code     0  startup_stm32f103xb.o(.text)
    EXTI15_10_IRQHandler                     0x080001cf   Thumb Code     0  startup_stm32f103xb.o(.text)
    EXTI1_IRQHandler                         0x080001cf   Thumb Code     0  startup_stm32f103xb.o(.text)
    EXTI2_IRQHandler                         0x080001cf   Thumb Code     0  startup_stm32f103xb.o(.text)
    EXTI3_IRQHandler                         0x080001cf   Thumb Code     0  startup_stm32f103xb.o(.text)
    EXTI4_IRQHandler                         0x080001cf   Thumb Code     0  startup_stm32f103xb.o(.text)
    EXTI9_5_IRQHandler                       0x080001cf   Thumb Code     0  startup_stm32f103xb.o(.text)
    FLASH_IRQHandler                         0x080001cf   Thumb Code     0  startup_stm32f103xb.o(.text)
    I2C1_ER_IRQHandler                       0x080001cf   Thumb Code     0  startup_stm32f103xb.o(.text)
    I2C1_EV_IRQHandler                       0x080001cf   Thumb Code     0  startup_stm32f103xb.o(.text)
    I2C2_ER_IRQHandler                       0x080001cf   Thumb Code     0  startup_stm32f103xb.o(.text)
    I2C2_EV_IRQHandler                       0x080001cf   Thumb Code     0  startup_stm32f103xb.o(.text)
    PVD_IRQHandler                           0x080001cf   Thumb Code     0  startup_stm32f103xb.o(.text)
    RCC_IRQHandler                           0x080001cf   Thumb Code     0  startup_stm32f103xb.o(.text)
    RTC_Alarm_IRQHandler                     0x080001cf   Thumb Code     0  startup_stm32f103xb.o(.text)
    RTC_IRQHandler                           0x080001cf   Thumb Code     0  startup_stm32f103xb.o(.text)
    SPI1_IRQHandler                          0x080001cf   Thumb Code     0  startup_stm32f103xb.o(.text)
    SPI2_IRQHandler                          0x080001cf   Thumb Code     0  startup_stm32f103xb.o(.text)
    TAMPER_IRQHandler                        0x080001cf   Thumb Code     0  startup_stm32f103xb.o(.text)
    TIM1_BRK_IRQHandler                      0x080001cf   Thumb Code     0  startup_stm32f103xb.o(.text)
    TIM1_CC_IRQHandler                       0x080001cf   Thumb Code     0  startup_stm32f103xb.o(.text)
    TIM1_TRG_COM_IRQHandler                  0x080001cf   Thumb Code     0  startup_stm32f103xb.o(.text)
    TIM1_UP_IRQHandler                       0x080001cf   Thumb Code     0  startup_stm32f103xb.o(.text)
    TIM2_IRQHandler                          0x080001cf   Thumb Code     0  startup_stm32f103xb.o(.text)
    TIM3_IRQHandler                          0x080001cf   Thumb Code     0  startup_stm32f103xb.o(.text)
    USART1_IRQHandler                        0x080001cf   Thumb Code     0  startup_stm32f103xb.o(.text)
    USART2_IRQHandler                        0x080001cf   Thumb Code     0  startup_stm32f103xb.o(.text)
    USART3_IRQHandler                        0x080001cf   Thumb Code     0  startup_stm32f103xb.o(.text)
    USBWakeUp_IRQHandler                     0x080001cf   Thumb Code     0  startup_stm32f103xb.o(.text)
    USB_HP_CAN1_TX_IRQHandler                0x080001cf   Thumb Code     0  startup_stm32f103xb.o(.text)
    USB_LP_CAN1_RX0_IRQHandler               0x080001cf   Thumb Code     0  startup_stm32f103xb.o(.text)
    WWDG_IRQHandler                          0x080001cf   Thumb Code     0  startup_stm32f103xb.o(.text)
    __user_initial_stackheap                 0x080001d1   Thumb Code     0  startup_stm32f103xb.o(.text)
    rt_hw_interrupt_disable                  0x080001f5   Thumb Code     8  context_rvds.o(.text)
    rt_hw_interrupt_enable                   0x080001fd   Thumb Code     6  context_rvds.o(.text)
    rt_hw_context_switch                     0x08000203   Thumb Code    32  context_rvds.o(.text)
    rt_hw_context_switch_interrupt           0x08000203   Thumb Code     0  context_rvds.o(.text)
    PendSV_Handler                           0x08000223   Thumb Code    60  context_rvds.o(.text)
    rt_hw_context_switch_to                  0x0800025f   Thumb Code    64  context_rvds.o(.text)
    rt_hw_interrupt_thread_switch            0x0800029f   Thumb Code     2  context_rvds.o(.text)
    HardFault_Handler                        0x080002a1   Thumb Code    52  context_rvds.o(.text)
    strlen                                   0x080002f1   Thumb Code    62  strlen.o(.text)
    strncmp                                  0x0800032f   Thumb Code   150  strncmp.o(.text)
    strcmp                                   0x080003c5   Thumb Code   128  strcmpv7m.o(.text)
    __use_two_region_memory                  0x08000445   Thumb Code     2  heapauxi.o(.text)
    __rt_heap_escrow$2region                 0x08000447   Thumb Code     2  heapauxi.o(.text)
    __rt_heap_expand$2region                 0x08000449   Thumb Code     2  heapauxi.o(.text)
    __user_libspace                          0x0800044d   Thumb Code     8  libspace.o(.text)
    __user_perproc_libspace                  0x0800044d   Thumb Code     0  libspace.o(.text)
    __user_perthread_libspace                0x0800044d   Thumb Code     0  libspace.o(.text)
    __user_setup_stackheap                   0x08000455   Thumb Code    74  sys_stackheap_outer.o(.text)
    exit                                     0x0800049f   Thumb Code    18  exit.o(.text)
    _sys_exit                                0x080004b1   Thumb Code     8  sys_exit.o(.text)
    __I$use$semihosting                      0x080004bd   Thumb Code     0  use_no_semi.o(.text)
    __use_no_semihosting_swi                 0x080004bd   Thumb Code     2  use_no_semi.o(.text)
    __semihosting_library_function           0x080004bf   Thumb Code     0  indicate_semi.o(.text)
    main                                     0x080004c1   Thumb Code  1068  lto-llvm-749bcc.o(.text.$Sub$$main)
    BusFault_Handler                         0x080009a5   Thumb Code     2  lto-llvm-749bcc.o(.text.BusFault_Handler)
    DebugMon_Handler                         0x080009a7   Thumb Code     2  lto-llvm-749bcc.o(.text.DebugMon_Handler)
    MemManage_Handler                        0x08000d45   Thumb Code     2  lto-llvm-749bcc.o(.text.MemManage_Handler)
    NMI_Handler                              0x08000d47   Thumb Code     2  lto-llvm-749bcc.o(.text.NMI_Handler)
    SysTick_Handler                          0x08000d85   Thumb Code   228  lto-llvm-749bcc.o(.text.SysTick_Handler)
    SystemInit                               0x08000e6d   Thumb Code     2  lto-llvm-749bcc.o(.text.SystemInit)
    TIM4_IRQHandler                          0x08000e71   Thumb Code   168  lto-llvm-749bcc.o(.text.TIM4_IRQHandler)
    UsageFault_Handler                       0x08000fc1   Thumb Code     2  lto-llvm-749bcc.o(.text.UsageFault_Handler)
    $Super$$main                             0x08001fa9   Thumb Code   104  lto-llvm-749bcc.o(.text.main)
    rt_hw_hard_fault_exception               0x08002335   Thumb Code   460  lto-llvm-749bcc.o(.text.rt_hw_hard_fault_exception)
    __rt_init_rti_start                      0x080035e8   Data           4  lto-llvm-749bcc.o(.rti_fn.0)
    __rt_init_rti_board_start                0x080035ec   Data           4  lto-llvm-749bcc.o(.rti_fn.0.end)
    __rt_init_rti_board_end                  0x080035f0   Data           4  lto-llvm-749bcc.o(.rti_fn.1.end)
    __rt_init_finsh_system_init              0x080035f4   Data           4  lto-llvm-749bcc.o(.rti_fn.6)
    __rt_init_rti_end                        0x080035f8   Data           4  lto-llvm-749bcc.o(.rti_fn.6.end)
    FSymTab$$Base                            0x080035fc   Number         0  lto-llvm-749bcc.o(FSymTab)
    __fsym_clear                             0x080035fc   Data          12  lto-llvm-749bcc.o(FSymTab)
    __fsym_version                           0x08003608   Data          12  lto-llvm-749bcc.o(FSymTab)
    __fsym_list_thread                       0x08003614   Data          12  lto-llvm-749bcc.o(FSymTab)
    __fsym_list_sem                          0x08003620   Data          12  lto-llvm-749bcc.o(FSymTab)
    __fsym_list_mempool                      0x0800362c   Data          12  lto-llvm-749bcc.o(FSymTab)
    __fsym_list_timer                        0x08003638   Data          12  lto-llvm-749bcc.o(FSymTab)
    __fsym_list                              0x08003644   Data          12  lto-llvm-749bcc.o(FSymTab)
    __fsym_help                              0x08003650   Data          12  lto-llvm-749bcc.o(FSymTab)
    __fsym_ps                                0x0800365c   Data          12  lto-llvm-749bcc.o(FSymTab)
    __fsym_free                              0x08003668   Data          12  lto-llvm-749bcc.o(FSymTab)
    __fsym_reboot                            0x08003674   Data          12  lto-llvm-749bcc.o(FSymTab)
    FSymTab$$Limit                           0x08003680   Number         0  lto-llvm-749bcc.o(FSymTab)
    Region$$Table$$Base                      0x08003680   Number         0  anon$$obj.o(Region$$Table)
    Region$$Table$$Limit                     0x080036a0   Number         0  anon$$obj.o(Region$$Table)
    __libspace_start                         0x20000060   Data          96  libspace.o(.bss)
    __temporary_stack_top$libspace           0x200000c0   Data           0  libspace.o(.bss)
    rt_interrupt_from_thread                 0x20003e7c   Data           4  lto-llvm-749bcc.o(.bss.rt_interrupt_from_thread)
    rt_interrupt_to_thread                   0x20003e80   Data           4  lto-llvm-749bcc.o(.bss.rt_interrupt_to_thread)
    rt_thread_switch_interrupt_flag          0x20004104   Data           4  lto-llvm-749bcc.o(.bss.rt_thread_switch_interrupt_flag)



==============================================================================

Memory Map of the image

  Image Entry point : 0x080000ed

  Load Region LR_IROM1 (Base: 0x08000000, Size: 0x00003700, Max: 0x00010000, ABSOLUTE)

    Execution Region ER_IROM1 (Exec base: 0x08000000, Load base: 0x08000000, Size: 0x000036a0, Max: 0x00010000, ABSOLUTE)

    Exec Addr    Load Addr    Size         Type   Attr      Idx    E Section Name        Object

    0x08000000   0x08000000   0x000000ec   Data   RO            3    RESET               startup_stm32f103xb.o
    0x080000ec   0x080000ec   0x00000008   Code   RO           76  * !!!main             c_w.l(__main.o)
    0x080000f4   0x080000f4   0x0000005c   Code   RO          447    !!!scatter          c_w.l(__scatter.o)
    0x08000150   0x08000150   0x0000001a   Code   RO          451    !!handler_copy      c_w.l(__scatter_copy.o)
    0x0800016a   0x0800016a   0x00000002   PAD
    0x0800016c   0x0800016c   0x00000002   Code   RO          448    !!handler_null      c_w.l(__scatter.o)
    0x0800016e   0x0800016e   0x00000002   PAD
    0x08000170   0x08000170   0x0000001c   Code   RO          453    !!handler_zi        c_w.l(__scatter_zi.o)
    0x0800018c   0x0800018c   0x00000002   Code   RO          167    .ARM.Collect$$libinit$$00000000  c_w.l(libinit.o)
    0x0800018e   0x0800018e   0x00000000   Code   RO          110    .ARM.Collect$$libinit$$00000002  c_w.l(libinit2.o)
    0x0800018e   0x0800018e   0x00000000   Code   RO          112    .ARM.Collect$$libinit$$00000004  c_w.l(libinit2.o)
    0x0800018e   0x0800018e   0x00000000   Code   RO          114    .ARM.Collect$$libinit$$00000006  c_w.l(libinit2.o)
    0x0800018e   0x0800018e   0x00000000   Code   RO          117    .ARM.Collect$$libinit$$0000000C  c_w.l(libinit2.o)
    0x0800018e   0x0800018e   0x00000000   Code   RO          119    .ARM.Collect$$libinit$$0000000E  c_w.l(libinit2.o)
    0x0800018e   0x0800018e   0x00000000   Code   RO          121    .ARM.Collect$$libinit$$00000010  c_w.l(libinit2.o)
    0x0800018e   0x0800018e   0x00000000   Code   RO          124    .ARM.Collect$$libinit$$00000013  c_w.l(libinit2.o)
    0x0800018e   0x0800018e   0x00000000   Code   RO          126    .ARM.Collect$$libinit$$00000015  c_w.l(libinit2.o)
    0x0800018e   0x0800018e   0x00000000   Code   RO          128    .ARM.Collect$$libinit$$00000017  c_w.l(libinit2.o)
    0x0800018e   0x0800018e   0x00000000   Code   RO          130    .ARM.Collect$$libinit$$00000019  c_w.l(libinit2.o)
    0x0800018e   0x0800018e   0x00000000   Code   RO          132    .ARM.Collect$$libinit$$0000001B  c_w.l(libinit2.o)
    0x0800018e   0x0800018e   0x00000000   Code   RO          134    .ARM.Collect$$libinit$$0000001D  c_w.l(libinit2.o)
    0x0800018e   0x0800018e   0x00000000   Code   RO          136    .ARM.Collect$$libinit$$0000001F  c_w.l(libinit2.o)
    0x0800018e   0x0800018e   0x00000000   Code   RO          138    .ARM.Collect$$libinit$$00000021  c_w.l(libinit2.o)
    0x0800018e   0x0800018e   0x00000000   Code   RO          140    .ARM.Collect$$libinit$$00000023  c_w.l(libinit2.o)
    0x0800018e   0x0800018e   0x00000000   Code   RO          142    .ARM.Collect$$libinit$$00000025  c_w.l(libinit2.o)
    0x0800018e   0x0800018e   0x00000000   Code   RO          144    .ARM.Collect$$libinit$$00000027  c_w.l(libinit2.o)
    0x0800018e   0x0800018e   0x00000000   Code   RO          148    .ARM.Collect$$libinit$$0000002E  c_w.l(libinit2.o)
    0x0800018e   0x0800018e   0x00000000   Code   RO          150    .ARM.Collect$$libinit$$00000030  c_w.l(libinit2.o)
    0x0800018e   0x0800018e   0x00000000   Code   RO          152    .ARM.Collect$$libinit$$00000032  c_w.l(libinit2.o)
    0x0800018e   0x0800018e   0x00000000   Code   RO          154    .ARM.Collect$$libinit$$00000034  c_w.l(libinit2.o)
    0x0800018e   0x0800018e   0x00000002   Code   RO          155    .ARM.Collect$$libinit$$00000035  c_w.l(libinit2.o)
    0x08000190   0x08000190   0x00000002   Code   RO          208    .ARM.Collect$$libshutdown$$00000000  c_w.l(libshutdown.o)
    0x08000192   0x08000192   0x00000000   Code   RO          214    .ARM.Collect$$libshutdown$$00000002  c_w.l(libshutdown2.o)
    0x08000192   0x08000192   0x00000000   Code   RO          216    .ARM.Collect$$libshutdown$$00000004  c_w.l(libshutdown2.o)
    0x08000192   0x08000192   0x00000000   Code   RO          219    .ARM.Collect$$libshutdown$$00000007  c_w.l(libshutdown2.o)
    0x08000192   0x08000192   0x00000000   Code   RO          222    .ARM.Collect$$libshutdown$$0000000A  c_w.l(libshutdown2.o)
    0x08000192   0x08000192   0x00000000   Code   RO          224    .ARM.Collect$$libshutdown$$0000000C  c_w.l(libshutdown2.o)
    0x08000192   0x08000192   0x00000000   Code   RO          227    .ARM.Collect$$libshutdown$$0000000F  c_w.l(libshutdown2.o)
    0x08000192   0x08000192   0x00000002   Code   RO          228    .ARM.Collect$$libshutdown$$00000010  c_w.l(libshutdown2.o)
    0x08000194   0x08000194   0x00000000   Code   RO           78    .ARM.Collect$$rtentry$$00000000  c_w.l(__rtentry.o)
    0x08000194   0x08000194   0x00000000   Code   RO           93    .ARM.Collect$$rtentry$$00000002  c_w.l(__rtentry2.o)
    0x08000194   0x08000194   0x00000006   Code   RO          105    .ARM.Collect$$rtentry$$00000004  c_w.l(__rtentry4.o)
    0x0800019a   0x0800019a   0x00000000   Code   RO           95    .ARM.Collect$$rtentry$$00000009  c_w.l(__rtentry2.o)
    0x0800019a   0x0800019a   0x00000004   Code   RO           96    .ARM.Collect$$rtentry$$0000000A  c_w.l(__rtentry2.o)
    0x0800019e   0x0800019e   0x00000000   Code   RO           98    .ARM.Collect$$rtentry$$0000000C  c_w.l(__rtentry2.o)
    0x0800019e   0x0800019e   0x00000008   Code   RO           99    .ARM.Collect$$rtentry$$0000000D  c_w.l(__rtentry2.o)
    0x080001a6   0x080001a6   0x00000002   Code   RO          170    .ARM.Collect$$rtexit$$00000000  c_w.l(rtexit.o)
    0x080001a8   0x080001a8   0x00000000   Code   RO          181    .ARM.Collect$$rtexit$$00000002  c_w.l(rtexit2.o)
    0x080001a8   0x080001a8   0x00000004   Code   RO          182    .ARM.Collect$$rtexit$$00000003  c_w.l(rtexit2.o)
    0x080001ac   0x080001ac   0x00000006   Code   RO          183    .ARM.Collect$$rtexit$$00000004  c_w.l(rtexit2.o)
    0x080001b2   0x080001b2   0x00000002   PAD
    0x080001b4   0x080001b4   0x00000040   Code   RO            4    .text               startup_stm32f103xb.o
    0x080001f4   0x080001f4   0x000000fc   Code   RO           36    .text               context_rvds.o
    0x080002f0   0x080002f0   0x0000003e   Code   RO           66    .text               c_w.l(strlen.o)
    0x0800032e   0x0800032e   0x00000096   Code   RO           68    .text               c_w.l(strncmp.o)
    0x080003c4   0x080003c4   0x00000080   Code   RO           72    .text               c_w.l(strcmpv7m.o)
    0x08000444   0x08000444   0x00000006   Code   RO           74    .text               c_w.l(heapauxi.o)
    0x0800044a   0x0800044a   0x00000002   PAD
    0x0800044c   0x0800044c   0x00000008   Code   RO           89    .text               c_w.l(libspace.o)
    0x08000454   0x08000454   0x0000004a   Code   RO          156    .text               c_w.l(sys_stackheap_outer.o)
    0x0800049e   0x0800049e   0x00000012   Code   RO          158    .text               c_w.l(exit.o)
    0x080004b0   0x080004b0   0x0000000c   Code   RO          193    .text               c_w.l(sys_exit.o)
    0x080004bc   0x080004bc   0x00000002   Code   RO          197    .text               c_w.l(use_no_semi.o)
    0x080004be   0x080004be   0x00000000   Code   RO          199    .text               c_w.l(indicate_semi.o)
    0x080004be   0x080004be   0x00000002   PAD
    0x080004c0   0x080004c0   0x000004e4   Code   RO          326    .text.$Sub$$main    lto-llvm-749bcc.o
    0x080009a4   0x080009a4   0x00000002   Code   RO          258    .text.BusFault_Handler  lto-llvm-749bcc.o
    0x080009a6   0x080009a6   0x00000002   Code   RO          262    .text.DebugMon_Handler  lto-llvm-749bcc.o
    0x080009a8   0x080009a8   0x0000017c   Code   RO          272    .text.HAL_GPIO_Init  lto-llvm-749bcc.o
    0x08000b24   0x08000b24   0x00000064   Code   RO          268    .text.HAL_Init      lto-llvm-749bcc.o
    0x08000b88   0x08000b88   0x00000120   Code   RO          266    .text.HAL_InitTick  lto-llvm-749bcc.o
    0x08000ca8   0x08000ca8   0x00000024   Code   RO          270    .text.HAL_RCC_GetPCLK1Freq  lto-llvm-749bcc.o
    0x08000ccc   0x08000ccc   0x00000078   Code   RO          274    .text.HAL_UART_Transmit  lto-llvm-749bcc.o
    0x08000d44   0x08000d44   0x00000002   Code   RO          256    .text.MemManage_Handler  lto-llvm-749bcc.o
    0x08000d46   0x08000d46   0x00000002   Code   RO          254    .text.NMI_Handler   lto-llvm-749bcc.o
    0x08000d48   0x08000d48   0x00000014   Code   RO          390    .text.OUTLINED_FUNCTION_0  lto-llvm-749bcc.o
    0x08000d5c   0x08000d5c   0x00000006   Code   RO          392    .text.OUTLINED_FUNCTION_1  lto-llvm-749bcc.o
    0x08000d62   0x08000d62   0x00000008   Code   RO          394    .text.OUTLINED_FUNCTION_2  lto-llvm-749bcc.o
    0x08000d6a   0x08000d6a   0x0000000a   Code   RO          396    .text.OUTLINED_FUNCTION_3  lto-llvm-749bcc.o
    0x08000d74   0x08000d74   0x00000006   Code   RO          398    .text.OUTLINED_FUNCTION_4  lto-llvm-749bcc.o
    0x08000d7a   0x08000d7a   0x0000000a   Code   RO          400    .text.OUTLINED_FUNCTION_5  lto-llvm-749bcc.o
    0x08000d84   0x08000d84   0x000000e8   Code   RO          316    .text.SysTick_Handler  lto-llvm-749bcc.o
    0x08000e6c   0x08000e6c   0x00000002   Code   RO          278    .text.SystemInit    lto-llvm-749bcc.o
    0x08000e6e   0x08000e6e   0x00000002   PAD
    0x08000e70   0x08000e70   0x000000b0   Code   RO          264    .text.TIM4_IRQHandler  lto-llvm-749bcc.o
    0x08000f20   0x08000f20   0x000000a0   Code   RO          276    .text.UART_WaitOnFlagUntilTimeout  lto-llvm-749bcc.o
    0x08000fc0   0x08000fc0   0x00000002   Code   RO          260    .text.UsageFault_Handler  lto-llvm-749bcc.o
    0x08000fc2   0x08000fc2   0x00000002   PAD
    0x08000fc4   0x08000fc4   0x0000004c   Code   RO          362    .text._scheduler_get_highest_priority_thread  lto-llvm-749bcc.o
    0x08001010   0x08001010   0x0000006c   Code   RO          376    .text._thread_exit  lto-llvm-749bcc.o
    0x0800107c   0x0800107c   0x000000a4   Code   RO          374    .text._thread_init  lto-llvm-749bcc.o
    0x08001120   0x08001120   0x00000028   Code   RO          378    .text._thread_timeout  lto-llvm-749bcc.o
    0x08001148   0x08001148   0x00000014   Code   RO          280    .text.clear         lto-llvm-749bcc.o
    0x0800115c   0x0800115c   0x0000007c   Code   RO          304    .text.cmd_free      lto-llvm-749bcc.o
    0x080011d8   0x080011d8   0x000000fc   Code   RO          298    .text.cmd_list      lto-llvm-749bcc.o
    0x080012d4   0x080012d4   0x0000000a   Code   RO          302    .text.cmd_ps        lto-llvm-749bcc.o
    0x080012de   0x080012de   0x00000002   PAD
    0x080012e0   0x080012e0   0x00000038   Code   RO          310    .text.finsh_get_prompt  lto-llvm-749bcc.o
    0x08001318   0x08001318   0x000000ac   Code   RO          306    .text.finsh_system_init  lto-llvm-749bcc.o
    0x080013c4   0x080013c4   0x000005a8   Code   RO          308    .text.finsh_thread_entry  lto-llvm-749bcc.o
    0x0800196c   0x0800196c   0x0000005c   Code   RO          288    .text.list_get_next  lto-llvm-749bcc.o
    0x080019c8   0x080019c8   0x00000158   Code   RO          294    .text.list_mempool  lto-llvm-749bcc.o
    0x08001b20   0x08001b20   0x00000120   Code   RO          290    .text.list_sem      lto-llvm-749bcc.o
    0x08001c40   0x08001c40   0x000001fc   Code   RO          284    .text.list_thread   lto-llvm-749bcc.o
    0x08001e3c   0x08001e3c   0x0000016c   Code   RO          296    .text.list_timer    lto-llvm-749bcc.o
    0x08001fa8   0x08001fa8   0x00000070   Code   RO          252    .text.main          lto-llvm-749bcc.o
    0x08002018   0x08002018   0x00000020   Code   RO          328    .text.main_thread_entry  lto-llvm-749bcc.o
    0x08002038   0x08002038   0x0000005c   Code   RO          300    .text.msh_help      lto-llvm-749bcc.o
    0x08002094   0x08002094   0x0000001c   Code   RO          286    .text.object_split  lto-llvm-749bcc.o
    0x080020b0   0x080020b0   0x0000019c   Code   RO          348    .text.print_number  lto-llvm-749bcc.o
    0x0800224c   0x0800224c   0x00000010   Code   RO          314    .text.reboot        lto-llvm-749bcc.o
    0x0800225c   0x0800225c   0x00000018   Code   RO          370    .text.rt_enter_critical  lto-llvm-749bcc.o
    0x08002274   0x08002274   0x00000034   Code   RO          372    .text.rt_exit_critical  lto-llvm-749bcc.o
    0x080022a8   0x080022a8   0x0000008c   Code   RO          352    .text.rt_free       lto-llvm-749bcc.o
    0x08002334   0x08002334   0x00000304   Code   RO          312    .text.rt_hw_hard_fault_exception  lto-llvm-749bcc.o
    0x08002638   0x08002638   0x00000060   Code   RO          342    .text.rt_kprintf    lto-llvm-749bcc.o
    0x08002698   0x08002698   0x000000d4   Code   RO          338    .text.rt_malloc     lto-llvm-749bcc.o
    0x0800276c   0x0800276c   0x0000002c   Code   RO          334    .text.rt_memmove    lto-llvm-749bcc.o
    0x08002798   0x08002798   0x00000042   Code   RO          332    .text.rt_memset     lto-llvm-749bcc.o
    0x080027da   0x080027da   0x00000026   Code   RO          360    .text.rt_object_delete  lto-llvm-749bcc.o
    0x08002800   0x08002800   0x0000001e   Code   RO          358    .text.rt_object_detach  lto-llvm-749bcc.o
    0x0800281e   0x0800281e   0x00000002   PAD
    0x08002820   0x08002820   0x00000028   Code   RO          354    .text.rt_object_get_information  lto-llvm-749bcc.o
    0x08002848   0x08002848   0x0000004a   Code   RO          356    .text.rt_object_init  lto-llvm-749bcc.o
    0x08002892   0x08002892   0x00000002   PAD
    0x08002894   0x08002894   0x000000b0   Code   RO          366    .text.rt_schedule   lto-llvm-749bcc.o
    0x08002944   0x08002944   0x00000064   Code   RO          368    .text.rt_schedule_insert_thread  lto-llvm-749bcc.o
    0x080029a8   0x080029a8   0x00000048   Code   RO          364    .text.rt_schedule_remove_thread  lto-llvm-749bcc.o
    0x080029f0   0x080029f0   0x000000bc   Code   RO          340    .text.rt_show_version  lto-llvm-749bcc.o
    0x08002aac   0x08002aac   0x00000028   Code   RO          350    .text.rt_sprintf    lto-llvm-749bcc.o
    0x08002ad4   0x08002ad4   0x0000002e   Code   RO          336    .text.rt_strncpy    lto-llvm-749bcc.o
    0x08002b02   0x08002b02   0x00000076   Code   RO          382    .text.rt_thread_create  lto-llvm-749bcc.o
    0x08002b78   0x08002b78   0x00000064   Code   RO          330    .text.rt_thread_idle_entry  lto-llvm-749bcc.o
    0x08002bdc   0x08002bdc   0x00000078   Code   RO          384    .text.rt_thread_mdelay  lto-llvm-749bcc.o
    0x08002c54   0x08002c54   0x00000044   Code   RO          380    .text.rt_thread_startup  lto-llvm-749bcc.o
    0x08002c98   0x08002c98   0x00000088   Code   RO          386    .text.rt_timer_start  lto-llvm-749bcc.o
    0x08002d20   0x08002d20   0x00000034   Code   RO          388    .text.rt_timer_stop  lto-llvm-749bcc.o
    0x08002d54   0x08002d54   0x000002a0   Code   RO          344    .text.rt_vsnprintf  lto-llvm-749bcc.o
    0x08002ff4   0x08002ff4   0x00000004   Code   RO          322    .text.rti_board_end  lto-llvm-749bcc.o
    0x08002ff8   0x08002ff8   0x00000004   Code   RO          320    .text.rti_board_start  lto-llvm-749bcc.o
    0x08002ffc   0x08002ffc   0x00000004   Code   RO          324    .text.rti_end       lto-llvm-749bcc.o
    0x08003000   0x08003000   0x00000004   Code   RO          318    .text.rti_start     lto-llvm-749bcc.o
    0x08003004   0x08003004   0x00000038   Code   RO          292    .text.show_wait_queue  lto-llvm-749bcc.o
    0x0800303c   0x0800303c   0x00000024   Code   RO          346    .text.skip_atoi     lto-llvm-749bcc.o
    0x08003060   0x08003060   0x0000000a   Code   RO          282    .text.version       lto-llvm-749bcc.o
    0x0800306a   0x0800306a   0x00000100   Data   RO          434    .rodata.__lowest_bit_bitmap  lto-llvm-749bcc.o
    0x0800316a   0x0800316a   0x00000010   Data   RO          404    .rodata.cst16       lto-llvm-749bcc.o
    0x0800317a   0x0800317a   0x00000158   Data   RO          405    .rodata.name        lto-llvm-749bcc.o
    0x080032d2   0x080032d2   0x00000002   PAD
    0x080032d4   0x080032d4   0x00000030   Data   RO          432    .rodata.rt_errno_strs  lto-llvm-749bcc.o
    0x08003304   0x08003304   0x000002e4   Data   RO          408    .rodata.str1.1      lto-llvm-749bcc.o
    0x080035e8   0x080035e8   0x00000004   Data   RO          425    .rti_fn.0           lto-llvm-749bcc.o
    0x080035ec   0x080035ec   0x00000004   Data   RO          426    .rti_fn.0.end       lto-llvm-749bcc.o
    0x080035f0   0x080035f0   0x00000004   Data   RO          427    .rti_fn.1.end       lto-llvm-749bcc.o
    0x080035f4   0x080035f4   0x00000004   Data   RO          418    .rti_fn.6           lto-llvm-749bcc.o
    0x080035f8   0x080035f8   0x00000004   Data   RO          428    .rti_fn.6.end       lto-llvm-749bcc.o
    0x080035fc   0x080035fc   0x0000000c   Data   RO          406    FSymTab             lto-llvm-749bcc.o
    0x08003608   0x08003608   0x0000000c   Data   RO          407    FSymTab             lto-llvm-749bcc.o
    0x08003614   0x08003614   0x0000000c   Data   RO          409    FSymTab             lto-llvm-749bcc.o
    0x08003620   0x08003620   0x0000000c   Data   RO          410    FSymTab             lto-llvm-749bcc.o
    0x0800362c   0x0800362c   0x0000000c   Data   RO          411    FSymTab             lto-llvm-749bcc.o
    0x08003638   0x08003638   0x0000000c   Data   RO          412    FSymTab             lto-llvm-749bcc.o
    0x08003644   0x08003644   0x0000000c   Data   RO          413    FSymTab             lto-llvm-749bcc.o
    0x08003650   0x08003650   0x0000000c   Data   RO          414    FSymTab             lto-llvm-749bcc.o
    0x0800365c   0x0800365c   0x0000000c   Data   RO          415    FSymTab             lto-llvm-749bcc.o
    0x08003668   0x08003668   0x0000000c   Data   RO          416    FSymTab             lto-llvm-749bcc.o
    0x08003674   0x08003674   0x0000000c   Data   RO          423    FSymTab             lto-llvm-749bcc.o
    0x08003680   0x08003680   0x00000020   Data   RO          446    Region$$Table       anon$$obj.o


    Execution Region RW_IRAM1 (Exec base: 0x20000000, Load base: 0x080036a0, Size: 0x00004708, Max: 0x00005000, ABSOLUTE)

    Exec Addr    Load Addr    Size         Type   Attr      Idx    E Section Name        Object

    0x20000000   0x080036a0   0x00000004   Data   RW          403    .data.SystemCoreClock  lto-llvm-749bcc.o
    0x20000004   0x080036a4   0x00000050   Data   RW          435    .data._object_container  lto-llvm-749bcc.o
    0x20000054   0x080036f4   0x00000008   Data   RW          429    .data._rt_thread_defunct  lto-llvm-749bcc.o
    0x2000005c   0x080036fc   0x00000004   PAD
    0x20000060        -       0x00000060   Zero   RW           90    .bss                c_w.l(libspace.o)
    0x200000c0        -       0x00000078   Zero   RW          437    .bss..L_MergedGlobals  lto-llvm-749bcc.o
    0x20000138        -       0x00000081   Zero   RW          417    .bss.finsh_get_prompt.finsh_prompt  lto-llvm-749bcc.o
    0x200001b9   0x080036fc   0x00000003   PAD
    0x200001bc        -       0x00000048   Zero   RW          424    .bss.huart3         lto-llvm-749bcc.o
    0x20000204        -       0x00000078   Zero   RW          430    .bss.idle           lto-llvm-749bcc.o
    0x2000027c        -       0x00003c00   Zero   RW          422    .bss.rt_heap        lto-llvm-749bcc.o
    0x20003e7c        -       0x00000004   Zero   RW          419    .bss.rt_interrupt_from_thread  lto-llvm-749bcc.o
    0x20003e80        -       0x00000004   Zero   RW          420    .bss.rt_interrupt_to_thread  lto-llvm-749bcc.o
    0x20003e84        -       0x00000080   Zero   RW          433    .bss.rt_kprintf.rt_log_buf  lto-llvm-749bcc.o
    0x20003f04        -       0x00000100   Zero   RW          436    .bss.rt_thread_priority_table  lto-llvm-749bcc.o
    0x20004004        -       0x00000100   Zero   RW          431    .bss.rt_thread_stack  lto-llvm-749bcc.o
    0x20004104        -       0x00000004   Zero   RW          421    .bss.rt_thread_switch_interrupt_flag  lto-llvm-749bcc.o
    0x20004108        -       0x00000200   Zero   RW            2    HEAP                startup_stm32f103xb.o
    0x20004308        -       0x00000400   Zero   RW            1    STACK               startup_stm32f103xb.o


==============================================================================

Image component sizes


      Code (inc. data)   RO Data    RW Data    ZI Data      Debug   Object Name

       252         28          0          0          0        840   context_rvds.o
     11168       1958       1556         92      16453      96625   lto-llvm-749bcc.o
        64         26        236          0       1536        788   startup_stm32f103xb.o

    ----------------------------------------------------------------------
     11494       2012       1826         92      17996      98253   Object Totals
         0          0         32          0          0          0   (incl. Generated)
        10          0          2          0          7          0   (incl. Padding)

    ----------------------------------------------------------------------

      Code (inc. data)   RO Data    RW Data    ZI Data      Debug   Library Member Name

         8          0          0          0          0         68   __main.o
         0          0          0          0          0          0   __rtentry.o
        12          0          0          0          0          0   __rtentry2.o
         6          0          0          0          0          0   __rtentry4.o
        94          8          0          0          0          0   __scatter.o
        26          0          0          0          0          0   __scatter_copy.o
        28          0          0          0          0          0   __scatter_zi.o
        18          0          0          0          0         80   exit.o
         6          0          0          0          0        152   heapauxi.o
         0          0          0          0          0          0   indicate_semi.o
         2          0          0          0          0          0   libinit.o
         2          0          0          0          0          0   libinit2.o
         2          0          0          0          0          0   libshutdown.o
         2          0          0          0          0          0   libshutdown2.o
         8          4          0          0         96         68   libspace.o
         2          0          0          0          0          0   rtexit.o
        10          0          0          0          0          0   rtexit2.o
       128          0          0          0          0         68   strcmpv7m.o
        62          0          0          0          0         76   strlen.o
       150          0          0          0          0         80   strncmp.o
        12          4          0          0          0         68   sys_exit.o
        74          0          0          0          0         80   sys_stackheap_outer.o
         2          0          0          0          0         68   use_no_semi.o

    ----------------------------------------------------------------------
       664         16          0          0         96        808   Library Totals
        10          0          0          0          0          0   (incl. Padding)

    ----------------------------------------------------------------------

      Code (inc. data)   RO Data    RW Data    ZI Data      Debug   Library Name

       654         16          0          0         96        808   c_w.l

    ----------------------------------------------------------------------
       664         16          0          0         96        808   Library Totals

    ----------------------------------------------------------------------

==============================================================================


      Code (inc. data)   RO Data    RW Data    ZI Data      Debug   

     12158       2028       1826         92      18092      98813   Grand Totals
     12158       2028       1826         92      18092      98813   ELF Image Totals
     12158       2028       1826         92          0          0   ROM Totals

==============================================================================

    Total RO  Size (Code + RO Data)                13984 (  13.66kB)
    Total RW  Size (RW Data + ZI Data)             18184 (  17.76kB)
    Total ROM Size (Code + RO Data + RW Data)      14076 (  13.75kB)

==============================================================================

