<html>
<body>
<pre>
<h1>µVision Build Log</h1>
<h2>Tool Versions:</h2>
IDE-Version: ¦ÌVision V5.39.0.0
Copyright (C) 2023 ARM Ltd and ARM Germany GmbH. All rights reserved.
License Information: 1 3125497423@qq.com, 1, LIC=ZB4EI-TT5VM-TGU7T-RKW2R-DMA3Q-69905
 
Tool Versions:
Toolchain:       MDK-ARM Plus  Version: 5.39.0.0
Toolchain Path:  C:\Keil_v5\ARM\ARMCLANG\Bin
C Compiler:      ArmClang.exe V6.21
Assembler:       Armasm.exe V6.21
Linker/Locator:  ArmLink.exe V6.21
Library Manager: ArmAr.exe V6.21
Hex Converter:   FromElf.exe V6.21
CPU DLL:         SARMCM3.DLL V5.39.0.0
Dialog DLL:      DCM.DLL V1.17.5.0
Target DLL:      STLink\ST-LINKIII-KEIL_SWO.dll V3.2.0.0
Dialog DLL:      TCM.DLL V1.56.4.0
 
<h2>Project:</h2>
d:\edgedownload\stm32f103c8t6_znjj\MDK-ARM\stm32f103c8t6_znjj.uvprojx
Project File Date:  05/15/2026

<h2>Output:</h2>
*** Using Compiler 'V6.21', folder: 'C:\Keil_v5\ARM\ARMCLANG\Bin'
Build target 'stm32f103c8t6_znjj'
compiling adc.c...
compiling stm32f1xx_it.c...
compiling stm32f1xx_hal_timebase_tim.c...
compiling main.c...
compiling usart.c...
compiling stm32f1xx_hal_msp.c...
compiling stm32f1xx_hal_gpio_ex.c...
compiling gpio.c...
compiling stm32f1xx_hal_rcc_ex.c...
compiling stm32f1xx_hal_gpio.c...
compiling stm32f1xx_hal.c...
compiling stm32f1xx_hal_adc.c...
compiling stm32f1xx_hal_adc_ex.c...
compiling stm32f1xx_hal_rcc.c...
compiling stm32f1xx_hal_dma.c...
compiling stm32f1xx_hal_tim_ex.c...
compiling stm32f1xx_hal_pwr.c...
compiling stm32f1xx_hal_flash.c...
compiling stm32f1xx_hal_cortex.c...
compiling stm32f1xx_hal_exti.c...
compiling stm32f1xx_hal_flash_ex.c...
compiling system_stm32f1xx.c...
compiling stm32f1xx_hal_tim.c...
compiling md5.c...
compiling oled.c...
compiling esp8266_init.c...
compiling stm32f1xx_hal_uart.c...
compiling platform_uart_stm32_impl.c...
compiling dht11.c...
compiling platform_mqtt_esp8266_impl.c...
compiling light_sensor.c...
compiling esp8266_test.c...
compiling cmd.c...
compiling platform_wifi_esp8266_impl.c...
compiling cJSON.c...
compiling msh_file.c...
compiling msh.c...
compiling msh_parse.c...
compiling cpuport.c...
compiling shell.c...
compiling components.c...
compiling board.c...
compiling clock.c...
compiling idle.c...
compiling cpu.c...
compiling irq.c...
compiling ipc.c...
compiling memheap.c...
compiling mempool.c...
compiling mem.c...
compiling signal.c...
compiling scheduler.c...
compiling object.c...
compiling slab.c...
compiling kservice.c...
compiling thread.c...
compiling timer.c...
linking...
Program Size: Code=39738 RO-data=10590 RW-data=112 ZI-data=15672  
FromELF: creating hex file...
"stm32f103c8t6_znjj\stm32f103c8t6_znjj.axf" - 0 Error(s), 0 Warning(s).

<h2>Software Packages used:</h2>

Package Vendor: ARM
                https://www.keil.com/pack/ARM.CMSIS.6.1.0.pack
                ARM::CMSIS@6.1.0
                CMSIS (Common Microcontroller Software Interface Standard)
   * Component: CORE Version: 6.1.0

Package Vendor: Keil
                https://www.keil.com/pack/Keil.STM32F1xx_DFP.2.4.1.pack
                Keil::STM32F1xx_DFP@2.4.1
                STMicroelectronics STM32F1 Series Device Support, Drivers and Examples

<h2>Collection of Component include folders:</h2>
  ./RTE/_stm32f103c8t6_znjj
  C:/Users/31254/AppData/Local/Arm/Packs/ARM/CMSIS/6.1.0/CMSIS/Core/Include
  C:/Users/31254/AppData/Local/Arm/Packs/Keil/STM32F1xx_DFP/2.4.1/Device/Include

<h2>Collection of Component Files used:</h2>

   * Component: ARM::CMSIS:CORE@6.1.0
      Include file:  CMSIS/Core/Include/tz_context.h
Build Time Elapsed:  00:00:03
</pre>
</body>
</html>
