*** Using Compiler 'V6.21', folder: 'C:\Keil_v5\ARM\ARMCLANG\Bin'
Rebuild target 'stm32f103c8t6_znjj'
assembling startup_stm32f103xb.s...
compiling stm32f1xx_hal_tim_ex.c...
compiling stm32f1xx_hal_msp.c...
compiling stm32f1xx_hal_timebase_tim.c...
compiling stm32f1xx_hal_rcc_ex.c...
compiling stm32f1xx_hal_adc_ex.c...
compiling gpio.c...
compiling stm32f1xx_hal.c...
compiling main.c...
compiling adc.c...
compiling stm32f1xx_hal_gpio_ex.c...
compiling stm32f1xx_hal_cortex.c...
compiling usart.c...
compiling stm32f1xx_hal_gpio.c...
compiling stm32f1xx_it.c...
compiling stm32f1xx_hal_adc.c...
compiling stm32f1xx_hal_pwr.c...
compiling stm32f1xx_hal_dma.c...
compiling stm32f1xx_hal_rcc.c...
compiling stm32f1xx_hal_flash_ex.c...
compiling stm32f1xx_hal_flash.c...
compiling stm32f1xx_hal_exti.c...
compiling stm32f1xx_hal_tim.c...
compiling system_stm32f1xx.c...
compiling oled.c...
compiling md5.c...
compiling stm32f1xx_hal_uart.c...
compiling platform_mqtt_esp8266_impl.c...
compiling cJSON.c...
compiling esp8266_init.c...
compiling platform_uart_stm32_impl.c...
compiling onenet_cmd.c...
compiling platform_wifi_esp8266_impl.c...
compiling mqtt_worker.c...
compiling onenet_kv.c...
compiling light_sensor.c...
compiling esp8266_test.c...
compiling dht11.c...
compiling pir_sensor.c...
compiling relay.c...
compiling mq2.c...
compiling buzzer.c...
compiling msh_parse.c...
compiling cmd.c...
compiling msh_file.c...
compiling msh.c...
compiling shell.c...
compiling cpuport.c...
compiling clock.c...
assembling context_rvds.S...
compiling board.c...
compiling components.c...
compiling cpu.c...
compiling idle.c...
compiling irq.c...
compiling ipc.c...
compiling mem.c...
compiling memheap.c...
compiling kservice.c...
compiling mempool.c...
compiling object.c...
compiling scheduler.c...
compiling signal.c...
compiling slab.c...
compiling thread.c...
compiling timer.c...
linking...
Program Size: Code=43912 RO-data=11264 RW-data=148 ZI-data=18348  
FromELF: creating hex file...
"stm32f103c8t6_znjj\stm32f103c8t6_znjj.axf" - 0 Error(s), 0 Warning(s).
Build Time Elapsed:  00:00:05
